Archive member included to satisfy reference by file (symbol)

source/libsource.a(Horloge.c.obj)
                              CMakeFiles/src.dir/main.c.obj (Horloge)
lib/LCD/libLCD.a(LCD_1in28.c.obj)
                              source/libsource.a(Horloge.c.obj) (LCD_1IN28)
lib/GUI/libGUI.a(GUI_Paint.c.obj)
                              source/libsource.a(Horloge.c.obj) (Paint_NewImage)
lib/Config/libConfig.a(DEV_Config.c.obj)
                              source/libsource.a(Horloge.c.obj) (DEV_Delay_ms)
/Applications/ArmGNUToolchain/13.2.Rel1/arm-none-eabi/bin/../lib/gcc/arm-none-eabi/13.2.1/thumb/v6-m/nofp/libgcc.a(_dvmd_tls.o)
                              CMakeFiles/src.dir/Users/paulbaudinot/pico/pico-sdk/src/rp2_common/pico_divider/divider.S.obj (__aeabi_idiv0)
/Applications/ArmGNUToolchain/13.2.Rel1/arm-none-eabi/bin/../lib/gcc/arm-none-eabi/13.2.1/../../../../arm-none-eabi/lib/thumb/v6-m/nofp/libg.a(libc_a-calloc.o)
                              CMakeFiles/src.dir/Users/paulbaudinot/pico/pico-sdk/src/rp2_common/pico_malloc/pico_malloc.c.obj (calloc)
/Applications/ArmGNUToolchain/13.2.Rel1/arm-none-eabi/bin/../lib/gcc/arm-none-eabi/13.2.1/../../../../arm-none-eabi/lib/thumb/v6-m/nofp/libg.a(libc_a-callocr.o)
                              /Applications/ArmGNUToolchain/13.2.Rel1/arm-none-eabi/bin/../lib/gcc/arm-none-eabi/13.2.1/../../../../arm-none-eabi/lib/thumb/v6-m/nofp/libg.a(libc_a-calloc.o) (_calloc_r)
/Applications/ArmGNUToolchain/13.2.Rel1/arm-none-eabi/bin/../lib/gcc/arm-none-eabi/13.2.1/../../../../arm-none-eabi/lib/thumb/v6-m/nofp/libg.a(libc_a-malloc.o)
                              CMakeFiles/src.dir/Users/paulbaudinot/pico/pico-sdk/src/rp2_common/pico_malloc/pico_malloc.c.obj (malloc)
/Applications/ArmGNUToolchain/13.2.Rel1/arm-none-eabi/bin/../lib/gcc/arm-none-eabi/13.2.1/../../../../arm-none-eabi/lib/thumb/v6-m/nofp/libg.a(libc_a-mallocr.o)
                              /Applications/ArmGNUToolchain/13.2.Rel1/arm-none-eabi/bin/../lib/gcc/arm-none-eabi/13.2.1/../../../../arm-none-eabi/lib/thumb/v6-m/nofp/libg.a(libc_a-callocr.o) (_malloc_r)
/Applications/ArmGNUToolchain/13.2.Rel1/arm-none-eabi/bin/../lib/gcc/arm-none-eabi/13.2.1/../../../../arm-none-eabi/lib/thumb/v6-m/nofp/libg.a(libc_a-mlock.o)
                              /Applications/ArmGNUToolchain/13.2.Rel1/arm-none-eabi/bin/../lib/gcc/arm-none-eabi/13.2.1/../../../../arm-none-eabi/lib/thumb/v6-m/nofp/libg.a(libc_a-mallocr.o) (__malloc_lock)
/Applications/ArmGNUToolchain/13.2.Rel1/arm-none-eabi/bin/../lib/gcc/arm-none-eabi/13.2.1/../../../../arm-none-eabi/lib/thumb/v6-m/nofp/libg.a(libc_a-realloc.o)
                              CMakeFiles/src.dir/Users/paulbaudinot/pico/pico-sdk/src/rp2_common/pico_malloc/pico_malloc.c.obj (realloc)
/Applications/ArmGNUToolchain/13.2.Rel1/arm-none-eabi/bin/../lib/gcc/arm-none-eabi/13.2.1/../../../../arm-none-eabi/lib/thumb/v6-m/nofp/libg.a(libc_a-reallocr.o)
                              /Applications/ArmGNUToolchain/13.2.Rel1/arm-none-eabi/bin/../lib/gcc/arm-none-eabi/13.2.1/../../../../arm-none-eabi/lib/thumb/v6-m/nofp/libg.a(libc_a-realloc.o) (_realloc_r)
/Applications/ArmGNUToolchain/13.2.Rel1/arm-none-eabi/bin/../lib/gcc/arm-none-eabi/13.2.1/../../../../arm-none-eabi/lib/thumb/v6-m/nofp/libg.a(libc_a-memmove.o)
                              /Applications/ArmGNUToolchain/13.2.Rel1/arm-none-eabi/bin/../lib/gcc/arm-none-eabi/13.2.1/../../../../arm-none-eabi/lib/thumb/v6-m/nofp/libg.a(libc_a-reallocr.o) (memmove)
/Applications/ArmGNUToolchain/13.2.Rel1/arm-none-eabi/bin/../lib/gcc/arm-none-eabi/13.2.1/../../../../arm-none-eabi/lib/thumb/v6-m/nofp/libg.a(libc_a-impure.o)
                              /Applications/ArmGNUToolchain/13.2.Rel1/arm-none-eabi/bin/../lib/gcc/arm-none-eabi/13.2.1/../../../../arm-none-eabi/lib/thumb/v6-m/nofp/libg.a(libc_a-calloc.o) (_impure_ptr)
/Applications/ArmGNUToolchain/13.2.Rel1/arm-none-eabi/bin/../lib/gcc/arm-none-eabi/13.2.1/../../../../arm-none-eabi/lib/thumb/v6-m/nofp/libg.a(libc_a-sbrkr.o)
                              /Applications/ArmGNUToolchain/13.2.Rel1/arm-none-eabi/bin/../lib/gcc/arm-none-eabi/13.2.1/../../../../arm-none-eabi/lib/thumb/v6-m/nofp/libg.a(libc_a-mallocr.o) (_sbrk_r)
/Applications/ArmGNUToolchain/13.2.Rel1/arm-none-eabi/bin/../lib/gcc/arm-none-eabi/13.2.1/../../../../arm-none-eabi/lib/thumb/v6-m/nofp/libg.a(libc_a-errno.o)
                              /Applications/ArmGNUToolchain/13.2.Rel1/arm-none-eabi/bin/../lib/gcc/arm-none-eabi/13.2.1/../../../../arm-none-eabi/lib/thumb/v6-m/nofp/libg.a(libc_a-callocr.o) (__errno)
/Applications/ArmGNUToolchain/13.2.Rel1/arm-none-eabi/bin/../lib/gcc/arm-none-eabi/13.2.1/../../../../arm-none-eabi/lib/thumb/v6-m/nofp/libg.a(libc_a-sysconf.o)
                              /Applications/ArmGNUToolchain/13.2.Rel1/arm-none-eabi/bin/../lib/gcc/arm-none-eabi/13.2.1/../../../../arm-none-eabi/lib/thumb/v6-m/nofp/libg.a(libc_a-mallocr.o) (sysconf)
[...]
Memory Configuration

Name             Origin             Length             Attributes
FLASH            0x10000000         0x00200000         xr
RAM              0x20000000         0x00040000         xrw
SCRATCH_X        0x20040000         0x00001000         xrw
SCRATCH_Y        0x20041000         0x00001000         xrw
*default*        0x00000000         0xffffffff

Linker script and memory map

LOAD /Applications/ArmGNUToolchain/13.2.Rel1/arm-none-eabi/bin/../lib/gcc/arm-none-eabi/13.2.1/thumb/v6-m/nofp/crti.o
LOAD /Applications/ArmGNUToolchain/13.2.Rel1/arm-none-eabi/bin/../lib/gcc/arm-none-eabi/13.2.1/thumb/v6-m/nofp/crtbegin.o
LOAD /Applications/ArmGNUToolchain/13.2.Rel1/arm-none-eabi/bin/../lib/gcc/arm-none-eabi/13.2.1/../../../../arm-none-eabi/lib/thumb/v6-m/nofp/crt0.o

.flash_begin    0x10000000        0x0
                0x10000000                        __flash_binary_start = .

.boot2          0x10000000      0x100
                0x10000000                        __boot2_start__ = .
 *(.boot2)
 .boot2         0x10000000      0x100 /var/folders/jj/ry83w8qs65145wyhl5x322rw0000gn/T//ccnlxfTS.o
                0x10000100                        __boot2_end__ = .
                0x00000001                        ASSERT (((__boot2_end__ - __boot2_start__) == 0x100), ERROR: Pico second stage bootloader must be 256 bytes in size)

.text           0x10000100     0x9010
                0x10000100                        __logical_binary_start = .
 *(.vectors)
 .vectors       0x10000100       0xd4 CMakeFiles/src.dir/Users/paulbaudinot/pico/pico-sdk/src/rp2_common/pico_standard_link/crt0.S.obj
                0x10000100                __VECTOR_TABLE
                0x10000100                __vectors
                0x100001c0                __default_isrs_start
                0x100001c0                isr_invalid
                0x100001c2                isr_nmi
                0x100001c4                isr_hardfault
                0x100001c6                isr_svcall
                0x100001c8                isr_pendsv
                0x100001ca                isr_systick
                0x100001cc                isr_irq28
                0x100001cc                isr_irq19
                0x100001cc                isr_irq0
                0x100001cc                isr_irq6
                0x100001cc                isr_irq22
                0x100001cc                isr_irq17
                0x100001cc                isr_irq14
                0x100001cc                isr_irq2
                0x100001cc                isr_irq10
                0x100001cc                isr_irq8
                0x100001cc                isr_irq24
                0x100001cc                isr_irq1
                0x100001cc                isr_irq7
                0x100001cc                isr_irq21
                0x100001cc                isr_irq20
                0x100001cc                isr_irq15
                0x100001cc                isr_irq25
                0x100001cc                isr_irq4
                0x100001cc                isr_irq16
                0x100001cc                isr_irq29
                0x100001cc                isr_irq26
                0x100001cc                __default_isrs_end
                0x100001cc                isr_irq3
                0x100001cc                isr_irq9
                0x100001cc                __unhandled_user_irq
                0x100001cc                isr_irq13
                0x100001cc                isr_irq27
                0x100001cc                isr_irq31
                0x100001cc                isr_irq5
                0x100001cc                isr_irq11
                0x100001cc                isr_irq23
                0x100001cc                isr_irq18
                0x100001cc                isr_irq30
                0x100001cc                isr_irq12
                0x100001d2                unhandled_user_irq_num_in_r0
 *(.binary_info_header)
 .binary_info_header
                0x100001d4       0x14 CMakeFiles/src.dir/Users/paulbaudinot/pico/pico-sdk/src/rp2_common/pico_standard_link/crt0.S.obj
                0x100001e8                        __binary_info_header_end = .
 *(.reset)
 .reset         0x100001e8       0xa0 CMakeFiles/src.dir/Users/paulbaudinot/pico/pico-sdk/src/rp2_common/pico_standard_link/crt0.S.obj
                0x100001e8                _entry_point
 .reset         0x10000288       0x30 CMakeFiles/src.dir/Users/paulbaudinot/pico/pico-sdk/src/rp2_common/pico_standard_link/binary_info.c.obj
 *(.init)
 .init          0x100002b8        0x4 /Applications/ArmGNUToolchain/13.2.Rel1/arm-none-eabi/bin/../lib/gcc/arm-none-eabi/13.2.1/thumb/v6-m/nofp/crti.o
                0x100002b8                _init
 *(EXCLUDE_FILE(*libm.a: *libc.a:*lib_a-mem*.o *libgcc.a:) .text*)
 .text.register_tm_clones
                0x100002bc       0x28 /Applications/ArmGNUToolchain/13.2.Rel1/arm-none-eabi/bin/../lib/gcc/arm-none-eabi/13.2.1/thumb/v6-m/nofp/crtbegin.o
 .text.frame_dummy
                0x100002e4       0x24 /Applications/ArmGNUToolchain/13.2.Rel1/arm-none-eabi/bin/../lib/gcc/arm-none-eabi/13.2.1/thumb/v6-m/nofp/crtbegin.o
 .text.main     0x10000308        0xa CMakeFiles/src.dir/main.c.obj
                0x10000308                main
 *fill*         0x10000312        0x2 
 .text.gpio_set_function
                0x10000314       0x30 CMakeFiles/src.dir/Users/paulbaudinot/pico/pico-sdk/src/rp2_common/hardware_gpio/gpio.c.obj
                0x10000314                gpio_set_function
 .text.gpio_set_pulls
                0x10000344       0x34 CMakeFiles/src.dir/Users/paulbaudinot/pico/pico-sdk/src/rp2_common/hardware_gpio/gpio.c.obj
                0x10000344                gpio_set_pulls
 .text.gpio_set_input_enabled
                0x10000378       0x30 CMakeFiles/src.dir/Users/paulbaudinot/pico/pico-sdk/src/rp2_common/hardware_gpio/gpio.c.obj
                0x10000378                gpio_set_input_enabled
 .text.gpio_init
                0x100003a8       0x16 CMakeFiles/src.dir/Users/paulbaudinot/pico/pico-sdk/src/rp2_common/hardware_gpio/gpio.c.obj
                0x100003a8                gpio_init
 *fill*         0x100003be        0x2 
 .text.running_on_fpga
                0x100003c0       0x14 CMakeFiles/src.dir/Users/paulbaudinot/pico/pico-sdk/src/rp2_common/pico_platform/platform.c.obj
                0x100003c0                running_on_fpga
 .text.hw_claim_lock
                0x100003d4       0x18 CMakeFiles/src.dir/Users/paulbaudinot/pico/pico-sdk/src/rp2_common/hardware_claim/claim.c.obj
                0x100003d4                hw_claim_lock
 .text.hw_claim_unlock
                0x100003ec       0x14 CMakeFiles/src.dir/Users/paulbaudinot/pico/pico-sdk/src/rp2_common/hardware_claim/claim.c.obj
                0x100003ec                hw_claim_unlock
 .text.hw_claim_or_assert
                0x10000400       0x32 CMakeFiles/src.dir/Users/paulbaudinot/pico/pico-sdk/src/rp2_common/hardware_claim/claim.c.obj
                0x10000400                hw_claim_or_assert
 .text.hw_claim_unused_from_range
                0x10000432       0x50 CMakeFiles/src.dir/Users/paulbaudinot/pico/pico-sdk/src/rp2_common/hardware_claim/claim.c.obj
                0x10000432                hw_claim_unused_from_range
 *fill*         0x10000482        0x2 
 .text.spin_locks_reset
                0x10000484       0x20 CMakeFiles/src.dir/Users/paulbaudinot/pico/pico-sdk/src/rp2_common/hardware_sync/sync.c.obj
                0x10000484                spin_locks_reset
 .text.next_striped_spin_lock_num
                0x100004a4       0x1c CMakeFiles/src.dir/Users/paulbaudinot/pico/pico-sdk/src/rp2_common/hardware_sync/sync.c.obj
                0x100004a4                next_striped_spin_lock_num
 .text.spin_lock_claim_unused
                0x100004c0       0x24 CMakeFiles/src.dir/Users/paulbaudinot/pico/pico-sdk/src/rp2_common/hardware_sync/sync.c.obj
                0x100004c0                spin_lock_claim_unused
 .text.set_raw_irq_handler_and_unlock
                0x100004e4       0x28 CMakeFiles/src.dir/Users/paulbaudinot/pico/pico-sdk/src/rp2_common/hardware_irq/irq.c.obj
 .text.resolve_branch
                0x1000050c       0x30 CMakeFiles/src.dir/Users/paulbaudinot/pico/pico-sdk/src/rp2_common/hardware_irq/irq.c.obj
 .text.make_branch
                0x1000053c       0x48 CMakeFiles/src.dir/Users/paulbaudinot/pico/pico-sdk/src/rp2_common/hardware_irq/irq.c.obj
 .text.insert_branch_and_link
                0x10000584       0x40 CMakeFiles/src.dir/Users/paulbaudinot/pico/pico-sdk/src/rp2_common/hardware_irq/irq.c.obj
 .text.irq_is_enabled
                0x100005c4       0x18 CMakeFiles/src.dir/Users/paulbaudinot/pico/pico-sdk/src/rp2_common/hardware_irq/irq.c.obj
                0x100005c4                irq_is_enabled
 .text.irq_set_mask_enabled
                0x100005dc       0x20 CMakeFiles/src.dir/Users/paulbaudinot/pico/pico-sdk/src/rp2_common/hardware_irq/irq.c.obj
                0x100005dc                irq_set_mask_enabled
 .text.irq_set_enabled
                0x100005fc        0xe CMakeFiles/src.dir/Users/paulbaudinot/pico/pico-sdk/src/rp2_common/hardware_irq/irq.c.obj
                0x100005fc                irq_set_enabled
 *fill*         0x1000060a        0x2 
 .text.irq_set_pending
                0x1000060c       0x10 CMakeFiles/src.dir/Users/paulbaudinot/pico/pico-sdk/src/rp2_common/hardware_irq/irq.c.obj
                0x1000060c                irq_set_pending
 .text.irq_get_vtable_handler
                0x1000061c       0x10 CMakeFiles/src.dir/Users/paulbaudinot/pico/pico-sdk/src/rp2_common/hardware_irq/irq.c.obj
                0x1000061c                irq_get_vtable_handler
 .text.irq_has_shared_handler
                0x1000062c       0x24 CMakeFiles/src.dir/Users/paulbaudinot/pico/pico-sdk/src/rp2_common/hardware_irq/irq.c.obj
                0x1000062c                irq_has_shared_handler
 .text.irq_set_exclusive_handler
                0x10000650       0x54 CMakeFiles/src.dir/Users/paulbaudinot/pico/pico-sdk/src/rp2_common/hardware_irq/irq.c.obj
                0x10000650                irq_set_exclusive_handler
 .text.irq_add_shared_handler
                0x100006a4      0x210 CMakeFiles/src.dir/Users/paulbaudinot/pico/pico-sdk/src/rp2_common/hardware_irq/irq.c.obj
                0x100006a4                irq_add_shared_handler
 .text.irq_remove_handler
                0x100008b4      0x188 CMakeFiles/src.dir/Users/paulbaudinot/pico/pico-sdk/src/rp2_common/hardware_irq/irq.c.obj
                0x100008b4                irq_remove_handler
 .text.irq_add_tail_to_free_list
                0x10000a3c       0xf0 CMakeFiles/src.dir/Users/paulbaudinot/pico/pico-sdk/src/rp2_common/hardware_irq/irq.c.obj
                0x10000a3c                irq_add_tail_to_free_list
 .text.irq_init_priorities
                0x10000b2c       0x1c CMakeFiles/src.dir/Users/paulbaudinot/pico/pico-sdk/src/rp2_common/hardware_irq/irq.c.obj
                0x10000b2c                irq_init_priorities
 .text.user_irq_claim_unused
                0x10000b48       0x2c CMakeFiles/src.dir/Users/paulbaudinot/pico/pico-sdk/src/rp2_common/hardware_irq/irq.c.obj
                0x10000b48                user_irq_claim_unused
 .text.lock_init
                0x10000b74       0x10 CMakeFiles/src.dir/Users/paulbaudinot/pico/pico-sdk/src/common/pico_sync/lock_core.c.obj
                0x10000b74                lock_init
 .text.update_us_since_boot
                0x10000b84       0x24 CMakeFiles/src.dir/Users/paulbaudinot/pico/pico-sdk/src/common/pico_sync/mutex.c.obj
 .text.delayed_by_ms
                0x10000ba8       0x44 CMakeFiles/src.dir/Users/paulbaudinot/pico/pico-sdk/src/common/pico_sync/mutex.c.obj
 .text.get_absolute_time
                0x10000bec       0x22 CMakeFiles/src.dir/Users/paulbaudinot/pico/pico-sdk/src/common/pico_sync/mutex.c.obj
 .text.make_timeout_time_ms
                0x10000c0e       0x20 CMakeFiles/src.dir/Users/paulbaudinot/pico/pico-sdk/src/common/pico_sync/mutex.c.obj
 .text.mutex_init
                0x10000c2e       0x1a CMakeFiles/src.dir/Users/paulbaudinot/pico/pico-sdk/src/common/pico_sync/mutex.c.obj
                0x10000c2e                mutex_init
 .text.recursive_mutex_init
                0x10000c48       0x1e CMakeFiles/src.dir/Users/paulbaudinot/pico/pico-sdk/src/common/pico_sync/mutex.c.obj
                0x10000c48                recursive_mutex_init
 *fill*         0x10000c66        0x2 
 .text.critical_section_init_with_lock_num
                0x10000c68       0x14 CMakeFiles/src.dir/Users/paulbaudinot/pico/pico-sdk/src/common/pico_sync/critical_section.c.obj
                0x10000c68                critical_section_init_with_lock_num
 .text.critical_section_init
                0x10000c7c       0x14 CMakeFiles/src.dir/Users/paulbaudinot/pico/pico-sdk/src/common/pico_sync/critical_section.c.obj
                0x10000c7c                critical_section_init
 .text.time_reached
                0x10000c90       0x28 CMakeFiles/src.dir/Users/paulbaudinot/pico/pico-sdk/src/common/pico_time/time.c.obj
 .text.get_entry
                0x10000cb8       0x38 CMakeFiles/src.dir/Users/paulbaudinot/pico/pico-sdk/src/common/pico_time/time.c.obj
 .text.timer_pool_entry_comparator
                0x10000cf0       0x2e CMakeFiles/src.dir/Users/paulbaudinot/pico/pico-sdk/src/common/pico_time/time.c.obj
                0x10000cf0                timer_pool_entry_comparator
 *fill*         0x10000d1e        0x2 
 .text.update_us_since_boot
                0x10000d20       0x24 CMakeFiles/src.dir/Users/paulbaudinot/pico/pico-sdk/src/common/pico_time/time.c.obj
 .text.delayed_by_us
                0x10000d44       0x34 CMakeFiles/src.dir/Users/paulbaudinot/pico/pico-sdk/src/common/pico_time/time.c.obj
 .text.ph_get_node
                0x10000d78       0x30 CMakeFiles/src.dir/Users/paulbaudinot/pico/pico-sdk/src/common/pico_time/time.c.obj
 .text.ph_contains_node
                0x10000da8       0x1e CMakeFiles/src.dir/Users/paulbaudinot/pico/pico-sdk/src/common/pico_time/time.c.obj
 .text.ph_new_node
                0x10000dc6       0x28 CMakeFiles/src.dir/Users/paulbaudinot/pico/pico-sdk/src/common/pico_time/time.c.obj
 *fill*         0x10000dee        0x2 
 .text.ph_add_child_node
                0x10000df0       0x6c CMakeFiles/src.dir/Users/paulbaudinot/pico/pico-sdk/src/common/pico_time/time.c.obj
 .text.ph_merge_nodes
                0x10000e5c       0x3e CMakeFiles/src.dir/Users/paulbaudinot/pico/pico-sdk/src/common/pico_time/time.c.obj
 *fill*         0x10000e9a        0x2 
 .text.ph_insert_node
                0x10000e9c       0x3c CMakeFiles/src.dir/Users/paulbaudinot/pico/pico-sdk/src/common/pico_time/time.c.obj
 .text.ph_free_node
                0x10000ed8       0x5c CMakeFiles/src.dir/Users/paulbaudinot/pico/pico-sdk/src/common/pico_time/time.c.obj
 .text.get_entry_id_high
                0x10000f34       0x30 CMakeFiles/src.dir/Users/paulbaudinot/pico/pico-sdk/src/common/pico_time/time.c.obj
 .text.alarm_pool_post_alloc_init
                0x10000f64       0x40 CMakeFiles/src.dir/Users/paulbaudinot/pico/pico-sdk/src/common/pico_time/time.c.obj
 .text.sleep_until_callback
                0x10000fa4       0x30 CMakeFiles/src.dir/Users/paulbaudinot/pico/pico-sdk/src/common/pico_time/time.c.obj
 .text.get_absolute_time
                0x10000fd4       0x22 CMakeFiles/src.dir/Users/paulbaudinot/pico/pico-sdk/src/common/pico_time/time.c.obj
 .text.make_timeout_time_us
                0x10000ff6       0x24 CMakeFiles/src.dir/Users/paulbaudinot/pico/pico-sdk/src/common/pico_time/time.c.obj
 *fill*         0x1000101a        0x2 
 .text.add_alarm_under_lock
                0x1000101c       0x94 CMakeFiles/src.dir/Users/paulbaudinot/pico/pico-sdk/src/common/pico_time/time.c.obj
 .text.alarm_pool_alarm_callback
                0x100010b0      0x210 CMakeFiles/src.dir/Users/paulbaudinot/pico/pico-sdk/src/common/pico_time/time.c.obj
 .text.alarm_pool_init_default
                0x100012c0       0x40 CMakeFiles/src.dir/Users/paulbaudinot/pico/pico-sdk/src/common/pico_time/time.c.obj
                0x100012c0                alarm_pool_init_default
 .text.alarm_pool_get_default
                0x10001300       0x2c CMakeFiles/src.dir/Users/paulbaudinot/pico/pico-sdk/src/common/pico_time/time.c.obj
                0x10001300                alarm_pool_get_default
 .text.alarm_pool_add_alarm_at
                0x1000132c      0x10e CMakeFiles/src.dir/Users/paulbaudinot/pico/pico-sdk/src/common/pico_time/time.c.obj
                0x1000132c                alarm_pool_add_alarm_at
 .text.add_alarm_at
                0x1000143a       0x2e CMakeFiles/src.dir/Users/paulbaudinot/pico/pico-sdk/src/common/pico_time/time.c.obj
 .text.alarm_pool_cancel_alarm
                0x10001468       0xa8 CMakeFiles/src.dir/Users/paulbaudinot/pico/pico-sdk/src/common/pico_time/time.c.obj
                0x10001468                alarm_pool_cancel_alarm
 .text.cancel_alarm
                0x10001510       0x10 CMakeFiles/src.dir/Users/paulbaudinot/pico/pico-sdk/src/common/pico_time/time.c.obj
 .text.alarm_pool_core_num
                0x10001520        0x4 CMakeFiles/src.dir/Users/paulbaudinot/pico/pico-sdk/src/common/pico_time/time.c.obj
                0x10001520                alarm_pool_core_num
 .text.sleep_until
                0x10001524       0xb0 CMakeFiles/src.dir/Users/paulbaudinot/pico/pico-sdk/src/common/pico_time/time.c.obj
                0x10001524                sleep_until
 .text.sleep_us
                0x100015d4       0x1a CMakeFiles/src.dir/Users/paulbaudinot/pico/pico-sdk/src/common/pico_time/time.c.obj
                0x100015d4                sleep_us
 .text.sleep_ms
                0x100015ee       0x14 CMakeFiles/src.dir/Users/paulbaudinot/pico/pico-sdk/src/common/pico_time/time.c.obj
                0x100015ee                sleep_ms
 *fill*         0x10001602        0x2 
 .text.best_effort_wfe_or_timeout
                0x10001604       0x44 CMakeFiles/src.dir/Users/paulbaudinot/pico/pico-sdk/src/common/pico_time/time.c.obj
                0x10001604                best_effort_wfe_or_timeout
 .text.hardware_alarm_irq_handler
                0x10001648       0x8c CMakeFiles/src.dir/Users/paulbaudinot/pico/pico-sdk/src/rp2_common/hardware_timer/timer.c.obj
 .text.hardware_alarm_claim
                0x100016d4       0x18 CMakeFiles/src.dir/Users/paulbaudinot/pico/pico-sdk/src/rp2_common/hardware_timer/timer.c.obj
                0x100016d4                hardware_alarm_claim
 .text.time_us_64
                0x100016ec       0x18 CMakeFiles/src.dir/Users/paulbaudinot/pico/pico-sdk/src/rp2_common/hardware_timer/timer.c.obj
                0x100016ec                time_us_64
 .text.busy_wait_until
                0x10001704       0x28 CMakeFiles/src.dir/Users/paulbaudinot/pico/pico-sdk/src/rp2_common/hardware_timer/timer.c.obj
                0x10001704                busy_wait_until
 .text.hardware_alarm_set_callback
                0x1000172c       0x90 CMakeFiles/src.dir/Users/paulbaudinot/pico/pico-sdk/src/rp2_common/hardware_timer/timer.c.obj
                0x1000172c                hardware_alarm_set_callback
 .text.hardware_alarm_set_target
                0x100017bc       0xe8 CMakeFiles/src.dir/Users/paulbaudinot/pico/pico-sdk/src/rp2_common/hardware_timer/timer.c.obj
                0x100017bc                hardware_alarm_set_target
 .text.hardware_alarm_cancel
                0x100018a4       0x40 CMakeFiles/src.dir/Users/paulbaudinot/pico/pico-sdk/src/rp2_common/hardware_timer/timer.c.obj
                0x100018a4                hardware_alarm_cancel
 .text.ph_get_node
                0x100018e4       0x30 CMakeFiles/src.dir/Users/paulbaudinot/pico/pico-sdk/src/common/pico_util/pheap.c.obj
 .text.ph_add_child_node
                0x10001914       0x6c CMakeFiles/src.dir/Users/paulbaudinot/pico/pico-sdk/src/common/pico_util/pheap.c.obj
 .text.ph_merge_nodes
                0x10001980       0x3e CMakeFiles/src.dir/Users/paulbaudinot/pico/pico-sdk/src/common/pico_util/pheap.c.obj
 .text.ph_clear
                0x100019be       0x34 CMakeFiles/src.dir/Users/paulbaudinot/pico/pico-sdk/src/common/pico_util/pheap.c.obj
                0x100019be                ph_clear
 .text.ph_post_alloc_init
                0x100019f2        0xe CMakeFiles/src.dir/Users/paulbaudinot/pico/pico-sdk/src/common/pico_util/pheap.c.obj
                0x100019f2                ph_post_alloc_init
 .text.ph_merge_two_pass
                0x10001a00       0x5c CMakeFiles/src.dir/Users/paulbaudinot/pico/pico-sdk/src/common/pico_util/pheap.c.obj
                0x10001a00                ph_merge_two_pass
 .text.ph_remove_any_head
                0x10001a5c       0xc0 CMakeFiles/src.dir/Users/paulbaudinot/pico/pico-sdk/src/common/pico_util/pheap.c.obj
 .text.ph_remove_head
                0x10001b1c       0x14 CMakeFiles/src.dir/Users/paulbaudinot/pico/pico-sdk/src/common/pico_util/pheap.c.obj
                0x10001b1c                ph_remove_head
 .text.ph_remove_and_free_node
                0x10001b30       0xa0 CMakeFiles/src.dir/Users/paulbaudinot/pico/pico-sdk/src/common/pico_util/pheap.c.obj
                0x10001b30                ph_remove_and_free_node
 .text.clock_configure
                0x10001bd0      0x108 CMakeFiles/src.dir/Users/paulbaudinot/pico/pico-sdk/src/rp2_common/hardware_clocks/clocks.c.obj
                0x10001bd0                clock_configure
 .text.clocks_init
                0x10001cd8      0x100 CMakeFiles/src.dir/Users/paulbaudinot/pico/pico-sdk/src/rp2_common/hardware_clocks/clocks.c.obj
                0x10001cd8                clocks_init
 .text.clock_get_hz
                0x10001dd8        0xc CMakeFiles/src.dir/Users/paulbaudinot/pico/pico-sdk/src/rp2_common/hardware_clocks/clocks.c.obj
                0x10001dd8                clock_get_hz
 .text.pll_init
                0x10001de4      0x120 CMakeFiles/src.dir/Users/paulbaudinot/pico/pico-sdk/src/rp2_common/hardware_pll/pll.c.obj
                0x10001de4                pll_init
 .text.watchdog_start_tick
                0x10001f04       0x10 CMakeFiles/src.dir/Users/paulbaudinot/pico/pico-sdk/src/rp2_common/hardware_watchdog/watchdog.c.obj
                0x10001f04                watchdog_start_tick
 .text.watchdog_update
                0x10001f14       0x14 CMakeFiles/src.dir/Users/paulbaudinot/pico/pico-sdk/src/rp2_common/hardware_watchdog/watchdog.c.obj
                0x10001f14                watchdog_update
 .text._watchdog_enable
                0x10001f28       0x78 CMakeFiles/src.dir/Users/paulbaudinot/pico/pico-sdk/src/rp2_common/hardware_watchdog/watchdog.c.obj
                0x10001f28                _watchdog_enable
 .text.watchdog_reboot
                0x10001fa0       0x48 CMakeFiles/src.dir/Users/paulbaudinot/pico/pico-sdk/src/rp2_common/hardware_watchdog/watchdog.c.obj
                0x10001fa0                watchdog_reboot
 .text.xosc_init
                0x10001fe8       0x28 CMakeFiles/src.dir/Users/paulbaudinot/pico/pico-sdk/src/rp2_common/hardware_xosc/xosc.c.obj
                0x10001fe8                xosc_init
 .text._exit    0x10002010        0x4 CMakeFiles/src.dir/Users/paulbaudinot/pico/pico-sdk/src/rp2_common/pico_runtime/runtime.c.obj
                0x10002010                _exit
 .text._sbrk    0x10002014       0x38 CMakeFiles/src.dir/Users/paulbaudinot/pico/pico-sdk/src/rp2_common/pico_runtime/runtime.c.obj
                0x10002014                _sbrk
 .text.exit     0x1000204c        0x6 CMakeFiles/src.dir/Users/paulbaudinot/pico/pico-sdk/src/rp2_common/pico_runtime/runtime.c.obj
                0x1000204c                exit
 *fill*         0x10002052        0x2 
 .text.__assert_func
                0x10002054       0x38 CMakeFiles/src.dir/Users/paulbaudinot/pico/pico-sdk/src/rp2_common/pico_runtime/runtime.c.obj
                0x10002054                __assert_func
 .text.runtime_init
                0x1000208c       0xf8 CMakeFiles/src.dir/Users/paulbaudinot/pico/pico-sdk/src/rp2_common/pico_runtime/runtime.c.obj
                0x1000208c                runtime_init
 .text.panic    0x10002184       0x30 CMakeFiles/src.dir/Users/paulbaudinot/pico/pico-sdk/src/rp2_common/pico_runtime/runtime.c.obj
                0x10002184                panic
 .text._out_null
                0x100021b4        0x2 CMakeFiles/src.dir/Users/paulbaudinot/pico/pico-sdk/src/rp2_common/pico_printf/printf.c.obj
 .text._out_fct
                0x100021b6        0xe CMakeFiles/src.dir/Users/paulbaudinot/pico/pico-sdk/src/rp2_common/pico_printf/printf.c.obj
 .text._atoi    0x100021c4       0x24 CMakeFiles/src.dir/Users/paulbaudinot/pico/pico-sdk/src/rp2_common/pico_printf/printf.c.obj
 .text._out_rev
                0x100021e8       0xae CMakeFiles/src.dir/Users/paulbaudinot/pico/pico-sdk/src/rp2_common/pico_printf/printf.c.obj
 .text._ntoa_format
                0x10002296      0x110 CMakeFiles/src.dir/Users/paulbaudinot/pico/pico-sdk/src/rp2_common/pico_printf/printf.c.obj
 .text._ntoa_long
                0x100023a6       0xbc CMakeFiles/src.dir/Users/paulbaudinot/pico/pico-sdk/src/rp2_common/pico_printf/printf.c.obj
 .text._ntoa_long_long
                0x10002462      0x10e CMakeFiles/src.dir/Users/paulbaudinot/pico/pico-sdk/src/rp2_common/pico_printf/printf.c.obj
 .text._etoa    0x10002570      0x420 CMakeFiles/src.dir/Users/paulbaudinot/pico/pico-sdk/src/rp2_common/pico_printf/printf.c.obj
 .text._ftoa    0x10002990      0x354 CMakeFiles/src.dir/Users/paulbaudinot/pico/pico-sdk/src/rp2_common/pico_printf/printf.c.obj
 .text._vsnprintf
                0x10002ce4      0x668 CMakeFiles/src.dir/Users/paulbaudinot/pico/pico-sdk/src/rp2_common/pico_printf/printf.c.obj
 .text.vfctprintf
                0x1000334c       0x20 CMakeFiles/src.dir/Users/paulbaudinot/pico/pico-sdk/src/rp2_common/pico_printf/printf.c.obj
                0x1000334c                vfctprintf
 .text          0x1000336c       0x10 CMakeFiles/src.dir/Users/paulbaudinot/pico/pico-sdk/src/rp2_common/pico_bit_ops/bit_ops_aeabi.S.obj
 .text.rom_func_lookup
                0x1000337c       0x10 CMakeFiles/src.dir/Users/paulbaudinot/pico/pico-sdk/src/rp2_common/pico_bootrom/bootrom.c.obj
                0x1000337c                rom_func_lookup
 .text.rom_data_lookup
                0x1000338c       0x10 CMakeFiles/src.dir/Users/paulbaudinot/pico/pico-sdk/src/rp2_common/pico_bootrom/bootrom.c.obj
                0x1000338c                rom_data_lookup
 .text.rom_funcs_lookup
                0x1000339c       0x36 CMakeFiles/src.dir/Users/paulbaudinot/pico/pico-sdk/src/rp2_common/pico_bootrom/bootrom.c.obj
                0x1000339c                rom_funcs_lookup
 *fill*         0x100033d2        0x2 
 .text.__wrap___aeabi_idiv
                0x100033d4       0x50 CMakeFiles/src.dir/Users/paulbaudinot/pico/pico-sdk/src/rp2_common/pico_divider/divider.S.obj
                0x100033d4                __wrap___aeabi_idivmod
                0x100033d4                divmod_s32s32
                0x100033d4                div_s32s32
                0x100033d4                __wrap___aeabi_idiv
                0x100033dc                divmod_s32s32_unsafe
                0x10003408                divmod_s32s32_savestate
 .text.__wrap___aeabi_uidiv
                0x10003424       0x4c CMakeFiles/src.dir/Users/paulbaudinot/pico/pico-sdk/src/rp2_common/pico_divider/divider.S.obj
                0x10003424                __wrap___aeabi_uidiv
                0x10003424                __wrap___aeabi_uidivmod
                0x10003424                div_u32u32
                0x10003424                divmod_u32u32
                0x1000342c                divmod_u32u32_unsafe
                0x10003454                divmod_u32u32_savestate
 .text.__wrap___aeabi_ldiv
                0x10003470      0x424 CMakeFiles/src.dir/Users/paulbaudinot/pico/pico-sdk/src/rp2_common/pico_divider/divider.S.obj
                0x10003470                __wrap___aeabi_ldivmod
                0x10003470                div_s64s64
                0x10003470                divmod_s64s64
                0x100034a0                divmod_u64u64
                0x100034a0                div_u64u64
                0x100034a0                __wrap___aeabi_uldivmod
                0x100034b0                divmod_u64u64_savestate
                0x100034d0                divmod_s64s64_unsafe
                0x10003558                divmod_u64u64_unsafe
 .text.push_r8_r11
                0x10003894        0xc CMakeFiles/src.dir/Users/paulbaudinot/pico/pico-sdk/src/rp2_common/pico_double/double_aeabi.S.obj
                0x10003894                push_r8_r11
 .text.pop_r8_r11
                0x100038a0        0xc CMakeFiles/src.dir/Users/paulbaudinot/pico/pico-sdk/src/rp2_common/pico_double/double_aeabi.S.obj
                0x100038a0                pop_r8_r11
 .text.__wrap___aeabi_darithmetic
                0x100038ac       0x80 CMakeFiles/src.dir/Users/paulbaudinot/pico/pico-sdk/src/rp2_common/pico_double/double_aeabi.S.obj
                0x100038ac                __wrap___aeabi_drsub
                0x100038b2                __wrap___aeabi_dsub
                0x100038c4                __wrap___aeabi_dadd
                0x100038d6                __wrap___aeabi_ddiv
                0x10003912                __wrap___aeabi_dmul
 .text.__wrap___aeabi_cdcmple
                0x1000392c       0x6c CMakeFiles/src.dir/Users/paulbaudinot/pico/pico-sdk/src/rp2_common/pico_double/double_aeabi.S.obj
                0x1000392c                __wrap___aeabi_cdrcmple
                0x1000393c                __wrap___aeabi_cdcmple
                0x1000393c                __wrap___aeabi_cdcmpeq
 .text.__wrap___aeabi_dcmplt
                0x10003998        0xc CMakeFiles/src.dir/Users/paulbaudinot/pico/pico-sdk/src/rp2_common/pico_double/double_aeabi.S.obj
                0x10003998                __wrap___aeabi_dcmplt
 .text.__wrap___aeabi_dcmple
                0x100039a4       0x10 CMakeFiles/src.dir/Users/paulbaudinot/pico/pico-sdk/src/rp2_common/pico_double/double_aeabi.S.obj
                0x100039a4                __wrap___aeabi_dcmple
 .text.__wrap___aeabi_dcmpge
                0x100039b4       0x10 CMakeFiles/src.dir/Users/paulbaudinot/pico/pico-sdk/src/rp2_common/pico_double/double_aeabi.S.obj
                0x100039b4                __wrap___aeabi_dcmpge
 .text.__wrap___aeabi_dcmpgt
                0x100039c4        0xa CMakeFiles/src.dir/Users/paulbaudinot/pico/pico-sdk/src/rp2_common/pico_double/double_aeabi.S.obj
                0x100039c4                __wrap___aeabi_dcmpgt
 .text.__wrap___aeabi_dcmpun
                0x100039ce       0x1c CMakeFiles/src.dir/Users/paulbaudinot/pico/pico-sdk/src/rp2_common/pico_double/double_aeabi.S.obj
                0x100039ce                __wrap___aeabi_dcmpun
 *fill*         0x100039ea        0x2 
 .text.__wrap___aeabi_i2d
                0x100039ec       0x38 CMakeFiles/src.dir/Users/paulbaudinot/pico/pico-sdk/src/rp2_common/pico_double/double_aeabi.S.obj
                0x100039ec                __wrap___aeabi_ui2d
                0x100039f4                __wrap___aeabi_i2d
 .text.__wrap___aeabi_d2iz
                0x10003a24       0x48 CMakeFiles/src.dir/Users/paulbaudinot/pico/pico-sdk/src/rp2_common/pico_double/double_aeabi.S.obj
                0x10003a24                __wrap___aeabi_d2iz
                0x10003a24                double2int_z
 .text.__wrap___aeabi_d2uiz
                0x10003a6c       0x18 CMakeFiles/src.dir/Users/paulbaudinot/pico/pico-sdk/src/rp2_common/pico_double/double_aeabi.S.obj
                0x10003a6c                double2uint
                0x10003a6c                __wrap___aeabi_d2uiz
 .text.fix642double
                0x10003a84       0x18 CMakeFiles/src.dir/Users/paulbaudinot/pico/pico-sdk/src/rp2_common/pico_double/double_aeabi.S.obj
                0x10003a84                fix642double
 .text.__wrap_sincostan_remainder
                0x10003a9c       0x14 CMakeFiles/src.dir/Users/paulbaudinot/pico/pico-sdk/src/rp2_common/pico_double/double_aeabi.S.obj
                0x10003a9c                sincostan_remainder
 .text.__wrap_cos
                0x10003ab0       0x2c CMakeFiles/src.dir/Users/paulbaudinot/pico/pico-sdk/src/rp2_common/pico_double/double_aeabi.S.obj
                0x10003ab0                __wrap_cos
 .text.__wrap_sin
                0x10003adc       0x2c CMakeFiles/src.dir/Users/paulbaudinot/pico/pico-sdk/src/rp2_common/pico_double/double_aeabi.S.obj
                0x10003adc                __wrap_sin
 .text.__aeabi_double_init
                0x10003b08       0xcc CMakeFiles/src.dir/Users/paulbaudinot/pico/pico-sdk/src/rp2_common/pico_double/double_init_rom.c.obj
                0x10003b08                __aeabi_double_init
 .text.drem_0   0x10003bd4      0x122 CMakeFiles/src.dir/Users/paulbaudinot/pico/pico-sdk/src/rp2_common/pico_double/double_math.c.obj
 *fill*         0x10003cf6        0x2 
 .text.__wrap_remquo
                0x10003cf8      0x164 CMakeFiles/src.dir/Users/paulbaudinot/pico/pico-sdk/src/rp2_common/pico_double/double_math.c.obj
                0x10003cf8                __wrap_remquo
 .text.__wrap_remainder
                0x10003e5c       0x10 CMakeFiles/src.dir/Users/paulbaudinot/pico/pico-sdk/src/rp2_common/pico_double/double_math.c.obj
                0x10003e5c                __wrap_remainder
 .text.double_table_shim_on_use_helper
                0x10003e6c       0x34 CMakeFiles/src.dir/Users/paulbaudinot/pico/pico-sdk/src/rp2_common/pico_double/double_v1_rom_shim.S.obj
                0x10003e6c                double_table_shim_on_use_helper
 .text.__wrap___aeabi_dsub
                0x10003ea0       0x10 CMakeFiles/src.dir/Users/paulbaudinot/pico/pico-sdk/src/rp2_common/pico_double/double_v1_rom_shim.S.obj
                0x10003ea0                drsub_shim
                0x10003ea6                dsub_shim
 .text.dadd_shim
                0x10003eb0      0x15c CMakeFiles/src.dir/Users/paulbaudinot/pico/pico-sdk/src/rp2_common/pico_double/double_v1_rom_shim.S.obj
                0x10003eb0                dadd_shim
 .text.dmul_shim
                0x1000400c      0x15c CMakeFiles/src.dir/Users/paulbaudinot/pico/pico-sdk/src/rp2_common/pico_double/double_v1_rom_shim.S.obj
                0x1000400c                dmul_shim
 .text.ddiv_shim
                0x10004168      0x1b0 CMakeFiles/src.dir/Users/paulbaudinot/pico/pico-sdk/src/rp2_common/pico_double/double_v1_rom_shim.S.obj
                0x10004168                ddiv_shim
 .text.dcordic_vec_step
                0x10004318        0xe CMakeFiles/src.dir/Users/paulbaudinot/pico/pico-sdk/src/rp2_common/pico_double/double_v1_rom_shim.S.obj
                0x10004318                dcordic_vec_step
 .text.dcordic_rot_step
                0x10004326       0x76 CMakeFiles/src.dir/Users/paulbaudinot/pico/pico-sdk/src/rp2_common/pico_double/double_v1_rom_shim.S.obj
                0x10004326                dcordic_rot_step
 .text.double2uint_shim
                0x1000439c        0xe CMakeFiles/src.dir/Users/paulbaudinot/pico/pico-sdk/src/rp2_common/pico_double/double_v1_rom_shim.S.obj
                0x1000439c                double2uint_shim
                0x1000439e                double2ufix_shim
 .text.double2int64_shim
                0x100043aa       0x1a CMakeFiles/src.dir/Users/paulbaudinot/pico/pico-sdk/src/rp2_common/pico_double/double_v1_rom_shim.S.obj
                0x100043aa                double2int64_shim
                0x100043ac                double2fix64_shim
 .text.double2uint64_shim
                0x100043c4       0x70 CMakeFiles/src.dir/Users/paulbaudinot/pico/pico-sdk/src/rp2_common/pico_double/double_v1_rom_shim.S.obj
                0x100043c4                double2uint64_shim
                0x100043c6                double2ufix64_shim
                0x100043e6                d2fix_a
 .text.x2double_shims
                0x10004434       0x90 CMakeFiles/src.dir/Users/paulbaudinot/pico/pico-sdk/src/rp2_common/pico_double/double_v1_rom_shim.S.obj
                0x10004434                uint2double_shim
                0x10004436                ufix2double_shim
                0x1000443c                int2double_shim
                0x1000443e                fix2double_shim
                0x10004444                uint642double_shim
                0x10004446                ufix642double_shim
                0x1000444c                int642double_shim
                0x1000444e                fix642double_shim
 .text.dunpacks
                0x100044c4       0x3c CMakeFiles/src.dir/Users/paulbaudinot/pico/pico-sdk/src/rp2_common/pico_double/double_v1_rom_shim.S.obj
                0x100044c4                dunpacks
 .text.dreduce  0x10004500       0x82 CMakeFiles/src.dir/Users/paulbaudinot/pico/pico-sdk/src/rp2_common/pico_double/double_v1_rom_shim.S.obj
                0x10004500                dreduce
 .text.dcos_shim
                0x10004582       0x10 CMakeFiles/src.dir/Users/paulbaudinot/pico/pico-sdk/src/rp2_common/pico_double/double_v1_rom_shim.S.obj
                0x10004582                dcos_shim
 .text.dsin_shim
                0x10004592       0x14 CMakeFiles/src.dir/Users/paulbaudinot/pico/pico-sdk/src/rp2_common/pico_double/double_v1_rom_shim.S.obj
                0x10004592                dsin_shim
 *fill*         0x100045a6        0x2 
 .text.dtrig_guts
                0x100045a8      0x2ec CMakeFiles/src.dir/Users/paulbaudinot/pico/pico-sdk/src/rp2_common/pico_double/double_v1_rom_shim.S.obj
                0x10004680                datan2_shim
 .text.__aeabi_lmul
                0x10004894       0x32 CMakeFiles/src.dir/Users/paulbaudinot/pico/pico-sdk/src/rp2_common/pico_int64_ops/pico_int64_ops_aeabi.S.obj
                0x10004894                __wrap___aeabi_lmul
 *fill*         0x100048c6        0x2 
 .text.__aeabi_float_init
                0x100048c8       0xfc CMakeFiles/src.dir/Users/paulbaudinot/pico/pico-sdk/src/rp2_common/pico_float/float_init_rom.c.obj
                0x100048c8                __aeabi_float_init
 .text.float_table_shim_on_use_helper
                0x100049c4       0x34 CMakeFiles/src.dir/Users/paulbaudinot/pico/pico-sdk/src/rp2_common/pico_float/float_v1_rom_shim.S.obj
                0x100049c4                float_table_shim_on_use_helper
 .text.check_alloc
                0x100049f8       0x20 CMakeFiles/src.dir/Users/paulbaudinot/pico/pico-sdk/src/rp2_common/pico_malloc/pico_malloc.c.obj
 .text.__wrap_malloc
                0x10004a18       0x14 CMakeFiles/src.dir/Users/paulbaudinot/pico/pico-sdk/src/rp2_common/pico_malloc/pico_malloc.c.obj
                0x10004a18                __wrap_malloc
 .text          0x10004a2c       0x10 CMakeFiles/src.dir/Users/paulbaudinot/pico/pico-sdk/src/rp2_common/pico_mem_ops/mem_ops_aeabi.S.obj
                0x10004a2c                __aeabi_mem_init
 .text.memset   0x10004a3c        0xc CMakeFiles/src.dir/Users/paulbaudinot/pico/pico-sdk/src/rp2_common/pico_mem_ops/mem_ops_aeabi.S.obj
                0x10004a3c                __wrap_memset
 .text.memcpy   0x10004a48        0xc CMakeFiles/src.dir/Users/paulbaudinot/pico/pico-sdk/src/rp2_common/pico_mem_ops/mem_ops_aeabi.S.obj
                0x10004a48                __wrap___aeabi_memcpy
                0x10004a48                __wrap_memcpy
 .text.stdio_out_chars_no_crlf
                0x10004a54        0xe CMakeFiles/src.dir/Users/paulbaudinot/pico/pico-sdk/src/rp2_common/pico_stdio/stdio.c.obj
 *fill*         0x10004a62        0x2 
 .text.stdio_out_chars_crlf
                0x10004a64       0x80 CMakeFiles/src.dir/Users/paulbaudinot/pico/pico-sdk/src/rp2_common/pico_stdio/stdio.c.obj
 .text.stdio_stack_buffer_flush
                0x10004ae4       0x44 CMakeFiles/src.dir/Users/paulbaudinot/pico/pico-sdk/src/rp2_common/pico_stdio/stdio.c.obj
 .text.stdio_buffered_printer
                0x10004b28       0x20 CMakeFiles/src.dir/Users/paulbaudinot/pico/pico-sdk/src/rp2_common/pico_stdio/stdio.c.obj
 .text.update_us_since_boot
                0x10004b48       0x24 CMakeFiles/src.dir/Users/paulbaudinot/pico/pico-sdk/src/rp2_common/pico_stdio/stdio.c.obj
 .text.get_absolute_time
                0x10004b6c       0x22 CMakeFiles/src.dir/Users/paulbaudinot/pico/pico-sdk/src/rp2_common/pico_stdio/stdio.c.obj
 *fill*         0x10004b8e        0x2 
 .text.delayed_by_ms
                0x10004b90       0x44 CMakeFiles/src.dir/Users/paulbaudinot/pico/pico-sdk/src/rp2_common/pico_stdio/stdio.c.obj
 .text.make_timeout_time_ms
                0x10004bd4       0x20 CMakeFiles/src.dir/Users/paulbaudinot/pico/pico-sdk/src/rp2_common/pico_stdio/stdio.c.obj
 .text.stdout_serialize_begin
                0x10004bf4       0x20 CMakeFiles/src.dir/Users/paulbaudinot/pico/pico-sdk/src/rp2_common/pico_stdio/stdio.c.obj
                0x10004bf4                stdout_serialize_begin
 .text.stdout_serialize_end
                0x10004c14       0x10 CMakeFiles/src.dir/Users/paulbaudinot/pico/pico-sdk/src/rp2_common/pico_stdio/stdio.c.obj
                0x10004c14                stdout_serialize_end
 .text.stdio_put_string
                0x10004c24       0x98 CMakeFiles/src.dir/Users/paulbaudinot/pico/pico-sdk/src/rp2_common/pico_stdio/stdio.c.obj
 .text.stdio_set_driver_enabled
                0x10004cbc       0x2c CMakeFiles/src.dir/Users/paulbaudinot/pico/pico-sdk/src/rp2_common/pico_stdio/stdio.c.obj
                0x10004cbc                stdio_set_driver_enabled
 .text.stdio_flush
                0x10004ce8       0x20 CMakeFiles/src.dir/Users/paulbaudinot/pico/pico-sdk/src/rp2_common/pico_stdio/stdio.c.obj
                0x10004ce8                stdio_flush
 .text.__wrap_puts
                0x10004d08       0x1e CMakeFiles/src.dir/Users/paulbaudinot/pico/pico-sdk/src/rp2_common/pico_stdio/stdio.c.obj
                0x10004d08                __wrap_puts
 *fill*         0x10004d26        0x2 
 .text.__wrap_vprintf
                0x10004d28       0x40 CMakeFiles/src.dir/Users/paulbaudinot/pico/pico-sdk/src/rp2_common/pico_stdio/stdio.c.obj
                0x10004d28                __wrap_vprintf
 .text.__wrap_printf
                0x10004d68       0x18 CMakeFiles/src.dir/Users/paulbaudinot/pico/pico-sdk/src/rp2_common/pico_stdio/stdio.c.obj
                0x10004d68                __wrap_printf
 .text.stdio_init_all
                0x10004d80        0x8 CMakeFiles/src.dir/Users/paulbaudinot/pico/pico-sdk/src/rp2_common/pico_stdio/stdio.c.obj
                0x10004d80                stdio_init_all
 .text.resetd_init
                0x10004d88        0x2 CMakeFiles/src.dir/Users/paulbaudinot/pico/pico-sdk/src/rp2_common/pico_stdio_usb/reset_interface.c.obj
 *fill*         0x10004d8a        0x2 
 .text.resetd_reset
                0x10004d8c        0xc CMakeFiles/src.dir/Users/paulbaudinot/pico/pico-sdk/src/rp2_common/pico_stdio_usb/reset_interface.c.obj
 .text.resetd_open
                0x10004d98       0x34 CMakeFiles/src.dir/Users/paulbaudinot/pico/pico-sdk/src/rp2_common/pico_stdio_usb/reset_interface.c.obj
 .text.resetd_xfer_cb
                0x10004dcc        0x4 CMakeFiles/src.dir/Users/paulbaudinot/pico/pico-sdk/src/rp2_common/pico_stdio_usb/reset_interface.c.obj
 .text.reset_usb_boot
                0x10004dd0       0x18 CMakeFiles/src.dir/Users/paulbaudinot/pico/pico-sdk/src/rp2_common/pico_stdio_usb/reset_interface.c.obj
 .text.resetd_control_xfer_cb
                0x10004de8       0x5c CMakeFiles/src.dir/Users/paulbaudinot/pico/pico-sdk/src/rp2_common/pico_stdio_usb/reset_interface.c.obj
 .text.usbd_app_driver_get_cb
                0x10004e44        0xc CMakeFiles/src.dir/Users/paulbaudinot/pico/pico-sdk/src/rp2_common/pico_stdio_usb/reset_interface.c.obj
                0x10004e44                usbd_app_driver_get_cb
 .text.tud_cdc_line_coding_cb
                0x10004e50       0x28 CMakeFiles/src.dir/Users/paulbaudinot/pico/pico-sdk/src/rp2_common/pico_stdio_usb/reset_interface.c.obj
                0x10004e50                tud_cdc_line_coding_cb
 .text.stdio_usb_set_chars_available_callback
                0x10004e78       0x14 CMakeFiles/src.dir/Users/paulbaudinot/pico/pico-sdk/src/rp2_common/pico_stdio_usb/stdio_usb.c.obj
                0x10004e78                stdio_usb_set_chars_available_callback
 .text.update_us_since_boot
                0x10004e8c       0x24 CMakeFiles/src.dir/Users/paulbaudinot/pico/pico-sdk/src/rp2_common/pico_stdio_usb/stdio_usb.c.obj
 .text.get_absolute_time
                0x10004eb0       0x22 CMakeFiles/src.dir/Users/paulbaudinot/pico/pico-sdk/src/rp2_common/pico_stdio_usb/stdio_usb.c.obj
 *fill*         0x10004ed2        0x2 
 .text.delayed_by_ms
                0x10004ed4       0x44 CMakeFiles/src.dir/Users/paulbaudinot/pico/pico-sdk/src/rp2_common/pico_stdio_usb/stdio_usb.c.obj
 .text.make_timeout_time_ms
                0x10004f18       0x20 CMakeFiles/src.dir/Users/paulbaudinot/pico/pico-sdk/src/rp2_common/pico_stdio_usb/stdio_usb.c.obj
 .text.delayed_by_us
                0x10004f38       0x34 CMakeFiles/src.dir/Users/paulbaudinot/pico/pico-sdk/src/rp2_common/pico_stdio_usb/stdio_usb.c.obj
 .text.usb_irq  0x10004f6c       0x10 CMakeFiles/src.dir/Users/paulbaudinot/pico/pico-sdk/src/rp2_common/pico_stdio_usb/stdio_usb.c.obj
 .text.critical_section_enter_blocking
                0x10004f7c       0x16 CMakeFiles/src.dir/Users/paulbaudinot/pico/pico-sdk/src/rp2_common/pico_stdio_usb/stdio_usb.c.obj
 *fill*         0x10004f92        0x2 
 .text.timer_task
                0x10004f94       0x4c CMakeFiles/src.dir/Users/paulbaudinot/pico/pico-sdk/src/rp2_common/pico_stdio_usb/stdio_usb.c.obj
 .text.alarm_pool_add_alarm_in_us
                0x10004fe0       0x3a CMakeFiles/src.dir/Users/paulbaudinot/pico/pico-sdk/src/rp2_common/pico_stdio_usb/stdio_usb.c.obj
 .text.add_alarm_in_us
                0x1000501a       0x2e CMakeFiles/src.dir/Users/paulbaudinot/pico/pico-sdk/src/rp2_common/pico_stdio_usb/stdio_usb.c.obj
 .text.low_priority_worker_irq
                0x10005048       0x7c CMakeFiles/src.dir/Users/paulbaudinot/pico/pico-sdk/src/rp2_common/pico_stdio_usb/stdio_usb.c.obj
 .text.tud_cdc_rx_cb
                0x100050c4       0x20 CMakeFiles/src.dir/Users/paulbaudinot/pico/pico-sdk/src/rp2_common/pico_stdio_usb/stdio_usb.c.obj
                0x100050c4                tud_cdc_rx_cb
 .text.stdio_usb_init
                0x100050e4       0xd0 CMakeFiles/src.dir/Users/paulbaudinot/pico/pico-sdk/src/rp2_common/pico_stdio_usb/stdio_usb.c.obj
                0x100050e4                stdio_usb_init
 .text.stdio_usb_connected
                0x100051b4        0xa CMakeFiles/src.dir/Users/paulbaudinot/pico/pico-sdk/src/rp2_common/pico_stdio_usb/stdio_usb.c.obj
                0x100051b4                stdio_usb_connected
 *fill*         0x100051be        0x2 
 .text.stdio_usb_in_chars
                0x100051c0       0x88 CMakeFiles/src.dir/Users/paulbaudinot/pico/pico-sdk/src/rp2_common/pico_stdio_usb/stdio_usb.c.obj
                0x100051c0                stdio_usb_in_chars
 .text.stdio_usb_out_chars
                0x10005248       0xd8 CMakeFiles/src.dir/Users/paulbaudinot/pico/pico-sdk/src/rp2_common/pico_stdio_usb/stdio_usb.c.obj
 .text.tud_descriptor_device_cb
                0x10005320        0x8 CMakeFiles/src.dir/Users/paulbaudinot/pico/pico-sdk/src/rp2_common/pico_stdio_usb/stdio_usb_descriptors.c.obj
                0x10005320                tud_descriptor_device_cb
 .text.tud_descriptor_configuration_cb
                0x10005328        0x8 CMakeFiles/src.dir/Users/paulbaudinot/pico/pico-sdk/src/rp2_common/pico_stdio_usb/stdio_usb_descriptors.c.obj
                0x10005328                tud_descriptor_configuration_cb
 .text.tud_descriptor_string_cb
                0x10005330       0x6c CMakeFiles/src.dir/Users/paulbaudinot/pico/pico-sdk/src/rp2_common/pico_stdio_usb/stdio_usb_descriptors.c.obj
                0x10005330                tud_descriptor_string_cb
 .text._retrieve_unique_id_on_boot
                0x1000539c       0x10 CMakeFiles/src.dir/Users/paulbaudinot/pico/pico-sdk/src/rp2_common/pico_unique_id/unique_id.c.obj
 .text.pico_get_unique_board_id_string
                0x100053ac       0x5c CMakeFiles/src.dir/Users/paulbaudinot/pico/pico-sdk/src/rp2_common/pico_unique_id/unique_id.c.obj
                0x100053ac                pico_get_unique_board_id_string
 .text.flash_get_unique_id
                0x10005408       0x40 CMakeFiles/src.dir/Users/paulbaudinot/pico/pico-sdk/src/rp2_common/hardware_flash/flash.c.obj
                0x10005408                flash_get_unique_id
 .text.hw_endpoint_get_by_addr
                0x10005448       0x18 CMakeFiles/src.dir/Users/paulbaudinot/pico/pico-sdk/lib/tinyusb/src/portable/raspberrypi/rp2040/dcd_rp2040.c.obj
 .text._hw_endpoint_alloc
                0x10005460       0x70 CMakeFiles/src.dir/Users/paulbaudinot/pico/pico-sdk/lib/tinyusb/src/portable/raspberrypi/rp2040/dcd_rp2040.c.obj
 .text.hw_endpoint_init
                0x100054d0       0x88 CMakeFiles/src.dir/Users/paulbaudinot/pico/pico-sdk/lib/tinyusb/src/portable/raspberrypi/rp2040/dcd_rp2040.c.obj
 .text.dcd_event_sof
                0x10005558       0x2c CMakeFiles/src.dir/Users/paulbaudinot/pico/pico-sdk/lib/tinyusb/src/portable/raspberrypi/rp2040/dcd_rp2040.c.obj
 .text.hw_endpoint_xfer
                0x10005584       0x14 CMakeFiles/src.dir/Users/paulbaudinot/pico/pico-sdk/lib/tinyusb/src/portable/raspberrypi/rp2040/dcd_rp2040.c.obj
 .text.dcd_int_enable
                0x10005598       0x2c CMakeFiles/src.dir/Users/paulbaudinot/pico/pico-sdk/lib/tinyusb/src/portable/raspberrypi/rp2040/dcd_rp2040.c.obj
                0x10005598                dcd_int_enable
 .text.dcd_set_address
                0x100055c4       0x2c CMakeFiles/src.dir/Users/paulbaudinot/pico/pico-sdk/lib/tinyusb/src/portable/raspberrypi/rp2040/dcd_rp2040.c.obj
                0x100055c4                dcd_set_address
 .text.dcd_connect
                0x100055f0       0x10 CMakeFiles/src.dir/Users/paulbaudinot/pico/pico-sdk/lib/tinyusb/src/portable/raspberrypi/rp2040/dcd_rp2040.c.obj
                0x100055f0                dcd_connect
 .text.dcd_init
                0x10005600       0x80 CMakeFiles/src.dir/Users/paulbaudinot/pico/pico-sdk/lib/tinyusb/src/portable/raspberrypi/rp2040/dcd_rp2040.c.obj
                0x10005600                dcd_init
 .text.dcd_edpt0_status_complete
                0x10005680       0x1c CMakeFiles/src.dir/Users/paulbaudinot/pico/pico-sdk/lib/tinyusb/src/portable/raspberrypi/rp2040/dcd_rp2040.c.obj
                0x10005680                dcd_edpt0_status_complete
 .text.dcd_edpt_open
                0x1000569c       0x40 CMakeFiles/src.dir/Users/paulbaudinot/pico/pico-sdk/lib/tinyusb/src/portable/raspberrypi/rp2040/dcd_rp2040.c.obj
                0x1000569c                dcd_edpt_open
 .text.dcd_edpt_close_all
                0x100056dc        0x8 CMakeFiles/src.dir/Users/paulbaudinot/pico/pico-sdk/lib/tinyusb/src/portable/raspberrypi/rp2040/dcd_rp2040.c.obj
                0x100056dc                dcd_edpt_close_all
 .text.dcd_edpt_xfer
                0x100056e4       0x34 CMakeFiles/src.dir/Users/paulbaudinot/pico/pico-sdk/lib/tinyusb/src/portable/raspberrypi/rp2040/dcd_rp2040.c.obj
                0x100056e4                dcd_edpt_xfer
 .text.dcd_edpt_stall
                0x10005718       0x2c CMakeFiles/src.dir/Users/paulbaudinot/pico/pico-sdk/lib/tinyusb/src/portable/raspberrypi/rp2040/dcd_rp2040.c.obj
                0x10005718                dcd_edpt_stall
 .text.dcd_edpt_clear_stall
                0x10005744       0x20 CMakeFiles/src.dir/Users/paulbaudinot/pico/pico-sdk/lib/tinyusb/src/portable/raspberrypi/rp2040/dcd_rp2040.c.obj
                0x10005744                dcd_edpt_clear_stall
 .text.rp2040_usb_init
                0x10005764       0x4c CMakeFiles/src.dir/Users/paulbaudinot/pico/pico-sdk/lib/tinyusb/src/portable/raspberrypi/rp2040/rp2040_usb.c.obj
                0x10005764                rp2040_usb_init
 .text.hw_endpoint_xfer_start
                0x100057b0       0x50 CMakeFiles/src.dir/Users/paulbaudinot/pico/pico-sdk/lib/tinyusb/src/portable/raspberrypi/rp2040/rp2040_usb.c.obj
                0x100057b0                hw_endpoint_xfer_start
 .text.configuration_reset
                0x10005800       0x84 CMakeFiles/src.dir/Users/paulbaudinot/pico/pico-sdk/lib/tinyusb/src/device/usbd.c.obj
 .text.critical_section_enter_blocking
                0x10005884       0x16 CMakeFiles/src.dir/Users/paulbaudinot/pico/pico-sdk/lib/tinyusb/src/device/usbd.c.obj
 .text.usbd_reset
                0x1000589a        0xc CMakeFiles/src.dir/Users/paulbaudinot/pico/pico-sdk/lib/tinyusb/src/device/usbd.c.obj
 .text.invoke_class_control
                0x100058a6       0x1a CMakeFiles/src.dir/Users/paulbaudinot/pico/pico-sdk/lib/tinyusb/src/device/usbd.c.obj
 .text.process_set_config
                0x100058c0      0x178 CMakeFiles/src.dir/Users/paulbaudinot/pico/pico-sdk/lib/tinyusb/src/device/usbd.c.obj
 .text.process_get_descriptor
                0x10005a38       0xdc CMakeFiles/src.dir/Users/paulbaudinot/pico/pico-sdk/lib/tinyusb/src/device/usbd.c.obj
 .text.tud_mounted
                0x10005b14       0x10 CMakeFiles/src.dir/Users/paulbaudinot/pico/pico-sdk/lib/tinyusb/src/device/usbd.c.obj
                0x10005b14                tud_mounted
 .text.tud_suspended
                0x10005b24       0x10 CMakeFiles/src.dir/Users/paulbaudinot/pico/pico-sdk/lib/tinyusb/src/device/usbd.c.obj
                0x10005b24                tud_suspended
 .text.tud_inited
                0x10005b34       0x14 CMakeFiles/src.dir/Users/paulbaudinot/pico/pico-sdk/lib/tinyusb/src/device/usbd.c.obj
                0x10005b34                tud_inited
 .text.tud_init
                0x10005b48       0xcc CMakeFiles/src.dir/Users/paulbaudinot/pico/pico-sdk/lib/tinyusb/src/device/usbd.c.obj
                0x10005b48                tud_init
 .text.usbd_defer_func
                0x10005c14       0x2a CMakeFiles/src.dir/Users/paulbaudinot/pico/pico-sdk/lib/tinyusb/src/device/usbd.c.obj
                0x10005c14                usbd_defer_func
 *fill*         0x10005c3e        0x2 
 .text.usbd_edpt_open
                0x10005c40       0x34 CMakeFiles/src.dir/Users/paulbaudinot/pico/pico-sdk/lib/tinyusb/src/device/usbd.c.obj
                0x10005c40                usbd_edpt_open
 .text.usbd_open_edpt_pair
                0x10005c74       0x62 CMakeFiles/src.dir/Users/paulbaudinot/pico/pico-sdk/lib/tinyusb/src/device/usbd.c.obj
                0x10005c74                usbd_open_edpt_pair
 *fill*         0x10005cd6        0x2 
 .text.usbd_edpt_claim
                0x10005cd8       0x28 CMakeFiles/src.dir/Users/paulbaudinot/pico/pico-sdk/lib/tinyusb/src/device/usbd.c.obj
                0x10005cd8                usbd_edpt_claim
 .text.usbd_edpt_release
                0x10005d00       0x28 CMakeFiles/src.dir/Users/paulbaudinot/pico/pico-sdk/lib/tinyusb/src/device/usbd.c.obj
                0x10005d00                usbd_edpt_release
 .text.usbd_edpt_xfer
                0x10005d28       0x78 CMakeFiles/src.dir/Users/paulbaudinot/pico/pico-sdk/lib/tinyusb/src/device/usbd.c.obj
                0x10005d28                usbd_edpt_xfer
 .text.usbd_edpt_stall
                0x10005da0       0x48 CMakeFiles/src.dir/Users/paulbaudinot/pico/pico-sdk/lib/tinyusb/src/device/usbd.c.obj
                0x10005da0                usbd_edpt_stall
 .text.usbd_edpt_clear_stall
                0x10005de8       0x48 CMakeFiles/src.dir/Users/paulbaudinot/pico/pico-sdk/lib/tinyusb/src/device/usbd.c.obj
                0x10005de8                usbd_edpt_clear_stall
 .text.usbd_edpt_stalled
                0x10005e30       0x1c CMakeFiles/src.dir/Users/paulbaudinot/pico/pico-sdk/lib/tinyusb/src/device/usbd.c.obj
                0x10005e30                usbd_edpt_stalled
 .text.process_control_request
                0x10005e4c      0x374 CMakeFiles/src.dir/Users/paulbaudinot/pico/pico-sdk/lib/tinyusb/src/device/usbd.c.obj
 .text.tud_task_ext
                0x100061c0      0x1a8 CMakeFiles/src.dir/Users/paulbaudinot/pico/pico-sdk/lib/tinyusb/src/device/usbd.c.obj
                0x100061c0                tud_task_ext
 .text._status_stage_xact
                0x10006368       0x1a CMakeFiles/src.dir/Users/paulbaudinot/pico/pico-sdk/lib/tinyusb/src/device/usbd_control.c.obj
 *fill*         0x10006382        0x2 
 .text._data_stage_xact
                0x10006384       0x58 CMakeFiles/src.dir/Users/paulbaudinot/pico/pico-sdk/lib/tinyusb/src/device/usbd_control.c.obj
 .text.tud_control_status
                0x100063dc       0x28 CMakeFiles/src.dir/Users/paulbaudinot/pico/pico-sdk/lib/tinyusb/src/device/usbd_control.c.obj
                0x100063dc                tud_control_status
 .text.tud_control_xfer
                0x10006404       0x68 CMakeFiles/src.dir/Users/paulbaudinot/pico/pico-sdk/lib/tinyusb/src/device/usbd_control.c.obj
                0x10006404                tud_control_xfer
 .text.usbd_control_reset
                0x1000646c       0x14 CMakeFiles/src.dir/Users/paulbaudinot/pico/pico-sdk/lib/tinyusb/src/device/usbd_control.c.obj
                0x1000646c                usbd_control_reset
 .text.usbd_control_set_complete_callback
                0x10006480        0xc CMakeFiles/src.dir/Users/paulbaudinot/pico/pico-sdk/lib/tinyusb/src/device/usbd_control.c.obj
                0x10006480                usbd_control_set_complete_callback
 .text.usbd_control_set_request
                0x1000648c       0x1c CMakeFiles/src.dir/Users/paulbaudinot/pico/pico-sdk/lib/tinyusb/src/device/usbd_control.c.obj
                0x1000648c                usbd_control_set_request
 .text.usbd_control_xfer_cb
                0x100064a8       0xbc CMakeFiles/src.dir/Users/paulbaudinot/pico/pico-sdk/lib/tinyusb/src/device/usbd_control.c.obj
                0x100064a8                usbd_control_xfer_cb
 .text._prep_out_transaction
                0x10006564       0x4a CMakeFiles/src.dir/Users/paulbaudinot/pico/pico-sdk/lib/tinyusb/src/class/cdc/cdc_device.c.obj
 *fill*         0x100065ae        0x2 
 .text.tud_cdc_n_connected
                0x100065b0       0x38 CMakeFiles/src.dir/Users/paulbaudinot/pico/pico-sdk/lib/tinyusb/src/class/cdc/cdc_device.c.obj
                0x100065b0                tud_cdc_n_connected
 .text.tud_cdc_n_available
                0x100065e8       0x18 CMakeFiles/src.dir/Users/paulbaudinot/pico/pico-sdk/lib/tinyusb/src/class/cdc/cdc_device.c.obj
                0x100065e8                tud_cdc_n_available
 .text.tud_cdc_n_read
                0x10006600       0x28 CMakeFiles/src.dir/Users/paulbaudinot/pico/pico-sdk/lib/tinyusb/src/class/cdc/cdc_device.c.obj
                0x10006600                tud_cdc_n_read
 .text.tud_cdc_n_write_flush
                0x10006628       0xb8 CMakeFiles/src.dir/Users/paulbaudinot/pico/pico-sdk/lib/tinyusb/src/class/cdc/cdc_device.c.obj
                0x10006628                tud_cdc_n_write_flush
 .text.tud_cdc_n_write
                0x100066e0       0x38 CMakeFiles/src.dir/Users/paulbaudinot/pico/pico-sdk/lib/tinyusb/src/class/cdc/cdc_device.c.obj
                0x100066e0                tud_cdc_n_write
 .text.tud_cdc_n_write_available
                0x10006718       0x1c CMakeFiles/src.dir/Users/paulbaudinot/pico/pico-sdk/lib/tinyusb/src/class/cdc/cdc_device.c.obj
                0x10006718                tud_cdc_n_write_available
 .text.cdcd_init
                0x10006734       0xbc CMakeFiles/src.dir/Users/paulbaudinot/pico/pico-sdk/lib/tinyusb/src/class/cdc/cdc_device.c.obj
                0x10006734                cdcd_init
 .text.cdcd_reset
                0x100067f0       0x44 CMakeFiles/src.dir/Users/paulbaudinot/pico/pico-sdk/lib/tinyusb/src/class/cdc/cdc_device.c.obj
                0x100067f0                cdcd_reset
 .text.cdcd_open
                0x10006834       0xc4 CMakeFiles/src.dir/Users/paulbaudinot/pico/pico-sdk/lib/tinyusb/src/class/cdc/cdc_device.c.obj
                0x10006834                cdcd_open
 .text.cdcd_control_xfer_cb
                0x100068f8      0x134 CMakeFiles/src.dir/Users/paulbaudinot/pico/pico-sdk/lib/tinyusb/src/class/cdc/cdc_device.c.obj
                0x100068f8                cdcd_control_xfer_cb
 .text.cdcd_xfer_cb
                0x10006a2c      0x130 CMakeFiles/src.dir/Users/paulbaudinot/pico/pico-sdk/lib/tinyusb/src/class/cdc/cdc_device.c.obj
                0x10006a2c                cdcd_xfer_cb
 .text.tusb_init
                0x10006b5c        0xa CMakeFiles/src.dir/Users/paulbaudinot/pico/pico-sdk/lib/tinyusb/src/tusb.c.obj
                0x10006b5c                tusb_init
 .text.tusb_inited
                0x10006b66        0xe CMakeFiles/src.dir/Users/paulbaudinot/pico/pico-sdk/lib/tinyusb/src/tusb.c.obj
                0x10006b66                tusb_inited
 .text.tu_edpt_claim
                0x10006b74       0x50 CMakeFiles/src.dir/Users/paulbaudinot/pico/pico-sdk/lib/tinyusb/src/tusb.c.obj
                0x10006b74                tu_edpt_claim
 .text.tu_edpt_release
                0x10006bc4       0x38 CMakeFiles/src.dir/Users/paulbaudinot/pico/pico-sdk/lib/tinyusb/src/tusb.c.obj
                0x10006bc4                tu_edpt_release
 .text.tu_edpt_validate
                0x10006bfc       0x78 CMakeFiles/src.dir/Users/paulbaudinot/pico/pico-sdk/lib/tinyusb/src/tusb.c.obj
                0x10006bfc                tu_edpt_validate
 .text.tu_edpt_bind_driver
                0x10006c74       0x26 CMakeFiles/src.dir/Users/paulbaudinot/pico/pico-sdk/lib/tinyusb/src/tusb.c.obj
                0x10006c74                tu_edpt_bind_driver
 .text.advance_index
                0x10006c9a       0x1a CMakeFiles/src.dir/Users/paulbaudinot/pico/pico-sdk/lib/tinyusb/src/common/tusb_fifo.c.obj
 .text._tu_fifo_peek
                0x10006cb4       0x56 CMakeFiles/src.dir/Users/paulbaudinot/pico/pico-sdk/lib/tinyusb/src/common/tusb_fifo.c.obj
 .text._ff_pull_const_addr
                0x10006d0a       0x4c CMakeFiles/src.dir/Users/paulbaudinot/pico/pico-sdk/lib/tinyusb/src/common/tusb_fifo.c.obj
 .text._ff_pull_n
                0x10006d56      0x110 CMakeFiles/src.dir/Users/paulbaudinot/pico/pico-sdk/lib/tinyusb/src/common/tusb_fifo.c.obj
 .text._tu_fifo_peek_n
                0x10006e66       0x6a CMakeFiles/src.dir/Users/paulbaudinot/pico/pico-sdk/lib/tinyusb/src/common/tusb_fifo.c.obj
 .text._tu_fifo_read_n
                0x10006ed0       0x4e CMakeFiles/src.dir/Users/paulbaudinot/pico/pico-sdk/lib/tinyusb/src/common/tusb_fifo.c.obj
 .text._ff_push_const_addr
                0x10006f1e       0x40 CMakeFiles/src.dir/Users/paulbaudinot/pico/pico-sdk/lib/tinyusb/src/common/tusb_fifo.c.obj
 .text._ff_push_n
                0x10006f5e      0x10c CMakeFiles/src.dir/Users/paulbaudinot/pico/pico-sdk/lib/tinyusb/src/common/tusb_fifo.c.obj
 .text._tu_fifo_write_n
                0x1000706a       0xf0 CMakeFiles/src.dir/Users/paulbaudinot/pico/pico-sdk/lib/tinyusb/src/common/tusb_fifo.c.obj
 .text.tu_fifo_config
                0x1000715a       0x7c CMakeFiles/src.dir/Users/paulbaudinot/pico/pico-sdk/lib/tinyusb/src/common/tusb_fifo.c.obj
                0x1000715a                tu_fifo_config
 .text.tu_fifo_count
                0x100071d6       0x2a CMakeFiles/src.dir/Users/paulbaudinot/pico/pico-sdk/lib/tinyusb/src/common/tusb_fifo.c.obj
                0x100071d6                tu_fifo_count
 .text.tu_fifo_empty
                0x10007200        0xe CMakeFiles/src.dir/Users/paulbaudinot/pico/pico-sdk/lib/tinyusb/src/common/tusb_fifo.c.obj
                0x10007200                tu_fifo_empty
 .text.tu_fifo_full
                0x1000720e       0x28 CMakeFiles/src.dir/Users/paulbaudinot/pico/pico-sdk/lib/tinyusb/src/common/tusb_fifo.c.obj
                0x1000720e                tu_fifo_full
 .text.tu_fifo_remaining
                0x10007236       0x2c CMakeFiles/src.dir/Users/paulbaudinot/pico/pico-sdk/lib/tinyusb/src/common/tusb_fifo.c.obj
                0x10007236                tu_fifo_remaining
 .text.tu_fifo_read
                0x10007262       0x42 CMakeFiles/src.dir/Users/paulbaudinot/pico/pico-sdk/lib/tinyusb/src/common/tusb_fifo.c.obj
                0x10007262                tu_fifo_read
 .text.tu_fifo_read_n
                0x100072a4        0xa CMakeFiles/src.dir/Users/paulbaudinot/pico/pico-sdk/lib/tinyusb/src/common/tusb_fifo.c.obj
                0x100072a4                tu_fifo_read_n
 .text.tu_fifo_write
                0x100072ae       0x64 CMakeFiles/src.dir/Users/paulbaudinot/pico/pico-sdk/lib/tinyusb/src/common/tusb_fifo.c.obj
                0x100072ae                tu_fifo_write
 .text.tu_fifo_write_n
                0x10007312        0xa CMakeFiles/src.dir/Users/paulbaudinot/pico/pico-sdk/lib/tinyusb/src/common/tusb_fifo.c.obj
                0x10007312                tu_fifo_write_n
 .text.tu_fifo_clear
                0x1000731c       0x3e CMakeFiles/src.dir/Users/paulbaudinot/pico/pico-sdk/lib/tinyusb/src/common/tusb_fifo.c.obj
                0x1000731c                tu_fifo_clear
 .text.tu_fifo_set_overwritable
                0x1000735a       0x46 CMakeFiles/src.dir/Users/paulbaudinot/pico/pico-sdk/lib/tinyusb/src/common/tusb_fifo.c.obj
                0x1000735a                tu_fifo_set_overwritable
 .text.spi_set_baudrate
                0x100073a0       0xc2 CMakeFiles/src.dir/Users/paulbaudinot/pico/pico-sdk/src/rp2_common/hardware_spi/spi.c.obj
                0x100073a0                spi_set_baudrate
 *fill*         0x10007462        0x2 
 .text.spi_init
                0x10007464       0x74 CMakeFiles/src.dir/Users/paulbaudinot/pico/pico-sdk/src/rp2_common/hardware_spi/spi.c.obj
                0x10007464                spi_init
 .text.i2c_set_baudrate
                0x100074d8       0xf0 CMakeFiles/src.dir/Users/paulbaudinot/pico/pico-sdk/src/rp2_common/hardware_i2c/i2c.c.obj
                0x100074d8                i2c_set_baudrate
 .text.i2c_init
                0x100075c8       0x58 CMakeFiles/src.dir/Users/paulbaudinot/pico/pico-sdk/src/rp2_common/hardware_i2c/i2c.c.obj
                0x100075c8                i2c_init
 .text.adc_init
                0x10007620       0x34 CMakeFiles/src.dir/Users/paulbaudinot/pico/pico-sdk/src/rp2_common/hardware_adc/adc.c.obj
                0x10007620                adc_init
 .text.drawClockIndexes
                0x10007654       0xfc source/libsource.a(Horloge.c.obj)
                0x10007654                drawClockIndexes
 .text.drawHand
                0x10007750       0x8e source/libsource.a(Horloge.c.obj)
                0x10007750                drawHand
 *fill*         0x100077de        0x2 
 .text.drawClockHands
                0x100077e0       0xfc source/libsource.a(Horloge.c.obj)
                0x100077e0                drawClockHands
 .text.Horloge  0x100078dc      0x114 source/libsource.a(Horloge.c.obj)
                0x100078dc                Horloge
 .text.LCD_1IN28_Reset
                0x100079f0       0x36 lib/LCD/libLCD.a(LCD_1in28.c.obj)
 *fill*         0x10007a26        0x2 
 .text.LCD_1IN28_SendCommand
                0x10007a28       0x1c lib/LCD/libLCD.a(LCD_1in28.c.obj)
 .text.LCD_1IN28_SendData_8Bit
                0x10007a44       0x1c lib/LCD/libLCD.a(LCD_1in28.c.obj)
 .text.LCD_1IN28_SetAttributes
                0x10007a60       0x30 lib/LCD/libLCD.a(LCD_1in28.c.obj)
 .text.LCD_1IN28_InitReg
                0x10007a90      0x460 lib/LCD/libLCD.a(LCD_1in28.c.obj)
 .text.LCD_1IN28_Init
                0x10007ef0       0x14 lib/LCD/libLCD.a(LCD_1in28.c.obj)
                0x10007ef0                LCD_1IN28_Init
 .text.LCD_1IN28_SetWindows
                0x10007f04       0x58 lib/LCD/libLCD.a(LCD_1in28.c.obj)
                0x10007f04                LCD_1IN28_SetWindows
 .text.LCD_1IN28_Clear
                0x10007f5c       0x6c lib/LCD/libLCD.a(LCD_1in28.c.obj)
                0x10007f5c                LCD_1IN28_Clear
 .text.LCD_1IN28_Display
                0x10007fc8       0x3c lib/LCD/libLCD.a(LCD_1in28.c.obj)
                0x10007fc8                LCD_1IN28_Display
 .text.Paint_NewImage
                0x10008004       0x4c lib/GUI/libGUI.a(GUI_Paint.c.obj)
                0x10008004                Paint_NewImage
 .text.Paint_SetRotate
                0x10008050       0x20 lib/GUI/libGUI.a(GUI_Paint.c.obj)
                0x10008050                Paint_SetRotate
 .text.Paint_SetScale
                0x10008070       0x68 lib/GUI/libGUI.a(GUI_Paint.c.obj)
                0x10008070                Paint_SetScale
 .text.Paint_SetPixel
                0x100080d8      0x168 lib/GUI/libGUI.a(GUI_Paint.c.obj)
                0x100080d8                Paint_SetPixel
 .text.Paint_Clear
                0x10008240       0xb0 lib/GUI/libGUI.a(GUI_Paint.c.obj)
                0x10008240                Paint_Clear
 .text.Paint_DrawPoint
                0x100082f0       0xe0 lib/GUI/libGUI.a(GUI_Paint.c.obj)
                0x100082f0                Paint_DrawPoint
 .text.Paint_DrawLine
                0x100083d0      0x12c lib/GUI/libGUI.a(GUI_Paint.c.obj)
                0x100083d0                Paint_DrawLine
 .text.adc_gpio_init
                0x100084fc       0x1e lib/Config/libConfig.a(DEV_Config.c.obj)
 .text.DEV_Delay_ms
                0x1000851a        0x8 lib/Config/libConfig.a(DEV_Config.c.obj)
                0x1000851a                DEV_Delay_ms
 .text.DEV_Digital_Write
                0x10008522       0x18 lib/Config/libConfig.a(DEV_Config.c.obj)
                0x10008522                DEV_Digital_Write
 .text.DEV_SPI_WriteByte
                0x1000853a       0x16 lib/Config/libConfig.a(DEV_Config.c.obj)
                0x1000853a                DEV_SPI_WriteByte
 .text.DEV_SPI_Write_nByte
                0x10008550        0x8 lib/Config/libConfig.a(DEV_Config.c.obj)
                0x10008550                DEV_SPI_Write_nByte
 .text.DEV_GPIO_Mode
                0x10008558       0x26 lib/Config/libConfig.a(DEV_Config.c.obj)
                0x10008558                DEV_GPIO_Mode
 .text.DEV_GPIO_Init
                0x1000857e       0x3c lib/Config/libConfig.a(DEV_Config.c.obj)
                0x1000857e                DEV_GPIO_Init
 *fill*         0x100085ba        0x2 
 .text.DEV_SET_PWM
                0x100085bc       0x40 lib/Config/libConfig.a(DEV_Config.c.obj)
                0x100085bc                DEV_SET_PWM
 .text.DEV_Module_Init
                0x100085fc       0xec lib/Config/libConfig.a(DEV_Config.c.obj)
                0x100085fc                DEV_Module_Init
 .text.malloc   0x100086e8       0x14 /Applications/ArmGNUToolchain/13.2.Rel1/arm-none-eabi/bin/../lib/gcc/arm-none-eabi/13.2.1/../../../../arm-none-eabi/lib/thumb/v6-m/nofp/libg.a(libc_a-malloc.o)
                0x100086e8                malloc
 .text._malloc_r
                0x100086fc      0x5c4 /Applications/ArmGNUToolchain/13.2.Rel1/arm-none-eabi/bin/../lib/gcc/arm-none-eabi/13.2.1/../../../../arm-none-eabi/lib/thumb/v6-m/nofp/libg.a(libc_a-mallocr.o)
                0x100086fc                _malloc_r
 .text.__malloc_lock
                0x10008cc0       0x10 /Applications/ArmGNUToolchain/13.2.Rel1/arm-none-eabi/bin/../lib/gcc/arm-none-eabi/13.2.1/../../../../arm-none-eabi/lib/thumb/v6-m/nofp/libg.a(libc_a-mlock.o)
                0x10008cc0                __malloc_lock
 .text.__malloc_unlock
                0x10008cd0       0x10 /Applications/ArmGNUToolchain/13.2.Rel1/arm-none-eabi/bin/../lib/gcc/arm-none-eabi/13.2.1/../../../../arm-none-eabi/lib/thumb/v6-m/nofp/libg.a(libc_a-mlock.o)
                0x10008cd0                __malloc_unlock
 .text._sbrk_r  0x10008ce0       0x24 /Applications/ArmGNUToolchain/13.2.Rel1/arm-none-eabi/bin/../lib/gcc/arm-none-eabi/13.2.1/../../../../arm-none-eabi/lib/thumb/v6-m/nofp/libg.a(libc_a-sbrkr.o)
                0x10008ce0                _sbrk_r
 .text.__errno  0x10008d04        0xc /Applications/ArmGNUToolchain/13.2.Rel1/arm-none-eabi/bin/../lib/gcc/arm-none-eabi/13.2.1/../../../../arm-none-eabi/lib/thumb/v6-m/nofp/libg.a(libc_a-errno.o)
                0x10008d04                __errno
 .text.sysconf  0x10008d10       0x1c /Applications/ArmGNUToolchain/13.2.Rel1/arm-none-eabi/bin/../lib/gcc/arm-none-eabi/13.2.1/../../../../arm-none-eabi/lib/thumb/v6-m/nofp/libg.a(libc_a-sysconf.o)
                0x10008d10                sysconf
 .text.__retarget_lock_acquire_recursive
                0x10008d2c        0x4 /Applications/ArmGNUToolchain/13.2.Rel1/arm-none-eabi/bin/../lib/gcc/arm-none-eabi/13.2.1/../../../../arm-none-eabi/lib/thumb/v6-m/nofp/libg.a(libc_a-lock.o)
                0x10008d2c                __retarget_lock_acquire_recursive
 .text.__retarget_lock_release_recursive
                0x10008d30        0x4 /Applications/ArmGNUToolchain/13.2.Rel1/arm-none-eabi/bin/../lib/gcc/arm-none-eabi/13.2.1/../../../../arm-none-eabi/lib/thumb/v6-m/nofp/libg.a(libc_a-lock.o)
                0x10008d30                __retarget_lock_release_recursive
 .text.strlen   0x10008d34       0x5c /Applications/ArmGNUToolchain/13.2.Rel1/arm-none-eabi/bin/../lib/gcc/arm-none-eabi/13.2.1/../../../../arm-none-eabi/lib/thumb/v6-m/nofp/libg.a(libc_a-strlen-stub.o)
                0x10008d34                strlen
 .text._malloc_trim_r
                0x10008d90       0xb4 /Applications/ArmGNUToolchain/13.2.Rel1/arm-none-eabi/bin/../lib/gcc/arm-none-eabi/13.2.1/../../../../arm-none-eabi/lib/thumb/v6-m/nofp/libg.a(libc_a-freer.o)
                0x10008d90                _malloc_trim_r
 .text._free_r  0x10008e44      0x1d4 /Applications/ArmGNUToolchain/13.2.Rel1/arm-none-eabi/bin/../lib/gcc/arm-none-eabi/13.2.1/../../../../arm-none-eabi/lib/thumb/v6-m/nofp/libg.a(libc_a-freer.o)
                0x10008e44                _free_r
 *(.fini)
 .fini          0x10009018        0x4 /Applications/ArmGNUToolchain/13.2.Rel1/arm-none-eabi/bin/../lib/gcc/arm-none-eabi/13.2.1/thumb/v6-m/nofp/crti.o
                0x10009018                _fini
 *fill*         0x1000901c        0x4 
 .fini.__stub   0x10009020       0xf0 linker stubs
 *crtbegin.o(.ctors)
 *crtbegin?.o(.ctors)
 *(EXCLUDE_FILE(*crtend.o *crtend?.o) .ctors)
 *(SORT_BY_NAME(.ctors.*))
 *(.ctors)
 *crtbegin.o(.dtors)
 *crtbegin?.o(.dtors)
 *(EXCLUDE_FILE(*crtend.o *crtend?.o) .dtors)
 *(SORT_BY_NAME(.dtors.*))
 *(.dtors)
 *(.eh_frame*)
 .eh_frame      0x10009110        0x0 /Applications/ArmGNUToolchain/13.2.Rel1/arm-none-eabi/bin/../lib/gcc/arm-none-eabi/13.2.1/thumb/v6-m/nofp/crtbegin.o
                0x10009110                        . = ALIGN (0x4)

.glue_7         0x10009110        0x0
 .glue_7        0x10009110        0x0 linker stubs

.glue_7t        0x10009110        0x0
 .glue_7t       0x10009110        0x0 linker stubs

.vfp11_veneer   0x10009110        0x0
 .vfp11_veneer  0x10009110        0x0 linker stubs

.v4_bx          0x10009110        0x0
 .v4_bx         0x10009110        0x0 linker stubs

.iplt           0x10009110        0x0
 .iplt          0x10009110        0x0 /Applications/ArmGNUToolchain/13.2.Rel1/arm-none-eabi/bin/../lib/gcc/arm-none-eabi/13.2.1/thumb/v6-m/nofp/crtbegin.o

.rodata         0x10009110     0x1694
 *(EXCLUDE_FILE(*libm.a: *libc.a:*lib_a-mem*.o *libgcc.a:) .rodata*)
 .rodata.spin_lock_claim_unused.str1.4
                0x10009110      0xfd1 CMakeFiles/src.dir/Users/paulbaudinot/pico/pico-sdk/src/rp2_common/hardware_sync/sync.c.obj
                                 0x1b (size before relaxing)
 .rodata.resolve_branch.str1.4
                0x1000a0e1       0x5c CMakeFiles/src.dir/Users/paulbaudinot/pico/pico-sdk/src/rp2_common/hardware_irq/irq.c.obj
 .rodata.make_branch.str1.4
                0x1000a0e1       0x30 CMakeFiles/src.dir/Users/paulbaudinot/pico/pico-sdk/src/rp2_common/hardware_irq/irq.c.obj
 .rodata.insert_branch_and_link.str1.4
                0x1000a0e1       0x10 CMakeFiles/src.dir/Users/paulbaudinot/pico/pico-sdk/src/rp2_common/hardware_irq/irq.c.obj
 .rodata.irq_set_exclusive_handler.str1.4
                0x1000a0e1       0x36 CMakeFiles/src.dir/Users/paulbaudinot/pico/pico-sdk/src/rp2_common/hardware_irq/irq.c.obj
 .rodata.irq_add_shared_handler.str1.4
                0x1000a0e1       0xc2 CMakeFiles/src.dir/Users/paulbaudinot/pico/pico-sdk/src/rp2_common/hardware_irq/irq.c.obj
 .rodata.irq_remove_handler.str1.4
                0x1000a0e1       0x3a CMakeFiles/src.dir/Users/paulbaudinot/pico/pico-sdk/src/rp2_common/hardware_irq/irq.c.obj
 .rodata.irq_add_tail_to_free_list.str1.4
                0x1000a0e1       0x3a CMakeFiles/src.dir/Users/paulbaudinot/pico/pico-sdk/src/rp2_common/hardware_irq/irq.c.obj
 .rodata.user_irq_claim_unused.str1.4
                0x1000a0e1       0x1b CMakeFiles/src.dir/Users/paulbaudinot/pico/pico-sdk/src/rp2_common/hardware_irq/irq.c.obj
 *fill*         0x1000a0e1        0x3 
 .rodata.__func__.0
                0x1000a0e4       0x1a CMakeFiles/src.dir/Users/paulbaudinot/pico/pico-sdk/src/rp2_common/hardware_irq/irq.c.obj
 *fill*         0x1000a0fe        0x2 
 .rodata.__func__.1
                0x1000a100       0x17 CMakeFiles/src.dir/Users/paulbaudinot/pico/pico-sdk/src/rp2_common/hardware_irq/irq.c.obj
 *fill*         0x1000a117        0x1 
 .rodata.__func__.2
                0x1000a118       0x13 CMakeFiles/src.dir/Users/paulbaudinot/pico/pico-sdk/src/rp2_common/hardware_irq/irq.c.obj
 *fill*         0x1000a12b        0x1 
 .rodata.__func__.3
                0x1000a12c        0xc CMakeFiles/src.dir/Users/paulbaudinot/pico/pico-sdk/src/rp2_common/hardware_irq/irq.c.obj
 .rodata.__func__.4
                0x1000a138        0xf CMakeFiles/src.dir/Users/paulbaudinot/pico/pico-sdk/src/rp2_common/hardware_irq/irq.c.obj
 *fill*         0x1000a147        0x1 
 .rodata.__func__.5
                0x1000a148       0x17 CMakeFiles/src.dir/Users/paulbaudinot/pico/pico-sdk/src/rp2_common/hardware_irq/irq.c.obj
 *fill*         0x1000a15f        0x1 
 .rodata.__func__.6
                0x1000a160       0x1a CMakeFiles/src.dir/Users/paulbaudinot/pico/pico-sdk/src/rp2_common/hardware_irq/irq.c.obj
 .rodata.update_us_since_boot.str1.4
                0x1000a17a       0x68 CMakeFiles/src.dir/Users/paulbaudinot/pico/pico-sdk/src/common/pico_sync/mutex.c.obj
 .rodata.str1.4
                0x1000a17a       0x91 CMakeFiles/src.dir/Users/paulbaudinot/pico/pico-sdk/src/common/pico_sync/mutex.c.obj
 *fill*         0x1000a17a        0x2 
 .rodata.__func__.1
                0x1000a17c        0xb CMakeFiles/src.dir/Users/paulbaudinot/pico/pico-sdk/src/common/pico_sync/mutex.c.obj
 *fill*         0x1000a187        0x1 
 .rodata.__func__.3
                0x1000a188       0x18 CMakeFiles/src.dir/Users/paulbaudinot/pico/pico-sdk/src/common/pico_sync/mutex.c.obj
 .rodata.__func__.4
                0x1000a1a0       0x15 CMakeFiles/src.dir/Users/paulbaudinot/pico/pico-sdk/src/common/pico_sync/mutex.c.obj
 .rodata.get_entry.str1.4
                0x1000a1b5       0x62 CMakeFiles/src.dir/Users/paulbaudinot/pico/pico-sdk/src/common/pico_time/time.c.obj
 .rodata.update_us_since_boot.str1.4
                0x1000a1b5       0x68 CMakeFiles/src.dir/Users/paulbaudinot/pico/pico-sdk/src/common/pico_time/time.c.obj
 .rodata.ph_get_node.str1.4
                0x1000a1b5       0x6d CMakeFiles/src.dir/Users/paulbaudinot/pico/pico-sdk/src/common/pico_time/time.c.obj
 .rodata.ph_add_child_node.str1.4
                0x1000a1b5       0x2e CMakeFiles/src.dir/Users/paulbaudinot/pico/pico-sdk/src/common/pico_time/time.c.obj
 .rodata.ph_insert_node.str1.4
                0x1000a1b5        0x3 CMakeFiles/src.dir/Users/paulbaudinot/pico/pico-sdk/src/common/pico_time/time.c.obj
 .rodata.ph_free_node.str1.4
                0x1000a1b5       0x38 CMakeFiles/src.dir/Users/paulbaudinot/pico/pico-sdk/src/common/pico_time/time.c.obj
 .rodata.add_alarm_under_lock.str1.4
                0x1000a1b5       0x28 CMakeFiles/src.dir/Users/paulbaudinot/pico/pico-sdk/src/common/pico_time/time.c.obj
 .rodata.alarm_pool_alarm_callback.str1.4
                0x1000a1b5       0x60 CMakeFiles/src.dir/Users/paulbaudinot/pico/pico-sdk/src/common/pico_time/time.c.obj
 .rodata.alarm_pool_get_default.str1.4
                0x1000a1b5       0x21 CMakeFiles/src.dir/Users/paulbaudinot/pico/pico-sdk/src/common/pico_time/time.c.obj
 .rodata.alarm_pool_cancel_alarm.str1.4
                0x1000a1b5       0x27 CMakeFiles/src.dir/Users/paulbaudinot/pico/pico-sdk/src/common/pico_time/time.c.obj
 .rodata.sleep_until.str1.4
                0x1000a1b5       0x4d CMakeFiles/src.dir/Users/paulbaudinot/pico/pico-sdk/src/common/pico_time/time.c.obj
 *fill*         0x1000a1b5        0x3 
 .rodata.__func__.1
                0x1000a1b8       0x18 CMakeFiles/src.dir/Users/paulbaudinot/pico/pico-sdk/src/common/pico_time/time.c.obj
 .rodata.__func__.3
                0x1000a1d0       0x17 CMakeFiles/src.dir/Users/paulbaudinot/pico/pico-sdk/src/common/pico_time/time.c.obj
 *fill*         0x1000a1e7        0x1 
 .rodata.__func__.4
                0x1000a1e8       0x12 CMakeFiles/src.dir/Users/paulbaudinot/pico/pico-sdk/src/common/pico_time/time.c.obj
 *fill*         0x1000a1fa        0x2 
 .rodata.__func__.5
                0x1000a1fc        0xd CMakeFiles/src.dir/Users/paulbaudinot/pico/pico-sdk/src/common/pico_time/time.c.obj
 *fill*         0x1000a209        0x3 
 .rodata.__func__.6
                0x1000a20c       0x12 CMakeFiles/src.dir/Users/paulbaudinot/pico/pico-sdk/src/common/pico_time/time.c.obj
 *fill*         0x1000a21e        0x2 
 .rodata.__func__.7
                0x1000a220        0xf CMakeFiles/src.dir/Users/paulbaudinot/pico/pico-sdk/src/common/pico_time/time.c.obj
 *fill*         0x1000a22f        0x1 
 .rodata.__func__.8
                0x1000a230        0xc CMakeFiles/src.dir/Users/paulbaudinot/pico/pico-sdk/src/common/pico_time/time.c.obj
 .rodata.__func__.9
                0x1000a23c       0x15 CMakeFiles/src.dir/Users/paulbaudinot/pico/pico-sdk/src/common/pico_time/time.c.obj
 *fill*         0x1000a251        0x3 
 .rodata.__func__.10
                0x1000a254       0x15 CMakeFiles/src.dir/Users/paulbaudinot/pico/pico-sdk/src/common/pico_time/time.c.obj
 *fill*         0x1000a269        0x3 
 .rodata.__func__.11
                0x1000a26c       0x1a CMakeFiles/src.dir/Users/paulbaudinot/pico/pico-sdk/src/common/pico_time/time.c.obj
 *fill*         0x1000a286        0x2 
 .rodata.__func__.12
                0x1000a288        0xa CMakeFiles/src.dir/Users/paulbaudinot/pico/pico-sdk/src/common/pico_time/time.c.obj
 .rodata.hardware_alarm_claim.str1.4
                0x1000a292       0x22 CMakeFiles/src.dir/Users/paulbaudinot/pico/pico-sdk/src/rp2_common/hardware_timer/timer.c.obj
 .rodata.hardware_alarm_set_target.str1.4
                0x1000a292       0x6c CMakeFiles/src.dir/Users/paulbaudinot/pico/pico-sdk/src/rp2_common/hardware_timer/timer.c.obj
 *fill*         0x1000a292        0x2 
 .rodata.__func__.0
                0x1000a294       0x1a CMakeFiles/src.dir/Users/paulbaudinot/pico/pico-sdk/src/rp2_common/hardware_timer/timer.c.obj
 .rodata.ph_get_node.str1.4
                0x1000a2ae       0x6d CMakeFiles/src.dir/Users/paulbaudinot/pico/pico-sdk/src/common/pico_util/pheap.c.obj
 .rodata.ph_add_child_node.str1.4
                0x1000a2ae       0x2e CMakeFiles/src.dir/Users/paulbaudinot/pico/pico-sdk/src/common/pico_util/pheap.c.obj
 .rodata.ph_remove_any_head.str1.4
                0x1000a2ae       0xa8 CMakeFiles/src.dir/Users/paulbaudinot/pico/pico-sdk/src/common/pico_util/pheap.c.obj
 .rodata.ph_remove_and_free_node.str1.4
                0x1000a2ae       0x26 CMakeFiles/src.dir/Users/paulbaudinot/pico/pico-sdk/src/common/pico_util/pheap.c.obj
 *fill*         0x1000a2ae        0x2 
 .rodata.__func__.0
                0x1000a2b0       0x18 CMakeFiles/src.dir/Users/paulbaudinot/pico/pico-sdk/src/common/pico_util/pheap.c.obj
 .rodata.__func__.1
                0x1000a2c8       0x13 CMakeFiles/src.dir/Users/paulbaudinot/pico/pico-sdk/src/common/pico_util/pheap.c.obj
 *fill*         0x1000a2db        0x1 
 .rodata.__func__.2
                0x1000a2dc       0x12 CMakeFiles/src.dir/Users/paulbaudinot/pico/pico-sdk/src/common/pico_util/pheap.c.obj
 *fill*         0x1000a2ee        0x2 
 .rodata.__func__.3
                0x1000a2f0        0xc CMakeFiles/src.dir/Users/paulbaudinot/pico/pico-sdk/src/common/pico_util/pheap.c.obj
 .rodata.clock_configure.str1.4
                0x1000a2fc       0x5e CMakeFiles/src.dir/Users/paulbaudinot/pico/pico-sdk/src/rp2_common/hardware_clocks/clocks.c.obj
 .rodata.__func__.1
                0x1000a2fc       0x10 CMakeFiles/src.dir/Users/paulbaudinot/pico/pico-sdk/src/rp2_common/hardware_clocks/clocks.c.obj
 .rodata.pll_init.str1.4
                0x1000a30c      0x128 CMakeFiles/src.dir/Users/paulbaudinot/pico/pico-sdk/src/rp2_common/hardware_pll/pll.c.obj
 .rodata.__func__.0
                0x1000a30c        0x9 CMakeFiles/src.dir/Users/paulbaudinot/pico/pico-sdk/src/rp2_common/hardware_pll/pll.c.obj
 .rodata.__assert_func.str1.4
                0x1000a315       0x43 CMakeFiles/src.dir/Users/paulbaudinot/pico/pico-sdk/src/rp2_common/pico_runtime/runtime.c.obj
 .rodata.runtime_init.str1.4
                0x1000a315       0x68 CMakeFiles/src.dir/Users/paulbaudinot/pico/pico-sdk/src/rp2_common/pico_runtime/runtime.c.obj
 .rodata.panic.str1.4
                0x1000a315       0x12 CMakeFiles/src.dir/Users/paulbaudinot/pico/pico-sdk/src/rp2_common/pico_runtime/runtime.c.obj
 *fill*         0x1000a315        0x3 
 .rodata.__func__.2
                0x1000a318        0xd CMakeFiles/src.dir/Users/paulbaudinot/pico/pico-sdk/src/rp2_common/pico_runtime/runtime.c.obj
 .rodata._ftoa.str1.4
                0x1000a325       0x15 CMakeFiles/src.dir/Users/paulbaudinot/pico/pico-sdk/src/rp2_common/pico_printf/printf.c.obj
 *fill*         0x1000a325        0x3 
 .rodata._vsnprintf
                0x1000a328      0x19c CMakeFiles/src.dir/Users/paulbaudinot/pico/pico-sdk/src/rp2_common/pico_printf/printf.c.obj
 *fill*         0x1000a4c4        0x4 
 .rodata.pow10.0
                0x1000a4c8       0x50 CMakeFiles/src.dir/Users/paulbaudinot/pico/pico-sdk/src/rp2_common/pico_printf/printf.c.obj
 .rodata.__aeabi_double_init.str1.4
                0x1000a518       0xa3 CMakeFiles/src.dir/Users/paulbaudinot/pico/pico-sdk/src/rp2_common/pico_double/double_init_rom.c.obj
 .rodata.__func__.0
                0x1000a518       0x14 CMakeFiles/src.dir/Users/paulbaudinot/pico/pico-sdk/src/rp2_common/pico_double/double_init_rom.c.obj
 .rodata.__aeabi_float_init.str1.4
                0x1000a52c       0x85 CMakeFiles/src.dir/Users/paulbaudinot/pico/pico-sdk/src/rp2_common/pico_float/float_init_rom.c.obj
 .rodata.__func__.0
                0x1000a52c       0x13 CMakeFiles/src.dir/Users/paulbaudinot/pico/pico-sdk/src/rp2_common/pico_float/float_init_rom.c.obj
 .rodata.check_alloc.str1.4
                0x1000a53f        0xe CMakeFiles/src.dir/Users/paulbaudinot/pico/pico-sdk/src/rp2_common/pico_malloc/pico_malloc.c.obj
 .rodata.str1.4
                0x1000a53f       0x38 CMakeFiles/src.dir/Users/paulbaudinot/pico/pico-sdk/src/rp2_common/pico_standard_link/binary_info.c.obj
 *fill*         0x1000a53f        0x1 
 .rodata.__bi_81
                0x1000a540        0xc CMakeFiles/src.dir/Users/paulbaudinot/pico/pico-sdk/src/rp2_common/pico_standard_link/binary_info.c.obj
 .rodata.__bi_75
                0x1000a54c        0xc CMakeFiles/src.dir/Users/paulbaudinot/pico/pico-sdk/src/rp2_common/pico_standard_link/binary_info.c.obj
 .rodata.__bi_44
                0x1000a558        0xc CMakeFiles/src.dir/Users/paulbaudinot/pico/pico-sdk/src/rp2_common/pico_standard_link/binary_info.c.obj
 .rodata.update_us_since_boot.str1.4
                0x1000a564       0x68 CMakeFiles/src.dir/Users/paulbaudinot/pico/pico-sdk/src/rp2_common/pico_stdio/stdio.c.obj
 .rodata.crlf_str.2
                0x1000a564        0x2 CMakeFiles/src.dir/Users/paulbaudinot/pico/pico-sdk/src/rp2_common/pico_stdio/stdio.c.obj
 *fill*         0x1000a566        0x2 
 .rodata.__func__.3
                0x1000a568       0x15 CMakeFiles/src.dir/Users/paulbaudinot/pico/pico-sdk/src/rp2_common/pico_stdio/stdio.c.obj
 *fill*         0x1000a57d        0x3 
 .rodata._resetd_driver
                0x1000a580       0x18 CMakeFiles/src.dir/Users/paulbaudinot/pico/pico-sdk/src/rp2_common/pico_stdio_usb/reset_interface.c.obj
 .rodata.update_us_since_boot.str1.4
                0x1000a598       0x68 CMakeFiles/src.dir/Users/paulbaudinot/pico/pico-sdk/src/rp2_common/pico_stdio_usb/stdio_usb.c.obj
 .rodata.stdio_usb_init.str1.4
                0x1000a598       0x54 CMakeFiles/src.dir/Users/paulbaudinot/pico/pico-sdk/src/rp2_common/pico_stdio_usb/stdio_usb.c.obj
 .rodata.str1.4
                0x1000a598       0x13 CMakeFiles/src.dir/Users/paulbaudinot/pico/pico-sdk/src/rp2_common/pico_stdio_usb/stdio_usb.c.obj
 .rodata.__bi_182.0
                0x1000a598        0xc CMakeFiles/src.dir/Users/paulbaudinot/pico/pico-sdk/src/rp2_common/pico_stdio_usb/stdio_usb.c.obj
 .rodata.__func__.1
                0x1000a5a4        0xf CMakeFiles/src.dir/Users/paulbaudinot/pico/pico-sdk/src/rp2_common/pico_stdio_usb/stdio_usb.c.obj
 *fill*         0x1000a5b3        0x1 
 .rodata.__func__.3
                0x1000a5b4       0x15 CMakeFiles/src.dir/Users/paulbaudinot/pico/pico-sdk/src/rp2_common/pico_stdio_usb/stdio_usb.c.obj
 .rodata.str1.4
                0x1000a5c9       0x2a CMakeFiles/src.dir/Users/paulbaudinot/pico/pico-sdk/src/rp2_common/pico_stdio_usb/stdio_usb_descriptors.c.obj
 *fill*         0x1000a5c9        0x3 
 .rodata.usbd_desc_str
                0x1000a5cc       0x18 CMakeFiles/src.dir/Users/paulbaudinot/pico/pico-sdk/src/rp2_common/pico_stdio_usb/stdio_usb_descriptors.c.obj
 .rodata.usbd_desc_cfg
                0x1000a5e4       0x54 CMakeFiles/src.dir/Users/paulbaudinot/pico/pico-sdk/src/rp2_common/pico_stdio_usb/stdio_usb_descriptors.c.obj
 .rodata.usbd_desc_device
                0x1000a638       0x12 CMakeFiles/src.dir/Users/paulbaudinot/pico/pico-sdk/src/rp2_common/pico_stdio_usb/stdio_usb_descriptors.c.obj
 .rodata.pico_get_unique_board_id_string.str1.4
                0x1000a64a       0x54 CMakeFiles/src.dir/Users/paulbaudinot/pico/pico-sdk/src/rp2_common/pico_unique_id/unique_id.c.obj
 *fill*         0x1000a64a        0x2 
 .rodata.__func__.0
                0x1000a64c       0x20 CMakeFiles/src.dir/Users/paulbaudinot/pico/pico-sdk/src/rp2_common/pico_unique_id/unique_id.c.obj
 .rodata.str1.4
                0x1000a66c      0x15e CMakeFiles/src.dir/Users/paulbaudinot/pico/pico-sdk/src/rp2_common/hardware_flash/flash.c.obj
 .rodata.__func__.0
                0x1000a66c        0xd CMakeFiles/src.dir/Users/paulbaudinot/pico/pico-sdk/src/rp2_common/hardware_flash/flash.c.obj
 .rodata._hw_endpoint_alloc.str1.4
                0x1000a679       0xbd CMakeFiles/src.dir/Users/paulbaudinot/pico/pico-sdk/lib/tinyusb/src/portable/raspberrypi/rp2040/dcd_rp2040.c.obj
 .rodata.str1.4
                0x1000a679       0x14 CMakeFiles/src.dir/Users/paulbaudinot/pico/pico-sdk/lib/tinyusb/src/portable/raspberrypi/rp2040/dcd_rp2040.c.obj
 .rodata.dcd_int_enable.str1.4
                0x1000a679        0xc CMakeFiles/src.dir/Users/paulbaudinot/pico/pico-sdk/lib/tinyusb/src/portable/raspberrypi/rp2040/dcd_rp2040.c.obj
 *fill*         0x1000a679        0x3 
 .rodata.__func__.0
                0x1000a67c        0xe CMakeFiles/src.dir/Users/paulbaudinot/pico/pico-sdk/lib/tinyusb/src/portable/raspberrypi/rp2040/dcd_rp2040.c.obj
 *fill*         0x1000a68a        0x2 
 .rodata.__func__.1
                0x1000a68c        0xe CMakeFiles/src.dir/Users/paulbaudinot/pico/pico-sdk/lib/tinyusb/src/portable/raspberrypi/rp2040/dcd_rp2040.c.obj
 *fill*         0x1000a69a        0x2 
 .rodata.__func__.3
                0x1000a69c       0x10 CMakeFiles/src.dir/Users/paulbaudinot/pico/pico-sdk/lib/tinyusb/src/portable/raspberrypi/rp2040/dcd_rp2040.c.obj
 .rodata.__func__.5
                0x1000a6ac        0xf CMakeFiles/src.dir/Users/paulbaudinot/pico/pico-sdk/lib/tinyusb/src/portable/raspberrypi/rp2040/dcd_rp2040.c.obj
 *fill*         0x1000a6bb        0x1 
 .rodata.__func__.6
                0x1000a6bc       0x13 CMakeFiles/src.dir/Users/paulbaudinot/pico/pico-sdk/lib/tinyusb/src/portable/raspberrypi/rp2040/dcd_rp2040.c.obj
 *fill*         0x1000a6cf        0x1 
 .rodata.__func__.7
                0x1000a6d0        0x9 CMakeFiles/src.dir/Users/paulbaudinot/pico/pico-sdk/lib/tinyusb/src/portable/raspberrypi/rp2040/dcd_rp2040.c.obj
 .rodata.str1.4
                0x1000a6d9       0xef CMakeFiles/src.dir/Users/paulbaudinot/pico/pico-sdk/lib/tinyusb/src/portable/raspberrypi/rp2040/rp2040_usb.c.obj
 *fill*         0x1000a6d9        0x3 
 .rodata.__func__.0
                0x1000a6dc        0xf CMakeFiles/src.dir/Users/paulbaudinot/pico/pico-sdk/lib/tinyusb/src/portable/raspberrypi/rp2040/rp2040_usb.c.obj
 *fill*         0x1000a6eb        0x1 
 .rodata.process_get_descriptor
                0x1000a6ec       0x40 CMakeFiles/src.dir/Users/paulbaudinot/pico/pico-sdk/lib/tinyusb/src/device/usbd.c.obj
 .rodata.process_control_request
                0x1000a72c       0x28 CMakeFiles/src.dir/Users/paulbaudinot/pico/pico-sdk/lib/tinyusb/src/device/usbd.c.obj
 .rodata.tud_task_ext
                0x1000a754       0x24 CMakeFiles/src.dir/Users/paulbaudinot/pico/pico-sdk/lib/tinyusb/src/device/usbd.c.obj
 .rodata._usbd_driver
                0x1000a778       0x18 CMakeFiles/src.dir/Users/paulbaudinot/pico/pico-sdk/lib/tinyusb/src/device/usbd.c.obj
 .rodata.i2c_set_baudrate.str1.4
                0x1000a790       0x64 CMakeFiles/src.dir/Users/paulbaudinot/pico/pico-sdk/src/rp2_common/hardware_i2c/i2c.c.obj
 .rodata.__func__.0
                0x1000a790       0x11 CMakeFiles/src.dir/Users/paulbaudinot/pico/pico-sdk/src/rp2_common/hardware_i2c/i2c.c.obj
 .rodata.Horloge.str1.4
                0x1000a7a1       0x2d source/libsource.a(Horloge.c.obj)
 .rodata.Paint_DrawPoint.str1.4
                0x1000a7a1       0x49 lib/GUI/libGUI.a(GUI_Paint.c.obj)
 .rodata.DEV_SET_PWM.str1.4
                0x1000a7a1       0x14 lib/Config/libConfig.a(DEV_Config.c.obj)
 .rodata.DEV_Module_Init.str1.4
                0x1000a7a1       0x15 lib/Config/libConfig.a(DEV_Config.c.obj)
                0x1000a7f4                        . = ALIGN (0x4)
 *fill*         0x1000a7a1        0x3 
 *(SORT_BY_ALIGNMENT(SORT_BY_NAME(.flashdata*)))
                0x1000a7a4                        . = ALIGN (0x4)

.ARM.extab
 *(.ARM.extab* .gnu.linkonce.armextab.*)