Archive member included to satisfy reference by file (symbol)

source/libsource.a(Horloge.c.obj)
                              CMakeFiles/src.dir/main.c.obj (Horloge)
lib/LCD/libLCD.a(LCD_1in28.c.obj)
                              source/libsource.a(Horloge.c.obj) (LCD_1IN28)
lib/GUI/libGUI.a(GUI_Paint.c.obj)
                              source/libsource.a(Horloge.c.obj) (Paint_NewImage)
lib/Fonts/libFonts.a(font24.c.obj)
                              source/libsource.a(Horloge.c.obj) (Font24)
lib/Config/libConfig.a(DEV_Config.c.obj)
                              lib/LCD/libLCD.a(LCD_1in28.c.obj) (DEV_Delay_ms)
/Applications/ArmGNUToolchain/13.2.Rel1/arm-none-eabi/bin/../lib/gcc/arm-none-eabi/13.2.1/thumb/v6-m/nofp/libgcc.a(_dvmd_tls.o)
                              CMakeFiles/src.dir/Users/paulbaudinot/pico/pico-sdk/src/rp2_common/pico_divider/divider.S.obj (__aeabi_idiv0)
/Applications/ArmGNUToolchain/13.2.Rel1/arm-none-eabi/bin/../lib/gcc/arm-none-eabi/13.2.1/../../../../arm-none-eabi/lib/thumb/v6-m/nofp/libg.a(libc_a-calloc.o)
                              CMakeFiles/src.dir/Users/paulbaudinot/pico/pico-sdk/src/rp2_common/pico_malloc/pico_malloc.c.obj (calloc)
/Applications/ArmGNUToolchain/13.2.Rel1/arm-none-eabi/bin/../lib/gcc/arm-none-eabi/13.2.1/../../../../arm-none-eabi/lib/thumb/v6-m/nofp/libg.a(libc_a-callocr.o)
                              /Applications/ArmGNUToolchain/13.2.Rel1/arm-none-eabi/bin/../lib/gcc/arm-none-eabi/13.2.1/../../../../arm-none-eabi/lib/thumb/v6-m/nofp/libg.a(libc_a-calloc.o) (_calloc_r)
/Applications/ArmGNUToolchain/13.2.Rel1/arm-none-eabi/bin/../lib/gcc/arm-none-eabi/13.2.1/../../../../arm-none-eabi/lib/thumb/v6-m/nofp/libg.a(libc_a-malloc.o)
                              CMakeFiles/src.dir/Users/paulbaudinot/pico/pico-sdk/src/rp2_common/pico_malloc/pico_malloc.c.obj (malloc)
/Applications/ArmGNUToolchain/13.2.Rel1/arm-none-eabi/bin/../lib/gcc/arm-none-eabi/13.2.1/../../../../arm-none-eabi/lib/thumb/v6-m/nofp/libg.a(libc_a-mallocr.o)
                              /Applications/ArmGNUToolchain/13.2.Rel1/arm-none-eabi/bin/../lib/gcc/arm-none-eabi/13.2.1/../../../../arm-none-eabi/lib/thumb/v6-m/nofp/libg.a(libc_a-callocr.o) (_malloc_r)
/Applications/ArmGNUToolchain/13.2.Rel1/arm-none-eabi/bin/../lib/gcc/arm-none-eabi/13.2.1/../../../../arm-none-eabi/lib/thumb/v6-m/nofp/libg.a(libc_a-mlock.o)
                              /Applications/ArmGNUToolchain/13.2.Rel1/arm-none-eabi/bin/../lib/gcc/arm-none-eabi/13.2.1/../../../../arm-none-eabi/lib/thumb/v6-m/nofp/libg.a(libc_a-mallocr.o) (__malloc_lock)
/Applications/ArmGNUToolchain/13.2.Rel1/arm-none-eabi/bin/../lib/gcc/arm-none-eabi/13.2.1/../../../../arm-none-eabi/lib/thumb/v6-m/nofp/libg.a(libc_a-realloc.o)
                              CMakeFiles/src.dir/Users/paulbaudinot/pico/pico-sdk/src/rp2_common/pico_malloc/pico_malloc.c.obj (realloc)
/Applications/ArmGNUToolchain/13.2.Rel1/arm-none-eabi/bin/../lib/gcc/arm-none-eabi/13.2.1/../../../../arm-none-eabi/lib/thumb/v6-m/nofp/libg.a(libc_a-reallocr.o)
                              /Applications/ArmGNUToolchain/13.2.Rel1/arm-none-eabi/bin/../lib/gcc/arm-none-eabi/13.2.1/../../../../arm-none-eabi/lib/thumb/v6-m/nofp/libg.a(libc_a-realloc.o) (_realloc_r)
/Applications/ArmGNUToolchain/13.2.Rel1/arm-none-eabi/bin/../lib/gcc/arm-none-eabi/13.2.1/../../../../arm-none-eabi/lib/thumb/v6-m/nofp/libg.a(libc_a-memmove.o)
                              /Applications/ArmGNUToolchain/13.2.Rel1/arm-none-eabi/bin/../lib/gcc/arm-none-eabi/13.2.1/../../../../arm-none-eabi/lib/thumb/v6-m/nofp/libg.a(libc_a-reallocr.o) (memmove)
/Applications/ArmGNUToolchain/13.2.Rel1/arm-none-eabi/bin/../lib/gcc/arm-none-eabi/13.2.1/../../../../arm-none-eabi/lib/thumb/v6-m/nofp/libg.a(libc_a-impure.o)
                              /Applications/ArmGNUToolchain/13.2.Rel1/arm-none-eabi/bin/../lib/gcc/arm-none-eabi/13.2.1/../../../../arm-none-eabi/lib/thumb/v6-m/nofp/libg.a(libc_a-calloc.o) (_impure_ptr)
/Applications/ArmGNUToolchain/13.2.Rel1/arm-none-eabi/bin/../lib/gcc/arm-none-eabi/13.2.1/../../../../arm-none-eabi/lib/thumb/v6-m/nofp/libg.a(libc_a-sbrkr.o)
                              /Applications/ArmGNUToolchain/13.2.Rel1/arm-none-eabi/bin/../lib/gcc/arm-none-eabi/13.2.1/../../../../arm-none-eabi/lib/thumb/v6-m/nofp/libg.a(libc_a-mallocr.o) (_sbrk_r)
/Applications/ArmGNUToolchain/13.2.Rel1/arm-none-eabi/bin/../lib/gcc/arm-none-eabi/13.2.1/../../../../arm-none-eabi/lib/thumb/v6-m/nofp/libg.a(libc_a-errno.o)
                              /Applications/ArmGNUToolchain/13.2.Rel1/arm-none-eabi/bin/../lib/gcc/arm-none-eabi/13.2.1/../../../../arm-none-eabi/lib/thumb/v6-m/nofp/libg.a(libc_a-callocr.o) (__errno)
/Applications/ArmGNUToolchain/13.2.Rel1/arm-none-eabi/bin/../lib/gcc/arm-none-eabi/13.2.1/../../../../arm-none-eabi/lib/thumb/v6-m/nofp/libg.a(libc_a-sysconf.o)
[...]
Memory Configuration

Name             Origin             Length             Attributes
FLASH            0x10000000         0x00200000         xr
RAM              0x20000000         0x00040000         xrw
SCRATCH_X        0x20040000         0x00001000         xrw
SCRATCH_Y        0x20041000         0x00001000         xrw
*default*        0x00000000         0xffffffff

Linker script and memory map

LOAD /Applications/ArmGNUToolchain/13.2.Rel1/arm-none-eabi/bin/../lib/gcc/arm-none-eabi/13.2.1/thumb/v6-m/nofp/crti.o
LOAD /Applications/ArmGNUToolchain/13.2.Rel1/arm-none-eabi/bin/../lib/gcc/arm-none-eabi/13.2.1/thumb/v6-m/nofp/crtbegin.o
LOAD /Applications/ArmGNUToolchain/13.2.Rel1/arm-none-eabi/bin/../lib/gcc/arm-none-eabi/13.2.1/../../../../arm-none-eabi/lib/thumb/v6-m/nofp/crt0.o

.flash_begin    0x10000000        0x0
                0x10000000                        __flash_binary_start = .

.boot2          0x10000000      0x100
                0x10000000                        __boot2_start__ = .
 *(.boot2)
 .boot2         0x10000000      0x100 /var/folders/jj/ry83w8qs65145wyhl5x322rw0000gn/T//cccfmJ01.o
                0x10000100                        __boot2_end__ = .
                0x00000001                        ASSERT (((__boot2_end__ - __boot2_start__) == 0x100), ERROR: Pico second stage bootloader must be 256 bytes in size)

.text           0x10000100     0x9630
                0x10000100                        __logical_binary_start = .
 *(.vectors)
 .vectors       0x10000100       0xd4 CMakeFiles/src.dir/Users/paulbaudinot/pico/pico-sdk/src/rp2_common/pico_standard_link/crt0.S.obj
                0x10000100                __VECTOR_TABLE
                0x10000100                __vectors
                0x100001c0                __default_isrs_start
                0x100001c0                isr_invalid
                0x100001c2                isr_nmi
                0x100001c4                isr_hardfault
                0x100001c6                isr_svcall
                0x100001c8                isr_pendsv
                0x100001ca                isr_systick
                0x100001cc                isr_irq28
                0x100001cc                isr_irq19
                0x100001cc                isr_irq0
                0x100001cc                isr_irq6
                0x100001cc                isr_irq22
                0x100001cc                isr_irq17
                0x100001cc                isr_irq14
                0x100001cc                isr_irq2
                0x100001cc                isr_irq10
                0x100001cc                isr_irq8
                0x100001cc                isr_irq24
                0x100001cc                isr_irq1
                0x100001cc                isr_irq7
                0x100001cc                isr_irq21
                0x100001cc                isr_irq20
                0x100001cc                isr_irq15
                0x100001cc                isr_irq25
                0x100001cc                isr_irq4
                0x100001cc                isr_irq16
                0x100001cc                isr_irq29
                0x100001cc                isr_irq26
                0x100001cc                __default_isrs_end
                0x100001cc                isr_irq3
                0x100001cc                isr_irq9
                0x100001cc                __unhandled_user_irq
                0x100001cc                isr_irq13
                0x100001cc                isr_irq27
                0x100001cc                isr_irq31
                0x100001cc                isr_irq5
                0x100001cc                isr_irq11
                0x100001cc                isr_irq23
                0x100001cc                isr_irq18
                0x100001cc                isr_irq30
                0x100001cc                isr_irq12
                0x100001d2                unhandled_user_irq_num_in_r0
 *(.binary_info_header)
 .binary_info_header
                0x100001d4       0x14 CMakeFiles/src.dir/Users/paulbaudinot/pico/pico-sdk/src/rp2_common/pico_standard_link/crt0.S.obj
                0x100001e8                        __binary_info_header_end = .
 *(.reset)
 .reset         0x100001e8       0xa0 CMakeFiles/src.dir/Users/paulbaudinot/pico/pico-sdk/src/rp2_common/pico_standard_link/crt0.S.obj
                0x100001e8                _entry_point
 .reset         0x10000288       0x30 CMakeFiles/src.dir/Users/paulbaudinot/pico/pico-sdk/src/rp2_common/pico_standard_link/binary_info.c.obj
 *(.init)
 .init          0x100002b8        0x4 /Applications/ArmGNUToolchain/13.2.Rel1/arm-none-eabi/bin/../lib/gcc/arm-none-eabi/13.2.1/thumb/v6-m/nofp/crti.o
                0x100002b8                _init
 *(EXCLUDE_FILE(*libm.a: *libc.a:*lib_a-mem*.o *libgcc.a:) .text*)
 .text.register_tm_clones
                0x100002bc       0x28 /Applications/ArmGNUToolchain/13.2.Rel1/arm-none-eabi/bin/../lib/gcc/arm-none-eabi/13.2.1/thumb/v6-m/nofp/crtbegin.o
 .text.frame_dummy
                0x100002e4       0x24 /Applications/ArmGNUToolchain/13.2.Rel1/arm-none-eabi/bin/../lib/gcc/arm-none-eabi/13.2.1/thumb/v6-m/nofp/crtbegin.o
 .text.update_us_since_boot
                0x10000308       0x24 CMakeFiles/src.dir/main.c.obj
 .text.get_absolute_time
                0x1000032c       0x22 CMakeFiles/src.dir/main.c.obj
 .text.main     0x1000034e       0x1c CMakeFiles/src.dir/main.c.obj
                0x1000034e                main
 *fill*         0x1000036a        0x2 
 .text.gpio_set_function
                0x1000036c       0x30 CMakeFiles/src.dir/Users/paulbaudinot/pico/pico-sdk/src/rp2_common/hardware_gpio/gpio.c.obj
                0x1000036c                gpio_set_function
 .text.gpio_set_pulls
                0x1000039c       0x34 CMakeFiles/src.dir/Users/paulbaudinot/pico/pico-sdk/src/rp2_common/hardware_gpio/gpio.c.obj
                0x1000039c                gpio_set_pulls
 .text.gpio_set_input_enabled
                0x100003d0       0x30 CMakeFiles/src.dir/Users/paulbaudinot/pico/pico-sdk/src/rp2_common/hardware_gpio/gpio.c.obj
                0x100003d0                gpio_set_input_enabled
 .text.gpio_init
                0x10000400       0x16 CMakeFiles/src.dir/Users/paulbaudinot/pico/pico-sdk/src/rp2_common/hardware_gpio/gpio.c.obj
                0x10000400                gpio_init
 *fill*         0x10000416        0x2 
 .text.running_on_fpga
                0x10000418       0x14 CMakeFiles/src.dir/Users/paulbaudinot/pico/pico-sdk/src/rp2_common/pico_platform/platform.c.obj
                0x10000418                running_on_fpga
 .text.hw_claim_lock
                0x1000042c       0x18 CMakeFiles/src.dir/Users/paulbaudinot/pico/pico-sdk/src/rp2_common/hardware_claim/claim.c.obj
                0x1000042c                hw_claim_lock
 .text.hw_claim_unlock
                0x10000444       0x14 CMakeFiles/src.dir/Users/paulbaudinot/pico/pico-sdk/src/rp2_common/hardware_claim/claim.c.obj
                0x10000444                hw_claim_unlock
 .text.hw_claim_or_assert
                0x10000458       0x32 CMakeFiles/src.dir/Users/paulbaudinot/pico/pico-sdk/src/rp2_common/hardware_claim/claim.c.obj
                0x10000458                hw_claim_or_assert
 .text.hw_claim_unused_from_range
                0x1000048a       0x50 CMakeFiles/src.dir/Users/paulbaudinot/pico/pico-sdk/src/rp2_common/hardware_claim/claim.c.obj
                0x1000048a                hw_claim_unused_from_range
 *fill*         0x100004da        0x2 
 .text.spin_locks_reset
                0x100004dc       0x20 CMakeFiles/src.dir/Users/paulbaudinot/pico/pico-sdk/src/rp2_common/hardware_sync/sync.c.obj
                0x100004dc                spin_locks_reset
 .text.next_striped_spin_lock_num
                0x100004fc       0x1c CMakeFiles/src.dir/Users/paulbaudinot/pico/pico-sdk/src/rp2_common/hardware_sync/sync.c.obj
                0x100004fc                next_striped_spin_lock_num
 .text.spin_lock_claim_unused
                0x10000518       0x24 CMakeFiles/src.dir/Users/paulbaudinot/pico/pico-sdk/src/rp2_common/hardware_sync/sync.c.obj
                0x10000518                spin_lock_claim_unused
 .text.set_raw_irq_handler_and_unlock
                0x1000053c       0x28 CMakeFiles/src.dir/Users/paulbaudinot/pico/pico-sdk/src/rp2_common/hardware_irq/irq.c.obj
 .text.resolve_branch
                0x10000564       0x30 CMakeFiles/src.dir/Users/paulbaudinot/pico/pico-sdk/src/rp2_common/hardware_irq/irq.c.obj
 .text.make_branch
                0x10000594       0x48 CMakeFiles/src.dir/Users/paulbaudinot/pico/pico-sdk/src/rp2_common/hardware_irq/irq.c.obj
 .text.insert_branch_and_link
                0x100005dc       0x40 CMakeFiles/src.dir/Users/paulbaudinot/pico/pico-sdk/src/rp2_common/hardware_irq/irq.c.obj
 .text.irq_is_enabled
                0x1000061c       0x18 CMakeFiles/src.dir/Users/paulbaudinot/pico/pico-sdk/src/rp2_common/hardware_irq/irq.c.obj
                0x1000061c                irq_is_enabled
 .text.irq_set_mask_enabled
                0x10000634       0x20 CMakeFiles/src.dir/Users/paulbaudinot/pico/pico-sdk/src/rp2_common/hardware_irq/irq.c.obj
                0x10000634                irq_set_mask_enabled
 .text.irq_set_enabled
                0x10000654        0xe CMakeFiles/src.dir/Users/paulbaudinot/pico/pico-sdk/src/rp2_common/hardware_irq/irq.c.obj
                0x10000654                irq_set_enabled
 *fill*         0x10000662        0x2 
 .text.irq_set_pending
                0x10000664       0x10 CMakeFiles/src.dir/Users/paulbaudinot/pico/pico-sdk/src/rp2_common/hardware_irq/irq.c.obj
                0x10000664                irq_set_pending
 .text.irq_get_vtable_handler
                0x10000674       0x10 CMakeFiles/src.dir/Users/paulbaudinot/pico/pico-sdk/src/rp2_common/hardware_irq/irq.c.obj
                0x10000674                irq_get_vtable_handler
 .text.irq_has_shared_handler
                0x10000684       0x24 CMakeFiles/src.dir/Users/paulbaudinot/pico/pico-sdk/src/rp2_common/hardware_irq/irq.c.obj
                0x10000684                irq_has_shared_handler
 .text.irq_set_exclusive_handler
                0x100006a8       0x54 CMakeFiles/src.dir/Users/paulbaudinot/pico/pico-sdk/src/rp2_common/hardware_irq/irq.c.obj
                0x100006a8                irq_set_exclusive_handler
 .text.irq_add_shared_handler
                0x100006fc      0x210 CMakeFiles/src.dir/Users/paulbaudinot/pico/pico-sdk/src/rp2_common/hardware_irq/irq.c.obj
                0x100006fc                irq_add_shared_handler
 .text.irq_remove_handler
                0x1000090c      0x188 CMakeFiles/src.dir/Users/paulbaudinot/pico/pico-sdk/src/rp2_common/hardware_irq/irq.c.obj
                0x1000090c                irq_remove_handler
 .text.irq_add_tail_to_free_list
                0x10000a94       0xf0 CMakeFiles/src.dir/Users/paulbaudinot/pico/pico-sdk/src/rp2_common/hardware_irq/irq.c.obj
                0x10000a94                irq_add_tail_to_free_list
 .text.irq_init_priorities
                0x10000b84       0x1c CMakeFiles/src.dir/Users/paulbaudinot/pico/pico-sdk/src/rp2_common/hardware_irq/irq.c.obj
                0x10000b84                irq_init_priorities
 .text.user_irq_claim_unused
                0x10000ba0       0x2c CMakeFiles/src.dir/Users/paulbaudinot/pico/pico-sdk/src/rp2_common/hardware_irq/irq.c.obj
                0x10000ba0                user_irq_claim_unused
 .text.lock_init
                0x10000bcc       0x10 CMakeFiles/src.dir/Users/paulbaudinot/pico/pico-sdk/src/common/pico_sync/lock_core.c.obj
                0x10000bcc                lock_init
 .text.update_us_since_boot
                0x10000bdc       0x24 CMakeFiles/src.dir/Users/paulbaudinot/pico/pico-sdk/src/common/pico_sync/mutex.c.obj
 .text.delayed_by_ms
                0x10000c00       0x44 CMakeFiles/src.dir/Users/paulbaudinot/pico/pico-sdk/src/common/pico_sync/mutex.c.obj
 .text.get_absolute_time
                0x10000c44       0x22 CMakeFiles/src.dir/Users/paulbaudinot/pico/pico-sdk/src/common/pico_sync/mutex.c.obj
 .text.make_timeout_time_ms
                0x10000c66       0x20 CMakeFiles/src.dir/Users/paulbaudinot/pico/pico-sdk/src/common/pico_sync/mutex.c.obj
 .text.mutex_init
                0x10000c86       0x1a CMakeFiles/src.dir/Users/paulbaudinot/pico/pico-sdk/src/common/pico_sync/mutex.c.obj
                0x10000c86                mutex_init
 .text.recursive_mutex_init
                0x10000ca0       0x1e CMakeFiles/src.dir/Users/paulbaudinot/pico/pico-sdk/src/common/pico_sync/mutex.c.obj
                0x10000ca0                recursive_mutex_init
 *fill*         0x10000cbe        0x2 
 .text.critical_section_init_with_lock_num
                0x10000cc0       0x14 CMakeFiles/src.dir/Users/paulbaudinot/pico/pico-sdk/src/common/pico_sync/critical_section.c.obj
                0x10000cc0                critical_section_init_with_lock_num
 .text.critical_section_init
                0x10000cd4       0x14 CMakeFiles/src.dir/Users/paulbaudinot/pico/pico-sdk/src/common/pico_sync/critical_section.c.obj
                0x10000cd4                critical_section_init
 .text.time_reached
                0x10000ce8       0x28 CMakeFiles/src.dir/Users/paulbaudinot/pico/pico-sdk/src/common/pico_time/time.c.obj
 .text.get_entry
                0x10000d10       0x38 CMakeFiles/src.dir/Users/paulbaudinot/pico/pico-sdk/src/common/pico_time/time.c.obj
 .text.timer_pool_entry_comparator
                0x10000d48       0x2e CMakeFiles/src.dir/Users/paulbaudinot/pico/pico-sdk/src/common/pico_time/time.c.obj
                0x10000d48                timer_pool_entry_comparator
 *fill*         0x10000d76        0x2 
 .text.update_us_since_boot
                0x10000d78       0x24 CMakeFiles/src.dir/Users/paulbaudinot/pico/pico-sdk/src/common/pico_time/time.c.obj
 .text.delayed_by_us
                0x10000d9c       0x34 CMakeFiles/src.dir/Users/paulbaudinot/pico/pico-sdk/src/common/pico_time/time.c.obj
 .text.ph_get_node
                0x10000dd0       0x30 CMakeFiles/src.dir/Users/paulbaudinot/pico/pico-sdk/src/common/pico_time/time.c.obj
 .text.ph_contains_node
                0x10000e00       0x1e CMakeFiles/src.dir/Users/paulbaudinot/pico/pico-sdk/src/common/pico_time/time.c.obj
 .text.ph_new_node
                0x10000e1e       0x28 CMakeFiles/src.dir/Users/paulbaudinot/pico/pico-sdk/src/common/pico_time/time.c.obj
 *fill*         0x10000e46        0x2 
 .text.ph_add_child_node
                0x10000e48       0x6c CMakeFiles/src.dir/Users/paulbaudinot/pico/pico-sdk/src/common/pico_time/time.c.obj
 .text.ph_merge_nodes
                0x10000eb4       0x3e CMakeFiles/src.dir/Users/paulbaudinot/pico/pico-sdk/src/common/pico_time/time.c.obj
 *fill*         0x10000ef2        0x2 
 .text.ph_insert_node
                0x10000ef4       0x3c CMakeFiles/src.dir/Users/paulbaudinot/pico/pico-sdk/src/common/pico_time/time.c.obj
 .text.ph_free_node
                0x10000f30       0x5c CMakeFiles/src.dir/Users/paulbaudinot/pico/pico-sdk/src/common/pico_time/time.c.obj
 .text.get_entry_id_high
                0x10000f8c       0x30 CMakeFiles/src.dir/Users/paulbaudinot/pico/pico-sdk/src/common/pico_time/time.c.obj
 .text.alarm_pool_post_alloc_init
                0x10000fbc       0x40 CMakeFiles/src.dir/Users/paulbaudinot/pico/pico-sdk/src/common/pico_time/time.c.obj
 .text.sleep_until_callback
                0x10000ffc       0x30 CMakeFiles/src.dir/Users/paulbaudinot/pico/pico-sdk/src/common/pico_time/time.c.obj
 .text.get_absolute_time
                0x1000102c       0x22 CMakeFiles/src.dir/Users/paulbaudinot/pico/pico-sdk/src/common/pico_time/time.c.obj
 .text.make_timeout_time_us
                0x1000104e       0x24 CMakeFiles/src.dir/Users/paulbaudinot/pico/pico-sdk/src/common/pico_time/time.c.obj
 *fill*         0x10001072        0x2 
 .text.add_alarm_under_lock
                0x10001074       0x94 CMakeFiles/src.dir/Users/paulbaudinot/pico/pico-sdk/src/common/pico_time/time.c.obj
 .text.alarm_pool_alarm_callback
                0x10001108      0x210 CMakeFiles/src.dir/Users/paulbaudinot/pico/pico-sdk/src/common/pico_time/time.c.obj
 .text.alarm_pool_init_default
                0x10001318       0x40 CMakeFiles/src.dir/Users/paulbaudinot/pico/pico-sdk/src/common/pico_time/time.c.obj
                0x10001318                alarm_pool_init_default
 .text.alarm_pool_get_default
                0x10001358       0x2c CMakeFiles/src.dir/Users/paulbaudinot/pico/pico-sdk/src/common/pico_time/time.c.obj
                0x10001358                alarm_pool_get_default
 .text.alarm_pool_add_alarm_at
                0x10001384      0x10e CMakeFiles/src.dir/Users/paulbaudinot/pico/pico-sdk/src/common/pico_time/time.c.obj
                0x10001384                alarm_pool_add_alarm_at
 .text.add_alarm_at
                0x10001492       0x2e CMakeFiles/src.dir/Users/paulbaudinot/pico/pico-sdk/src/common/pico_time/time.c.obj
 .text.alarm_pool_cancel_alarm
                0x100014c0       0xa8 CMakeFiles/src.dir/Users/paulbaudinot/pico/pico-sdk/src/common/pico_time/time.c.obj
                0x100014c0                alarm_pool_cancel_alarm
 .text.cancel_alarm
                0x10001568       0x10 CMakeFiles/src.dir/Users/paulbaudinot/pico/pico-sdk/src/common/pico_time/time.c.obj
 .text.alarm_pool_core_num
                0x10001578        0x4 CMakeFiles/src.dir/Users/paulbaudinot/pico/pico-sdk/src/common/pico_time/time.c.obj
                0x10001578                alarm_pool_core_num
 .text.sleep_until
                0x1000157c       0xb0 CMakeFiles/src.dir/Users/paulbaudinot/pico/pico-sdk/src/common/pico_time/time.c.obj
                0x1000157c                sleep_until
 .text.sleep_us
                0x1000162c       0x1a CMakeFiles/src.dir/Users/paulbaudinot/pico/pico-sdk/src/common/pico_time/time.c.obj
                0x1000162c                sleep_us
 .text.sleep_ms
                0x10001646       0x14 CMakeFiles/src.dir/Users/paulbaudinot/pico/pico-sdk/src/common/pico_time/time.c.obj
                0x10001646                sleep_ms
 *fill*         0x1000165a        0x2 
 .text.best_effort_wfe_or_timeout
                0x1000165c       0x44 CMakeFiles/src.dir/Users/paulbaudinot/pico/pico-sdk/src/common/pico_time/time.c.obj
                0x1000165c                best_effort_wfe_or_timeout
 .text.hardware_alarm_irq_handler
                0x100016a0       0x8c CMakeFiles/src.dir/Users/paulbaudinot/pico/pico-sdk/src/rp2_common/hardware_timer/timer.c.obj
 .text.hardware_alarm_claim
                0x1000172c       0x18 CMakeFiles/src.dir/Users/paulbaudinot/pico/pico-sdk/src/rp2_common/hardware_timer/timer.c.obj
                0x1000172c                hardware_alarm_claim
 .text.time_us_64
                0x10001744       0x18 CMakeFiles/src.dir/Users/paulbaudinot/pico/pico-sdk/src/rp2_common/hardware_timer/timer.c.obj
                0x10001744                time_us_64
 .text.busy_wait_until
                0x1000175c       0x28 CMakeFiles/src.dir/Users/paulbaudinot/pico/pico-sdk/src/rp2_common/hardware_timer/timer.c.obj
                0x1000175c                busy_wait_until
 .text.hardware_alarm_set_callback
                0x10001784       0x90 CMakeFiles/src.dir/Users/paulbaudinot/pico/pico-sdk/src/rp2_common/hardware_timer/timer.c.obj
                0x10001784                hardware_alarm_set_callback
 .text.hardware_alarm_set_target
                0x10001814       0xe8 CMakeFiles/src.dir/Users/paulbaudinot/pico/pico-sdk/src/rp2_common/hardware_timer/timer.c.obj
                0x10001814                hardware_alarm_set_target
 .text.hardware_alarm_cancel
                0x100018fc       0x40 CMakeFiles/src.dir/Users/paulbaudinot/pico/pico-sdk/src/rp2_common/hardware_timer/timer.c.obj
                0x100018fc                hardware_alarm_cancel
 .text.ph_get_node
                0x1000193c       0x30 CMakeFiles/src.dir/Users/paulbaudinot/pico/pico-sdk/src/common/pico_util/pheap.c.obj
 .text.ph_add_child_node
                0x1000196c       0x6c CMakeFiles/src.dir/Users/paulbaudinot/pico/pico-sdk/src/common/pico_util/pheap.c.obj
 .text.ph_merge_nodes
                0x100019d8       0x3e CMakeFiles/src.dir/Users/paulbaudinot/pico/pico-sdk/src/common/pico_util/pheap.c.obj
 .text.ph_clear
                0x10001a16       0x34 CMakeFiles/src.dir/Users/paulbaudinot/pico/pico-sdk/src/common/pico_util/pheap.c.obj
                0x10001a16                ph_clear
 .text.ph_post_alloc_init
                0x10001a4a        0xe CMakeFiles/src.dir/Users/paulbaudinot/pico/pico-sdk/src/common/pico_util/pheap.c.obj
                0x10001a4a                ph_post_alloc_init
 .text.ph_merge_two_pass
                0x10001a58       0x5c CMakeFiles/src.dir/Users/paulbaudinot/pico/pico-sdk/src/common/pico_util/pheap.c.obj
                0x10001a58                ph_merge_two_pass
 .text.ph_remove_any_head
                0x10001ab4       0xc0 CMakeFiles/src.dir/Users/paulbaudinot/pico/pico-sdk/src/common/pico_util/pheap.c.obj
 .text.ph_remove_head
                0x10001b74       0x14 CMakeFiles/src.dir/Users/paulbaudinot/pico/pico-sdk/src/common/pico_util/pheap.c.obj
                0x10001b74                ph_remove_head
 .text.ph_remove_and_free_node
                0x10001b88       0xa0 CMakeFiles/src.dir/Users/paulbaudinot/pico/pico-sdk/src/common/pico_util/pheap.c.obj
                0x10001b88                ph_remove_and_free_node
 .text.clock_configure
                0x10001c28      0x108 CMakeFiles/src.dir/Users/paulbaudinot/pico/pico-sdk/src/rp2_common/hardware_clocks/clocks.c.obj
                0x10001c28                clock_configure
 .text.clocks_init
                0x10001d30      0x100 CMakeFiles/src.dir/Users/paulbaudinot/pico/pico-sdk/src/rp2_common/hardware_clocks/clocks.c.obj
                0x10001d30                clocks_init
 .text.clock_get_hz
                0x10001e30        0xc CMakeFiles/src.dir/Users/paulbaudinot/pico/pico-sdk/src/rp2_common/hardware_clocks/clocks.c.obj
                0x10001e30                clock_get_hz
 .text.pll_init
                0x10001e3c      0x120 CMakeFiles/src.dir/Users/paulbaudinot/pico/pico-sdk/src/rp2_common/hardware_pll/pll.c.obj
                0x10001e3c                pll_init
 .text.watchdog_start_tick
                0x10001f5c       0x10 CMakeFiles/src.dir/Users/paulbaudinot/pico/pico-sdk/src/rp2_common/hardware_watchdog/watchdog.c.obj
                0x10001f5c                watchdog_start_tick
 .text.watchdog_update
                0x10001f6c       0x14 CMakeFiles/src.dir/Users/paulbaudinot/pico/pico-sdk/src/rp2_common/hardware_watchdog/watchdog.c.obj
                0x10001f6c                watchdog_update
 .text._watchdog_enable
                0x10001f80       0x78 CMakeFiles/src.dir/Users/paulbaudinot/pico/pico-sdk/src/rp2_common/hardware_watchdog/watchdog.c.obj
                0x10001f80                _watchdog_enable
 .text.watchdog_reboot
                0x10001ff8       0x48 CMakeFiles/src.dir/Users/paulbaudinot/pico/pico-sdk/src/rp2_common/hardware_watchdog/watchdog.c.obj
                0x10001ff8                watchdog_reboot
 .text.xosc_init
                0x10002040       0x28 CMakeFiles/src.dir/Users/paulbaudinot/pico/pico-sdk/src/rp2_common/hardware_xosc/xosc.c.obj
                0x10002040                xosc_init
 .text._exit    0x10002068        0x4 CMakeFiles/src.dir/Users/paulbaudinot/pico/pico-sdk/src/rp2_common/pico_runtime/runtime.c.obj
                0x10002068                _exit
 .text._sbrk    0x1000206c       0x38 CMakeFiles/src.dir/Users/paulbaudinot/pico/pico-sdk/src/rp2_common/pico_runtime/runtime.c.obj
                0x1000206c                _sbrk
 .text.exit     0x100020a4        0x6 CMakeFiles/src.dir/Users/paulbaudinot/pico/pico-sdk/src/rp2_common/pico_runtime/runtime.c.obj
                0x100020a4                exit
 *fill*         0x100020aa        0x2 
 .text.__assert_func
                0x100020ac       0x38 CMakeFiles/src.dir/Users/paulbaudinot/pico/pico-sdk/src/rp2_common/pico_runtime/runtime.c.obj
                0x100020ac                __assert_func
 .text.runtime_init
                0x100020e4       0xf8 CMakeFiles/src.dir/Users/paulbaudinot/pico/pico-sdk/src/rp2_common/pico_runtime/runtime.c.obj
                0x100020e4                runtime_init
 .text.panic    0x100021dc       0x30 CMakeFiles/src.dir/Users/paulbaudinot/pico/pico-sdk/src/rp2_common/pico_runtime/runtime.c.obj
                0x100021dc                panic
 .text._out_buffer
                0x1000220c        0x8 CMakeFiles/src.dir/Users/paulbaudinot/pico/pico-sdk/src/rp2_common/pico_printf/printf.c.obj
 .text._out_null
                0x10002214        0x2 CMakeFiles/src.dir/Users/paulbaudinot/pico/pico-sdk/src/rp2_common/pico_printf/printf.c.obj
 .text._out_fct
                0x10002216        0xe CMakeFiles/src.dir/Users/paulbaudinot/pico/pico-sdk/src/rp2_common/pico_printf/printf.c.obj
 .text._atoi    0x10002224       0x24 CMakeFiles/src.dir/Users/paulbaudinot/pico/pico-sdk/src/rp2_common/pico_printf/printf.c.obj
 .text._out_rev
                0x10002248       0xae CMakeFiles/src.dir/Users/paulbaudinot/pico/pico-sdk/src/rp2_common/pico_printf/printf.c.obj
 .text._ntoa_format
                0x100022f6      0x110 CMakeFiles/src.dir/Users/paulbaudinot/pico/pico-sdk/src/rp2_common/pico_printf/printf.c.obj
 .text._ntoa_long
                0x10002406       0xbc CMakeFiles/src.dir/Users/paulbaudinot/pico/pico-sdk/src/rp2_common/pico_printf/printf.c.obj
 .text._ntoa_long_long
                0x100024c2      0x10e CMakeFiles/src.dir/Users/paulbaudinot/pico/pico-sdk/src/rp2_common/pico_printf/printf.c.obj
 .text._etoa    0x100025d0      0x420 CMakeFiles/src.dir/Users/paulbaudinot/pico/pico-sdk/src/rp2_common/pico_printf/printf.c.obj
 .text._ftoa    0x100029f0      0x354 CMakeFiles/src.dir/Users/paulbaudinot/pico/pico-sdk/src/rp2_common/pico_printf/printf.c.obj
 .text._vsnprintf
                0x10002d44      0x668 CMakeFiles/src.dir/Users/paulbaudinot/pico/pico-sdk/src/rp2_common/pico_printf/printf.c.obj
 .text.__wrap_sprintf
                0x100033ac       0x2c CMakeFiles/src.dir/Users/paulbaudinot/pico/pico-sdk/src/rp2_common/pico_printf/printf.c.obj
                0x100033ac                __wrap_sprintf
 .text.vfctprintf
                0x100033d8       0x20 CMakeFiles/src.dir/Users/paulbaudinot/pico/pico-sdk/src/rp2_common/pico_printf/printf.c.obj
                0x100033d8                vfctprintf
 .text          0x100033f8       0x10 CMakeFiles/src.dir/Users/paulbaudinot/pico/pico-sdk/src/rp2_common/pico_bit_ops/bit_ops_aeabi.S.obj
 .text.rom_func_lookup
                0x10003408       0x10 CMakeFiles/src.dir/Users/paulbaudinot/pico/pico-sdk/src/rp2_common/pico_bootrom/bootrom.c.obj
                0x10003408                rom_func_lookup
 .text.rom_data_lookup
                0x10003418       0x10 CMakeFiles/src.dir/Users/paulbaudinot/pico/pico-sdk/src/rp2_common/pico_bootrom/bootrom.c.obj
                0x10003418                rom_data_lookup
 .text.rom_funcs_lookup
                0x10003428       0x36 CMakeFiles/src.dir/Users/paulbaudinot/pico/pico-sdk/src/rp2_common/pico_bootrom/bootrom.c.obj
                0x10003428                rom_funcs_lookup
 *fill*         0x1000345e        0x2 
 .text.__wrap___aeabi_idiv
                0x10003460       0x50 CMakeFiles/src.dir/Users/paulbaudinot/pico/pico-sdk/src/rp2_common/pico_divider/divider.S.obj
                0x10003460                __wrap___aeabi_idivmod
                0x10003460                divmod_s32s32
                0x10003460                div_s32s32
                0x10003460                __wrap___aeabi_idiv
                0x10003468                divmod_s32s32_unsafe
                0x10003494                divmod_s32s32_savestate
 .text.__wrap___aeabi_uidiv
                0x100034b0       0x4c CMakeFiles/src.dir/Users/paulbaudinot/pico/pico-sdk/src/rp2_common/pico_divider/divider.S.obj
                0x100034b0                __wrap___aeabi_uidiv
                0x100034b0                __wrap___aeabi_uidivmod
                0x100034b0                div_u32u32
                0x100034b0                divmod_u32u32
                0x100034b8                divmod_u32u32_unsafe
                0x100034e0                divmod_u32u32_savestate
 .text.__wrap___aeabi_ldiv
                0x100034fc      0x424 CMakeFiles/src.dir/Users/paulbaudinot/pico/pico-sdk/src/rp2_common/pico_divider/divider.S.obj
                0x100034fc                __wrap___aeabi_ldivmod
                0x100034fc                div_s64s64
                0x100034fc                divmod_s64s64
                0x1000352c                divmod_u64u64
                0x1000352c                div_u64u64
                0x1000352c                __wrap___aeabi_uldivmod
                0x1000353c                divmod_u64u64_savestate
                0x1000355c                divmod_s64s64_unsafe
                0x100035e4                divmod_u64u64_unsafe
 .text.push_r8_r11
                0x10003920        0xc CMakeFiles/src.dir/Users/paulbaudinot/pico/pico-sdk/src/rp2_common/pico_double/double_aeabi.S.obj
                0x10003920                push_r8_r11
 .text.pop_r8_r11
                0x1000392c        0xc CMakeFiles/src.dir/Users/paulbaudinot/pico/pico-sdk/src/rp2_common/pico_double/double_aeabi.S.obj
                0x1000392c                pop_r8_r11
 .text.__wrap___aeabi_darithmetic
                0x10003938       0x80 CMakeFiles/src.dir/Users/paulbaudinot/pico/pico-sdk/src/rp2_common/pico_double/double_aeabi.S.obj
                0x10003938                __wrap___aeabi_drsub
                0x1000393e                __wrap___aeabi_dsub
                0x10003950                __wrap___aeabi_dadd
                0x10003962                __wrap___aeabi_ddiv
                0x1000399e                __wrap___aeabi_dmul
 .text.__wrap___aeabi_cdcmple
                0x100039b8       0x6c CMakeFiles/src.dir/Users/paulbaudinot/pico/pico-sdk/src/rp2_common/pico_double/double_aeabi.S.obj
                0x100039b8                __wrap___aeabi_cdrcmple
                0x100039c8                __wrap___aeabi_cdcmple
                0x100039c8                __wrap___aeabi_cdcmpeq
 .text.__wrap___aeabi_dcmplt
                0x10003a24        0xc CMakeFiles/src.dir/Users/paulbaudinot/pico/pico-sdk/src/rp2_common/pico_double/double_aeabi.S.obj
                0x10003a24                __wrap___aeabi_dcmplt
 .text.__wrap___aeabi_dcmple
                0x10003a30       0x10 CMakeFiles/src.dir/Users/paulbaudinot/pico/pico-sdk/src/rp2_common/pico_double/double_aeabi.S.obj
                0x10003a30                __wrap___aeabi_dcmple
 .text.__wrap___aeabi_dcmpge
                0x10003a40       0x10 CMakeFiles/src.dir/Users/paulbaudinot/pico/pico-sdk/src/rp2_common/pico_double/double_aeabi.S.obj
                0x10003a40                __wrap___aeabi_dcmpge
 .text.__wrap___aeabi_dcmpgt
                0x10003a50        0xa CMakeFiles/src.dir/Users/paulbaudinot/pico/pico-sdk/src/rp2_common/pico_double/double_aeabi.S.obj
                0x10003a50                __wrap___aeabi_dcmpgt
 .text.__wrap___aeabi_dcmpun
                0x10003a5a       0x1c CMakeFiles/src.dir/Users/paulbaudinot/pico/pico-sdk/src/rp2_common/pico_double/double_aeabi.S.obj
                0x10003a5a                __wrap___aeabi_dcmpun
 *fill*         0x10003a76        0x2 
 .text.__wrap___aeabi_i2d
                0x10003a78       0x38 CMakeFiles/src.dir/Users/paulbaudinot/pico/pico-sdk/src/rp2_common/pico_double/double_aeabi.S.obj
                0x10003a78                __wrap___aeabi_ui2d
                0x10003a80                __wrap___aeabi_i2d
 .text.__wrap___aeabi_d2iz
                0x10003ab0       0x48 CMakeFiles/src.dir/Users/paulbaudinot/pico/pico-sdk/src/rp2_common/pico_double/double_aeabi.S.obj
                0x10003ab0                __wrap___aeabi_d2iz
                0x10003ab0                double2int_z
 .text.__wrap___aeabi_d2uiz
                0x10003af8       0x18 CMakeFiles/src.dir/Users/paulbaudinot/pico/pico-sdk/src/rp2_common/pico_double/double_aeabi.S.obj
                0x10003af8                double2uint
                0x10003af8                __wrap___aeabi_d2uiz
 .text.fix642double
                0x10003b10       0x18 CMakeFiles/src.dir/Users/paulbaudinot/pico/pico-sdk/src/rp2_common/pico_double/double_aeabi.S.obj
                0x10003b10                fix642double
 .text.__wrap_sincostan_remainder
                0x10003b28       0x14 CMakeFiles/src.dir/Users/paulbaudinot/pico/pico-sdk/src/rp2_common/pico_double/double_aeabi.S.obj
                0x10003b28                sincostan_remainder
 .text.__wrap_cos
                0x10003b3c       0x2c CMakeFiles/src.dir/Users/paulbaudinot/pico/pico-sdk/src/rp2_common/pico_double/double_aeabi.S.obj
                0x10003b3c                __wrap_cos
 .text.__wrap_sin
                0x10003b68       0x2c CMakeFiles/src.dir/Users/paulbaudinot/pico/pico-sdk/src/rp2_common/pico_double/double_aeabi.S.obj
                0x10003b68                __wrap_sin
 .text.__aeabi_double_init
                0x10003b94       0xcc CMakeFiles/src.dir/Users/paulbaudinot/pico/pico-sdk/src/rp2_common/pico_double/double_init_rom.c.obj
                0x10003b94                __aeabi_double_init
 .text.drem_0   0x10003c60      0x122 CMakeFiles/src.dir/Users/paulbaudinot/pico/pico-sdk/src/rp2_common/pico_double/double_math.c.obj
 *fill*         0x10003d82        0x2 
 .text.__wrap_remquo
                0x10003d84      0x164 CMakeFiles/src.dir/Users/paulbaudinot/pico/pico-sdk/src/rp2_common/pico_double/double_math.c.obj
                0x10003d84                __wrap_remquo
 .text.__wrap_remainder
                0x10003ee8       0x10 CMakeFiles/src.dir/Users/paulbaudinot/pico/pico-sdk/src/rp2_common/pico_double/double_math.c.obj
                0x10003ee8                __wrap_remainder
 .text.double_table_shim_on_use_helper
                0x10003ef8       0x34 CMakeFiles/src.dir/Users/paulbaudinot/pico/pico-sdk/src/rp2_common/pico_double/double_v1_rom_shim.S.obj
                0x10003ef8                double_table_shim_on_use_helper
 .text.__wrap___aeabi_dsub
                0x10003f2c       0x10 CMakeFiles/src.dir/Users/paulbaudinot/pico/pico-sdk/src/rp2_common/pico_double/double_v1_rom_shim.S.obj
                0x10003f2c                drsub_shim
                0x10003f32                dsub_shim
 .text.dadd_shim
                0x10003f3c      0x15c CMakeFiles/src.dir/Users/paulbaudinot/pico/pico-sdk/src/rp2_common/pico_double/double_v1_rom_shim.S.obj
                0x10003f3c                dadd_shim
 .text.dmul_shim
                0x10004098      0x15c CMakeFiles/src.dir/Users/paulbaudinot/pico/pico-sdk/src/rp2_common/pico_double/double_v1_rom_shim.S.obj
                0x10004098                dmul_shim
 .text.ddiv_shim
                0x100041f4      0x1b0 CMakeFiles/src.dir/Users/paulbaudinot/pico/pico-sdk/src/rp2_common/pico_double/double_v1_rom_shim.S.obj
                0x100041f4                ddiv_shim
 .text.dcordic_vec_step
                0x100043a4        0xe CMakeFiles/src.dir/Users/paulbaudinot/pico/pico-sdk/src/rp2_common/pico_double/double_v1_rom_shim.S.obj
                0x100043a4                dcordic_vec_step
 .text.dcordic_rot_step
                0x100043b2       0x76 CMakeFiles/src.dir/Users/paulbaudinot/pico/pico-sdk/src/rp2_common/pico_double/double_v1_rom_shim.S.obj
                0x100043b2                dcordic_rot_step
 .text.double2uint_shim
                0x10004428        0xe CMakeFiles/src.dir/Users/paulbaudinot/pico/pico-sdk/src/rp2_common/pico_double/double_v1_rom_shim.S.obj
                0x10004428                double2uint_shim
                0x1000442a                double2ufix_shim
 .text.double2int64_shim
                0x10004436       0x1a CMakeFiles/src.dir/Users/paulbaudinot/pico/pico-sdk/src/rp2_common/pico_double/double_v1_rom_shim.S.obj
                0x10004436                double2int64_shim
                0x10004438                double2fix64_shim
 .text.double2uint64_shim
                0x10004450       0x70 CMakeFiles/src.dir/Users/paulbaudinot/pico/pico-sdk/src/rp2_common/pico_double/double_v1_rom_shim.S.obj
                0x10004450                double2uint64_shim
                0x10004452                double2ufix64_shim
                0x10004472                d2fix_a
 .text.x2double_shims
                0x100044c0       0x90 CMakeFiles/src.dir/Users/paulbaudinot/pico/pico-sdk/src/rp2_common/pico_double/double_v1_rom_shim.S.obj
                0x100044c0                uint2double_shim
                0x100044c2                ufix2double_shim
                0x100044c8                int2double_shim
                0x100044ca                fix2double_shim
                0x100044d0                uint642double_shim
                0x100044d2                ufix642double_shim
                0x100044d8                int642double_shim
                0x100044da                fix642double_shim
 .text.dunpacks
                0x10004550       0x3c CMakeFiles/src.dir/Users/paulbaudinot/pico/pico-sdk/src/rp2_common/pico_double/double_v1_rom_shim.S.obj
                0x10004550                dunpacks
 .text.dreduce  0x1000458c       0x82 CMakeFiles/src.dir/Users/paulbaudinot/pico/pico-sdk/src/rp2_common/pico_double/double_v1_rom_shim.S.obj
                0x1000458c                dreduce
 .text.dcos_shim
                0x1000460e       0x10 CMakeFiles/src.dir/Users/paulbaudinot/pico/pico-sdk/src/rp2_common/pico_double/double_v1_rom_shim.S.obj
                0x1000460e                dcos_shim
 .text.dsin_shim
                0x1000461e       0x14 CMakeFiles/src.dir/Users/paulbaudinot/pico/pico-sdk/src/rp2_common/pico_double/double_v1_rom_shim.S.obj
                0x1000461e                dsin_shim
 *fill*         0x10004632        0x2 
 .text.dtrig_guts
                0x10004634      0x2ec CMakeFiles/src.dir/Users/paulbaudinot/pico/pico-sdk/src/rp2_common/pico_double/double_v1_rom_shim.S.obj
                0x1000470c                datan2_shim
 .text.__aeabi_lmul
                0x10004920       0x32 CMakeFiles/src.dir/Users/paulbaudinot/pico/pico-sdk/src/rp2_common/pico_int64_ops/pico_int64_ops_aeabi.S.obj
                0x10004920                __wrap___aeabi_lmul
 *fill*         0x10004952        0x2 
 .text.__wrap___aeabi_farithmetic
                0x10004954       0x58 CMakeFiles/src.dir/Users/paulbaudinot/pico/pico-sdk/src/rp2_common/pico_float/float_aeabi.S.obj
                0x10004954                __wrap___aeabi_frsub
                0x1000495a                __wrap___aeabi_fsub
                0x10004964                __wrap___aeabi_fadd
                0x1000496e                __wrap___aeabi_fdiv
                0x1000499a                __wrap___aeabi_fmul
 .text.__wrap___aeabi_i2f
                0x100049ac       0x44 CMakeFiles/src.dir/Users/paulbaudinot/pico/pico-sdk/src/rp2_common/pico_float/float_aeabi.S.obj
                0x100049ac                __wrap___aeabi_i2f
 .text.__wrap___aeabi_f2d
                0x100049f0       0x14 CMakeFiles/src.dir/Users/paulbaudinot/pico/pico-sdk/src/rp2_common/pico_float/float_aeabi.S.obj
                0x100049f0                __wrap___aeabi_f2d
 .text.__aeabi_float_init
                0x10004a04       0xfc CMakeFiles/src.dir/Users/paulbaudinot/pico/pico-sdk/src/rp2_common/pico_float/float_init_rom.c.obj
                0x10004a04                __aeabi_float_init
 .text.float_table_shim_on_use_helper
                0x10004b00       0x34 CMakeFiles/src.dir/Users/paulbaudinot/pico/pico-sdk/src/rp2_common/pico_float/float_v1_rom_shim.S.obj
                0x10004b00                float_table_shim_on_use_helper
 .text.float2double_shim
                0x10004b34       0x30 CMakeFiles/src.dir/Users/paulbaudinot/pico/pico-sdk/src/rp2_common/pico_float/float_v1_rom_shim.S.obj
                0x10004b34                float2double_shim
 .text.check_alloc
                0x10004b64       0x20 CMakeFiles/src.dir/Users/paulbaudinot/pico/pico-sdk/src/rp2_common/pico_malloc/pico_malloc.c.obj
 .text.__wrap_malloc
                0x10004b84       0x14 CMakeFiles/src.dir/Users/paulbaudinot/pico/pico-sdk/src/rp2_common/pico_malloc/pico_malloc.c.obj
                0x10004b84                __wrap_malloc
 .text          0x10004b98       0x10 CMakeFiles/src.dir/Users/paulbaudinot/pico/pico-sdk/src/rp2_common/pico_mem_ops/mem_ops_aeabi.S.obj
                0x10004b98                __aeabi_mem_init
 .text.memset   0x10004ba8        0xc CMakeFiles/src.dir/Users/paulbaudinot/pico/pico-sdk/src/rp2_common/pico_mem_ops/mem_ops_aeabi.S.obj
                0x10004ba8                __wrap_memset
 .text.memcpy   0x10004bb4        0xc CMakeFiles/src.dir/Users/paulbaudinot/pico/pico-sdk/src/rp2_common/pico_mem_ops/mem_ops_aeabi.S.obj
                0x10004bb4                __wrap___aeabi_memcpy
                0x10004bb4                __wrap_memcpy
 .text.stdio_out_chars_no_crlf
                0x10004bc0        0xe CMakeFiles/src.dir/Users/paulbaudinot/pico/pico-sdk/src/rp2_common/pico_stdio/stdio.c.obj
 *fill*         0x10004bce        0x2 
 .text.stdio_out_chars_crlf
                0x10004bd0       0x80 CMakeFiles/src.dir/Users/paulbaudinot/pico/pico-sdk/src/rp2_common/pico_stdio/stdio.c.obj
 .text.stdio_stack_buffer_flush
                0x10004c50       0x44 CMakeFiles/src.dir/Users/paulbaudinot/pico/pico-sdk/src/rp2_common/pico_stdio/stdio.c.obj
 .text.stdio_buffered_printer
                0x10004c94       0x20 CMakeFiles/src.dir/Users/paulbaudinot/pico/pico-sdk/src/rp2_common/pico_stdio/stdio.c.obj
 .text.update_us_since_boot
                0x10004cb4       0x24 CMakeFiles/src.dir/Users/paulbaudinot/pico/pico-sdk/src/rp2_common/pico_stdio/stdio.c.obj
 .text.get_absolute_time
                0x10004cd8       0x22 CMakeFiles/src.dir/Users/paulbaudinot/pico/pico-sdk/src/rp2_common/pico_stdio/stdio.c.obj
 *fill*         0x10004cfa        0x2 
 .text.delayed_by_ms
                0x10004cfc       0x44 CMakeFiles/src.dir/Users/paulbaudinot/pico/pico-sdk/src/rp2_common/pico_stdio/stdio.c.obj
 .text.make_timeout_time_ms
                0x10004d40       0x20 CMakeFiles/src.dir/Users/paulbaudinot/pico/pico-sdk/src/rp2_common/pico_stdio/stdio.c.obj
 .text.stdout_serialize_begin
                0x10004d60       0x20 CMakeFiles/src.dir/Users/paulbaudinot/pico/pico-sdk/src/rp2_common/pico_stdio/stdio.c.obj
                0x10004d60                stdout_serialize_begin
 .text.stdout_serialize_end
                0x10004d80       0x10 CMakeFiles/src.dir/Users/paulbaudinot/pico/pico-sdk/src/rp2_common/pico_stdio/stdio.c.obj
                0x10004d80                stdout_serialize_end
 .text.stdio_put_string
                0x10004d90       0x98 CMakeFiles/src.dir/Users/paulbaudinot/pico/pico-sdk/src/rp2_common/pico_stdio/stdio.c.obj
 .text.stdio_set_driver_enabled
                0x10004e28       0x2c CMakeFiles/src.dir/Users/paulbaudinot/pico/pico-sdk/src/rp2_common/pico_stdio/stdio.c.obj
                0x10004e28                stdio_set_driver_enabled
 .text.stdio_flush
                0x10004e54       0x20 CMakeFiles/src.dir/Users/paulbaudinot/pico/pico-sdk/src/rp2_common/pico_stdio/stdio.c.obj
                0x10004e54                stdio_flush
 .text.__wrap_puts
                0x10004e74       0x1e CMakeFiles/src.dir/Users/paulbaudinot/pico/pico-sdk/src/rp2_common/pico_stdio/stdio.c.obj
                0x10004e74                __wrap_puts
 *fill*         0x10004e92        0x2 
 .text.__wrap_vprintf
                0x10004e94       0x40 CMakeFiles/src.dir/Users/paulbaudinot/pico/pico-sdk/src/rp2_common/pico_stdio/stdio.c.obj
                0x10004e94                __wrap_vprintf
 .text.__wrap_printf
                0x10004ed4       0x18 CMakeFiles/src.dir/Users/paulbaudinot/pico/pico-sdk/src/rp2_common/pico_stdio/stdio.c.obj
                0x10004ed4                __wrap_printf
 .text.stdio_init_all
                0x10004eec        0x8 CMakeFiles/src.dir/Users/paulbaudinot/pico/pico-sdk/src/rp2_common/pico_stdio/stdio.c.obj
                0x10004eec                stdio_init_all
 .text.resetd_init
                0x10004ef4        0x2 CMakeFiles/src.dir/Users/paulbaudinot/pico/pico-sdk/src/rp2_common/pico_stdio_usb/reset_interface.c.obj
 *fill*         0x10004ef6        0x2 
 .text.resetd_reset
                0x10004ef8        0xc CMakeFiles/src.dir/Users/paulbaudinot/pico/pico-sdk/src/rp2_common/pico_stdio_usb/reset_interface.c.obj
 .text.resetd_open
                0x10004f04       0x34 CMakeFiles/src.dir/Users/paulbaudinot/pico/pico-sdk/src/rp2_common/pico_stdio_usb/reset_interface.c.obj
 .text.resetd_xfer_cb
                0x10004f38        0x4 CMakeFiles/src.dir/Users/paulbaudinot/pico/pico-sdk/src/rp2_common/pico_stdio_usb/reset_interface.c.obj
 .text.reset_usb_boot
                0x10004f3c       0x18 CMakeFiles/src.dir/Users/paulbaudinot/pico/pico-sdk/src/rp2_common/pico_stdio_usb/reset_interface.c.obj
 .text.resetd_control_xfer_cb
                0x10004f54       0x5c CMakeFiles/src.dir/Users/paulbaudinot/pico/pico-sdk/src/rp2_common/pico_stdio_usb/reset_interface.c.obj
 .text.usbd_app_driver_get_cb
                0x10004fb0        0xc CMakeFiles/src.dir/Users/paulbaudinot/pico/pico-sdk/src/rp2_common/pico_stdio_usb/reset_interface.c.obj
                0x10004fb0                usbd_app_driver_get_cb
 .text.tud_cdc_line_coding_cb
                0x10004fbc       0x28 CMakeFiles/src.dir/Users/paulbaudinot/pico/pico-sdk/src/rp2_common/pico_stdio_usb/reset_interface.c.obj
                0x10004fbc                tud_cdc_line_coding_cb
 .text.stdio_usb_set_chars_available_callback
                0x10004fe4       0x14 CMakeFiles/src.dir/Users/paulbaudinot/pico/pico-sdk/src/rp2_common/pico_stdio_usb/stdio_usb.c.obj
                0x10004fe4                stdio_usb_set_chars_available_callback
 .text.update_us_since_boot
                0x10004ff8       0x24 CMakeFiles/src.dir/Users/paulbaudinot/pico/pico-sdk/src/rp2_common/pico_stdio_usb/stdio_usb.c.obj
 .text.get_absolute_time
                0x1000501c       0x22 CMakeFiles/src.dir/Users/paulbaudinot/pico/pico-sdk/src/rp2_common/pico_stdio_usb/stdio_usb.c.obj
 *fill*         0x1000503e        0x2 
 .text.delayed_by_ms
                0x10005040       0x44 CMakeFiles/src.dir/Users/paulbaudinot/pico/pico-sdk/src/rp2_common/pico_stdio_usb/stdio_usb.c.obj
 .text.make_timeout_time_ms
                0x10005084       0x20 CMakeFiles/src.dir/Users/paulbaudinot/pico/pico-sdk/src/rp2_common/pico_stdio_usb/stdio_usb.c.obj
 .text.delayed_by_us
                0x100050a4       0x34 CMakeFiles/src.dir/Users/paulbaudinot/pico/pico-sdk/src/rp2_common/pico_stdio_usb/stdio_usb.c.obj
 .text.usb_irq  0x100050d8       0x10 CMakeFiles/src.dir/Users/paulbaudinot/pico/pico-sdk/src/rp2_common/pico_stdio_usb/stdio_usb.c.obj
 .text.critical_section_enter_blocking
                0x100050e8       0x16 CMakeFiles/src.dir/Users/paulbaudinot/pico/pico-sdk/src/rp2_common/pico_stdio_usb/stdio_usb.c.obj
 *fill*         0x100050fe        0x2 
 .text.timer_task
                0x10005100       0x4c CMakeFiles/src.dir/Users/paulbaudinot/pico/pico-sdk/src/rp2_common/pico_stdio_usb/stdio_usb.c.obj
 .text.alarm_pool_add_alarm_in_us
                0x1000514c       0x3a CMakeFiles/src.dir/Users/paulbaudinot/pico/pico-sdk/src/rp2_common/pico_stdio_usb/stdio_usb.c.obj
 .text.add_alarm_in_us
                0x10005186       0x2e CMakeFiles/src.dir/Users/paulbaudinot/pico/pico-sdk/src/rp2_common/pico_stdio_usb/stdio_usb.c.obj
 .text.low_priority_worker_irq
                0x100051b4       0x7c CMakeFiles/src.dir/Users/paulbaudinot/pico/pico-sdk/src/rp2_common/pico_stdio_usb/stdio_usb.c.obj
 .text.tud_cdc_rx_cb
                0x10005230       0x20 CMakeFiles/src.dir/Users/paulbaudinot/pico/pico-sdk/src/rp2_common/pico_stdio_usb/stdio_usb.c.obj
                0x10005230                tud_cdc_rx_cb
 .text.stdio_usb_init
                0x10005250       0xd0 CMakeFiles/src.dir/Users/paulbaudinot/pico/pico-sdk/src/rp2_common/pico_stdio_usb/stdio_usb.c.obj
                0x10005250                stdio_usb_init
 .text.stdio_usb_connected
                0x10005320        0xa CMakeFiles/src.dir/Users/paulbaudinot/pico/pico-sdk/src/rp2_common/pico_stdio_usb/stdio_usb.c.obj
                0x10005320                stdio_usb_connected
 *fill*         0x1000532a        0x2 
 .text.stdio_usb_in_chars
                0x1000532c       0x88 CMakeFiles/src.dir/Users/paulbaudinot/pico/pico-sdk/src/rp2_common/pico_stdio_usb/stdio_usb.c.obj
                0x1000532c                stdio_usb_in_chars
 .text.stdio_usb_out_chars
                0x100053b4       0xd8 CMakeFiles/src.dir/Users/paulbaudinot/pico/pico-sdk/src/rp2_common/pico_stdio_usb/stdio_usb.c.obj
 .text.tud_descriptor_device_cb
                0x1000548c        0x8 CMakeFiles/src.dir/Users/paulbaudinot/pico/pico-sdk/src/rp2_common/pico_stdio_usb/stdio_usb_descriptors.c.obj
                0x1000548c                tud_descriptor_device_cb
 .text.tud_descriptor_configuration_cb
                0x10005494        0x8 CMakeFiles/src.dir/Users/paulbaudinot/pico/pico-sdk/src/rp2_common/pico_stdio_usb/stdio_usb_descriptors.c.obj
                0x10005494                tud_descriptor_configuration_cb
 .text.tud_descriptor_string_cb
                0x1000549c       0x6c CMakeFiles/src.dir/Users/paulbaudinot/pico/pico-sdk/src/rp2_common/pico_stdio_usb/stdio_usb_descriptors.c.obj
                0x1000549c                tud_descriptor_string_cb
 .text._retrieve_unique_id_on_boot
                0x10005508       0x10 CMakeFiles/src.dir/Users/paulbaudinot/pico/pico-sdk/src/rp2_common/pico_unique_id/unique_id.c.obj
 .text.pico_get_unique_board_id_string
                0x10005518       0x5c CMakeFiles/src.dir/Users/paulbaudinot/pico/pico-sdk/src/rp2_common/pico_unique_id/unique_id.c.obj
                0x10005518                pico_get_unique_board_id_string
 .text.flash_get_unique_id
                0x10005574       0x40 CMakeFiles/src.dir/Users/paulbaudinot/pico/pico-sdk/src/rp2_common/hardware_flash/flash.c.obj
                0x10005574                flash_get_unique_id
 .text.hw_endpoint_get_by_addr
                0x100055b4       0x18 CMakeFiles/src.dir/Users/paulbaudinot/pico/pico-sdk/lib/tinyusb/src/portable/raspberrypi/rp2040/dcd_rp2040.c.obj
 .text._hw_endpoint_alloc
                0x100055cc       0x70 CMakeFiles/src.dir/Users/paulbaudinot/pico/pico-sdk/lib/tinyusb/src/portable/raspberrypi/rp2040/dcd_rp2040.c.obj
 .text.hw_endpoint_init
                0x1000563c       0x88 CMakeFiles/src.dir/Users/paulbaudinot/pico/pico-sdk/lib/tinyusb/src/portable/raspberrypi/rp2040/dcd_rp2040.c.obj
 .text.dcd_event_sof
                0x100056c4       0x2c CMakeFiles/src.dir/Users/paulbaudinot/pico/pico-sdk/lib/tinyusb/src/portable/raspberrypi/rp2040/dcd_rp2040.c.obj
 .text.hw_endpoint_xfer
                0x100056f0       0x14 CMakeFiles/src.dir/Users/paulbaudinot/pico/pico-sdk/lib/tinyusb/src/portable/raspberrypi/rp2040/dcd_rp2040.c.obj
 .text.dcd_int_enable
                0x10005704       0x2c CMakeFiles/src.dir/Users/paulbaudinot/pico/pico-sdk/lib/tinyusb/src/portable/raspberrypi/rp2040/dcd_rp2040.c.obj
                0x10005704                dcd_int_enable
 .text.dcd_set_address
                0x10005730       0x2c CMakeFiles/src.dir/Users/paulbaudinot/pico/pico-sdk/lib/tinyusb/src/portable/raspberrypi/rp2040/dcd_rp2040.c.obj
                0x10005730                dcd_set_address
 .text.dcd_connect
                0x1000575c       0x10 CMakeFiles/src.dir/Users/paulbaudinot/pico/pico-sdk/lib/tinyusb/src/portable/raspberrypi/rp2040/dcd_rp2040.c.obj
                0x1000575c                dcd_connect
 .text.dcd_init
                0x1000576c       0x80 CMakeFiles/src.dir/Users/paulbaudinot/pico/pico-sdk/lib/tinyusb/src/portable/raspberrypi/rp2040/dcd_rp2040.c.obj
                0x1000576c                dcd_init
 .text.dcd_edpt0_status_complete
                0x100057ec       0x1c CMakeFiles/src.dir/Users/paulbaudinot/pico/pico-sdk/lib/tinyusb/src/portable/raspberrypi/rp2040/dcd_rp2040.c.obj
                0x100057ec                dcd_edpt0_status_complete
 .text.dcd_edpt_open
                0x10005808       0x40 CMakeFiles/src.dir/Users/paulbaudinot/pico/pico-sdk/lib/tinyusb/src/portable/raspberrypi/rp2040/dcd_rp2040.c.obj
                0x10005808                dcd_edpt_open
 .text.dcd_edpt_close_all
                0x10005848        0x8 CMakeFiles/src.dir/Users/paulbaudinot/pico/pico-sdk/lib/tinyusb/src/portable/raspberrypi/rp2040/dcd_rp2040.c.obj
                0x10005848                dcd_edpt_close_all
 .text.dcd_edpt_xfer
                0x10005850       0x34 CMakeFiles/src.dir/Users/paulbaudinot/pico/pico-sdk/lib/tinyusb/src/portable/raspberrypi/rp2040/dcd_rp2040.c.obj
                0x10005850                dcd_edpt_xfer
 .text.dcd_edpt_stall
                0x10005884       0x2c CMakeFiles/src.dir/Users/paulbaudinot/pico/pico-sdk/lib/tinyusb/src/portable/raspberrypi/rp2040/dcd_rp2040.c.obj
                0x10005884                dcd_edpt_stall
 .text.dcd_edpt_clear_stall
                0x100058b0       0x20 CMakeFiles/src.dir/Users/paulbaudinot/pico/pico-sdk/lib/tinyusb/src/portable/raspberrypi/rp2040/dcd_rp2040.c.obj
                0x100058b0                dcd_edpt_clear_stall
 .text.rp2040_usb_init
                0x100058d0       0x4c CMakeFiles/src.dir/Users/paulbaudinot/pico/pico-sdk/lib/tinyusb/src/portable/raspberrypi/rp2040/rp2040_usb.c.obj
                0x100058d0                rp2040_usb_init
 .text.hw_endpoint_xfer_start
                0x1000591c       0x50 CMakeFiles/src.dir/Users/paulbaudinot/pico/pico-sdk/lib/tinyusb/src/portable/raspberrypi/rp2040/rp2040_usb.c.obj
                0x1000591c                hw_endpoint_xfer_start
 .text.configuration_reset
                0x1000596c       0x84 CMakeFiles/src.dir/Users/paulbaudinot/pico/pico-sdk/lib/tinyusb/src/device/usbd.c.obj
 .text.critical_section_enter_blocking
                0x100059f0       0x16 CMakeFiles/src.dir/Users/paulbaudinot/pico/pico-sdk/lib/tinyusb/src/device/usbd.c.obj
 .text.usbd_reset
                0x10005a06        0xc CMakeFiles/src.dir/Users/paulbaudinot/pico/pico-sdk/lib/tinyusb/src/device/usbd.c.obj
 .text.invoke_class_control
                0x10005a12       0x1a CMakeFiles/src.dir/Users/paulbaudinot/pico/pico-sdk/lib/tinyusb/src/device/usbd.c.obj
 .text.process_set_config
                0x10005a2c      0x178 CMakeFiles/src.dir/Users/paulbaudinot/pico/pico-sdk/lib/tinyusb/src/device/usbd.c.obj
 .text.process_get_descriptor
                0x10005ba4       0xdc CMakeFiles/src.dir/Users/paulbaudinot/pico/pico-sdk/lib/tinyusb/src/device/usbd.c.obj
 .text.tud_mounted
                0x10005c80       0x10 CMakeFiles/src.dir/Users/paulbaudinot/pico/pico-sdk/lib/tinyusb/src/device/usbd.c.obj
                0x10005c80                tud_mounted
 .text.tud_suspended
                0x10005c90       0x10 CMakeFiles/src.dir/Users/paulbaudinot/pico/pico-sdk/lib/tinyusb/src/device/usbd.c.obj
                0x10005c90                tud_suspended
 .text.tud_inited
                0x10005ca0       0x14 CMakeFiles/src.dir/Users/paulbaudinot/pico/pico-sdk/lib/tinyusb/src/device/usbd.c.obj
                0x10005ca0                tud_inited
 .text.tud_init
                0x10005cb4       0xcc CMakeFiles/src.dir/Users/paulbaudinot/pico/pico-sdk/lib/tinyusb/src/device/usbd.c.obj
                0x10005cb4                tud_init
 .text.usbd_defer_func
                0x10005d80       0x2a CMakeFiles/src.dir/Users/paulbaudinot/pico/pico-sdk/lib/tinyusb/src/device/usbd.c.obj
                0x10005d80                usbd_defer_func
 *fill*         0x10005daa        0x2 
 .text.usbd_edpt_open
                0x10005dac       0x34 CMakeFiles/src.dir/Users/paulbaudinot/pico/pico-sdk/lib/tinyusb/src/device/usbd.c.obj
                0x10005dac                usbd_edpt_open
 .text.usbd_open_edpt_pair
                0x10005de0       0x62 CMakeFiles/src.dir/Users/paulbaudinot/pico/pico-sdk/lib/tinyusb/src/device/usbd.c.obj
                0x10005de0                usbd_open_edpt_pair
 *fill*         0x10005e42        0x2 
 .text.usbd_edpt_claim
                0x10005e44       0x28 CMakeFiles/src.dir/Users/paulbaudinot/pico/pico-sdk/lib/tinyusb/src/device/usbd.c.obj
                0x10005e44                usbd_edpt_claim
 .text.usbd_edpt_release
                0x10005e6c       0x28 CMakeFiles/src.dir/Users/paulbaudinot/pico/pico-sdk/lib/tinyusb/src/device/usbd.c.obj
                0x10005e6c                usbd_edpt_release
 .text.usbd_edpt_xfer
                0x10005e94       0x78 CMakeFiles/src.dir/Users/paulbaudinot/pico/pico-sdk/lib/tinyusb/src/device/usbd.c.obj
                0x10005e94                usbd_edpt_xfer
 .text.usbd_edpt_stall
                0x10005f0c       0x48 CMakeFiles/src.dir/Users/paulbaudinot/pico/pico-sdk/lib/tinyusb/src/device/usbd.c.obj
                0x10005f0c                usbd_edpt_stall
 .text.usbd_edpt_clear_stall
                0x10005f54       0x48 CMakeFiles/src.dir/Users/paulbaudinot/pico/pico-sdk/lib/tinyusb/src/device/usbd.c.obj
                0x10005f54                usbd_edpt_clear_stall
 .text.usbd_edpt_stalled
                0x10005f9c       0x1c CMakeFiles/src.dir/Users/paulbaudinot/pico/pico-sdk/lib/tinyusb/src/device/usbd.c.obj
                0x10005f9c                usbd_edpt_stalled
 .text.process_control_request
                0x10005fb8      0x374 CMakeFiles/src.dir/Users/paulbaudinot/pico/pico-sdk/lib/tinyusb/src/device/usbd.c.obj
 .text.tud_task_ext
                0x1000632c      0x1a8 CMakeFiles/src.dir/Users/paulbaudinot/pico/pico-sdk/lib/tinyusb/src/device/usbd.c.obj
                0x1000632c                tud_task_ext
 .text._status_stage_xact
                0x100064d4       0x1a CMakeFiles/src.dir/Users/paulbaudinot/pico/pico-sdk/lib/tinyusb/src/device/usbd_control.c.obj
 *fill*         0x100064ee        0x2 
 .text._data_stage_xact
                0x100064f0       0x58 CMakeFiles/src.dir/Users/paulbaudinot/pico/pico-sdk/lib/tinyusb/src/device/usbd_control.c.obj
 .text.tud_control_status
                0x10006548       0x28 CMakeFiles/src.dir/Users/paulbaudinot/pico/pico-sdk/lib/tinyusb/src/device/usbd_control.c.obj
                0x10006548                tud_control_status
 .text.tud_control_xfer
                0x10006570       0x68 CMakeFiles/src.dir/Users/paulbaudinot/pico/pico-sdk/lib/tinyusb/src/device/usbd_control.c.obj
                0x10006570                tud_control_xfer
 .text.usbd_control_reset
                0x100065d8       0x14 CMakeFiles/src.dir/Users/paulbaudinot/pico/pico-sdk/lib/tinyusb/src/device/usbd_control.c.obj
                0x100065d8                usbd_control_reset
 .text.usbd_control_set_complete_callback
                0x100065ec        0xc CMakeFiles/src.dir/Users/paulbaudinot/pico/pico-sdk/lib/tinyusb/src/device/usbd_control.c.obj
                0x100065ec                usbd_control_set_complete_callback
 .text.usbd_control_set_request
                0x100065f8       0x1c CMakeFiles/src.dir/Users/paulbaudinot/pico/pico-sdk/lib/tinyusb/src/device/usbd_control.c.obj
                0x100065f8                usbd_control_set_request
 .text.usbd_control_xfer_cb
                0x10006614       0xbc CMakeFiles/src.dir/Users/paulbaudinot/pico/pico-sdk/lib/tinyusb/src/device/usbd_control.c.obj
                0x10006614                usbd_control_xfer_cb
 .text._prep_out_transaction
                0x100066d0       0x4a CMakeFiles/src.dir/Users/paulbaudinot/pico/pico-sdk/lib/tinyusb/src/class/cdc/cdc_device.c.obj
 *fill*         0x1000671a        0x2 
 .text.tud_cdc_n_connected
                0x1000671c       0x38 CMakeFiles/src.dir/Users/paulbaudinot/pico/pico-sdk/lib/tinyusb/src/class/cdc/cdc_device.c.obj
                0x1000671c                tud_cdc_n_connected
 .text.tud_cdc_n_available
                0x10006754       0x18 CMakeFiles/src.dir/Users/paulbaudinot/pico/pico-sdk/lib/tinyusb/src/class/cdc/cdc_device.c.obj
                0x10006754                tud_cdc_n_available
 .text.tud_cdc_n_read
                0x1000676c       0x28 CMakeFiles/src.dir/Users/paulbaudinot/pico/pico-sdk/lib/tinyusb/src/class/cdc/cdc_device.c.obj
                0x1000676c                tud_cdc_n_read
 .text.tud_cdc_n_write_flush
                0x10006794       0xb8 CMakeFiles/src.dir/Users/paulbaudinot/pico/pico-sdk/lib/tinyusb/src/class/cdc/cdc_device.c.obj
                0x10006794                tud_cdc_n_write_flush
 .text.tud_cdc_n_write
                0x1000684c       0x38 CMakeFiles/src.dir/Users/paulbaudinot/pico/pico-sdk/lib/tinyusb/src/class/cdc/cdc_device.c.obj
                0x1000684c                tud_cdc_n_write
 .text.tud_cdc_n_write_available
                0x10006884       0x1c CMakeFiles/src.dir/Users/paulbaudinot/pico/pico-sdk/lib/tinyusb/src/class/cdc/cdc_device.c.obj
                0x10006884                tud_cdc_n_write_available
 .text.cdcd_init
                0x100068a0       0xbc CMakeFiles/src.dir/Users/paulbaudinot/pico/pico-sdk/lib/tinyusb/src/class/cdc/cdc_device.c.obj
                0x100068a0                cdcd_init
 .text.cdcd_reset
                0x1000695c       0x44 CMakeFiles/src.dir/Users/paulbaudinot/pico/pico-sdk/lib/tinyusb/src/class/cdc/cdc_device.c.obj
                0x1000695c                cdcd_reset
 .text.cdcd_open
                0x100069a0       0xc4 CMakeFiles/src.dir/Users/paulbaudinot/pico/pico-sdk/lib/tinyusb/src/class/cdc/cdc_device.c.obj
                0x100069a0                cdcd_open
 .text.cdcd_control_xfer_cb
                0x10006a64      0x134 CMakeFiles/src.dir/Users/paulbaudinot/pico/pico-sdk/lib/tinyusb/src/class/cdc/cdc_device.c.obj
                0x10006a64                cdcd_control_xfer_cb
 .text.cdcd_xfer_cb
                0x10006b98      0x130 CMakeFiles/src.dir/Users/paulbaudinot/pico/pico-sdk/lib/tinyusb/src/class/cdc/cdc_device.c.obj
                0x10006b98                cdcd_xfer_cb
 .text.tusb_init
                0x10006cc8        0xa CMakeFiles/src.dir/Users/paulbaudinot/pico/pico-sdk/lib/tinyusb/src/tusb.c.obj
                0x10006cc8                tusb_init
 .text.tusb_inited
                0x10006cd2        0xe CMakeFiles/src.dir/Users/paulbaudinot/pico/pico-sdk/lib/tinyusb/src/tusb.c.obj
                0x10006cd2                tusb_inited
 .text.tu_edpt_claim
                0x10006ce0       0x50 CMakeFiles/src.dir/Users/paulbaudinot/pico/pico-sdk/lib/tinyusb/src/tusb.c.obj
                0x10006ce0                tu_edpt_claim
 .text.tu_edpt_release
                0x10006d30       0x38 CMakeFiles/src.dir/Users/paulbaudinot/pico/pico-sdk/lib/tinyusb/src/tusb.c.obj
                0x10006d30                tu_edpt_release
 .text.tu_edpt_validate
                0x10006d68       0x78 CMakeFiles/src.dir/Users/paulbaudinot/pico/pico-sdk/lib/tinyusb/src/tusb.c.obj
                0x10006d68                tu_edpt_validate
 .text.tu_edpt_bind_driver
                0x10006de0       0x26 CMakeFiles/src.dir/Users/paulbaudinot/pico/pico-sdk/lib/tinyusb/src/tusb.c.obj
                0x10006de0                tu_edpt_bind_driver
 .text.advance_index
                0x10006e06       0x1a CMakeFiles/src.dir/Users/paulbaudinot/pico/pico-sdk/lib/tinyusb/src/common/tusb_fifo.c.obj
 .text._tu_fifo_peek
                0x10006e20       0x56 CMakeFiles/src.dir/Users/paulbaudinot/pico/pico-sdk/lib/tinyusb/src/common/tusb_fifo.c.obj
 .text._ff_pull_const_addr
                0x10006e76       0x4c CMakeFiles/src.dir/Users/paulbaudinot/pico/pico-sdk/lib/tinyusb/src/common/tusb_fifo.c.obj
 .text._ff_pull_n
                0x10006ec2      0x110 CMakeFiles/src.dir/Users/paulbaudinot/pico/pico-sdk/lib/tinyusb/src/common/tusb_fifo.c.obj
 .text._tu_fifo_peek_n
                0x10006fd2       0x6a CMakeFiles/src.dir/Users/paulbaudinot/pico/pico-sdk/lib/tinyusb/src/common/tusb_fifo.c.obj
 .text._tu_fifo_read_n
                0x1000703c       0x4e CMakeFiles/src.dir/Users/paulbaudinot/pico/pico-sdk/lib/tinyusb/src/common/tusb_fifo.c.obj
 .text._ff_push_const_addr
                0x1000708a       0x40 CMakeFiles/src.dir/Users/paulbaudinot/pico/pico-sdk/lib/tinyusb/src/common/tusb_fifo.c.obj
 .text._ff_push_n
                0x100070ca      0x10c CMakeFiles/src.dir/Users/paulbaudinot/pico/pico-sdk/lib/tinyusb/src/common/tusb_fifo.c.obj
 .text._tu_fifo_write_n
                0x100071d6       0xf0 CMakeFiles/src.dir/Users/paulbaudinot/pico/pico-sdk/lib/tinyusb/src/common/tusb_fifo.c.obj
 .text.tu_fifo_config
                0x100072c6       0x7c CMakeFiles/src.dir/Users/paulbaudinot/pico/pico-sdk/lib/tinyusb/src/common/tusb_fifo.c.obj
                0x100072c6                tu_fifo_config
 .text.tu_fifo_count
                0x10007342       0x2a CMakeFiles/src.dir/Users/paulbaudinot/pico/pico-sdk/lib/tinyusb/src/common/tusb_fifo.c.obj
                0x10007342                tu_fifo_count
 .text.tu_fifo_empty
                0x1000736c        0xe CMakeFiles/src.dir/Users/paulbaudinot/pico/pico-sdk/lib/tinyusb/src/common/tusb_fifo.c.obj
                0x1000736c                tu_fifo_empty
 .text.tu_fifo_full
                0x1000737a       0x28 CMakeFiles/src.dir/Users/paulbaudinot/pico/pico-sdk/lib/tinyusb/src/common/tusb_fifo.c.obj
                0x1000737a                tu_fifo_full
 .text.tu_fifo_remaining
                0x100073a2       0x2c CMakeFiles/src.dir/Users/paulbaudinot/pico/pico-sdk/lib/tinyusb/src/common/tusb_fifo.c.obj
                0x100073a2                tu_fifo_remaining
 .text.tu_fifo_read
                0x100073ce       0x42 CMakeFiles/src.dir/Users/paulbaudinot/pico/pico-sdk/lib/tinyusb/src/common/tusb_fifo.c.obj
                0x100073ce                tu_fifo_read
 .text.tu_fifo_read_n
                0x10007410        0xa CMakeFiles/src.dir/Users/paulbaudinot/pico/pico-sdk/lib/tinyusb/src/common/tusb_fifo.c.obj
                0x10007410                tu_fifo_read_n
 .text.tu_fifo_write
                0x1000741a       0x64 CMakeFiles/src.dir/Users/paulbaudinot/pico/pico-sdk/lib/tinyusb/src/common/tusb_fifo.c.obj
                0x1000741a                tu_fifo_write
 .text.tu_fifo_write_n
                0x1000747e        0xa CMakeFiles/src.dir/Users/paulbaudinot/pico/pico-sdk/lib/tinyusb/src/common/tusb_fifo.c.obj
                0x1000747e                tu_fifo_write_n
 .text.tu_fifo_clear
                0x10007488       0x3e CMakeFiles/src.dir/Users/paulbaudinot/pico/pico-sdk/lib/tinyusb/src/common/tusb_fifo.c.obj
                0x10007488                tu_fifo_clear
 .text.tu_fifo_set_overwritable
                0x100074c6       0x46 CMakeFiles/src.dir/Users/paulbaudinot/pico/pico-sdk/lib/tinyusb/src/common/tusb_fifo.c.obj
                0x100074c6                tu_fifo_set_overwritable
 .text.spi_set_baudrate
                0x1000750c       0xc2 CMakeFiles/src.dir/Users/paulbaudinot/pico/pico-sdk/src/rp2_common/hardware_spi/spi.c.obj
                0x1000750c                spi_set_baudrate
 *fill*         0x100075ce        0x2 
 .text.spi_init
                0x100075d0       0x74 CMakeFiles/src.dir/Users/paulbaudinot/pico/pico-sdk/src/rp2_common/hardware_spi/spi.c.obj
                0x100075d0                spi_init
 .text.i2c_set_baudrate
                0x10007644       0xf0 CMakeFiles/src.dir/Users/paulbaudinot/pico/pico-sdk/src/rp2_common/hardware_i2c/i2c.c.obj
                0x10007644                i2c_set_baudrate
 .text.i2c_init
                0x10007734       0x58 CMakeFiles/src.dir/Users/paulbaudinot/pico/pico-sdk/src/rp2_common/hardware_i2c/i2c.c.obj
                0x10007734                i2c_init
 .text.adc_init
                0x1000778c       0x34 CMakeFiles/src.dir/Users/paulbaudinot/pico/pico-sdk/src/rp2_common/hardware_adc/adc.c.obj
                0x1000778c                adc_init
 .text.update_us_since_boot
                0x100077c0       0x24 source/libsource.a(Horloge.c.obj)
 .text.get_absolute_time
                0x100077e4       0x22 source/libsource.a(Horloge.c.obj)
 *fill*         0x10007806        0x2 
 .text.drawClockIndexes
                0x10007808      0x124 source/libsource.a(Horloge.c.obj)
                0x10007808                drawClockIndexes
 .text.drawHand
                0x1000792c       0x8e source/libsource.a(Horloge.c.obj)
                0x1000792c                drawHand
 *fill*         0x100079ba        0x2 
 .text.drawClockHands
                0x100079bc       0xe8 source/libsource.a(Horloge.c.obj)
                0x100079bc                drawClockHands
 .text.drawPhisicalHour
                0x10007aa4       0x34 source/libsource.a(Horloge.c.obj)
                0x10007aa4                drawPhisicalHour
 .text.Horloge  0x10007ad8      0x17c source/libsource.a(Horloge.c.obj)
                0x10007ad8                Horloge
 .text.LCD_1IN28_Reset
                0x10007c54       0x36 lib/LCD/libLCD.a(LCD_1in28.c.obj)
 *fill*         0x10007c8a        0x2 
 .text.LCD_1IN28_SendCommand
                0x10007c8c       0x1c lib/LCD/libLCD.a(LCD_1in28.c.obj)
 .text.LCD_1IN28_SendData_8Bit
                0x10007ca8       0x1c lib/LCD/libLCD.a(LCD_1in28.c.obj)
 .text.LCD_1IN28_SetAttributes
                0x10007cc4       0x30 lib/LCD/libLCD.a(LCD_1in28.c.obj)
 .text.LCD_1IN28_InitReg
                0x10007cf4      0x460 lib/LCD/libLCD.a(LCD_1in28.c.obj)
 .text.LCD_1IN28_Init
                0x10008154       0x14 lib/LCD/libLCD.a(LCD_1in28.c.obj)
                0x10008154                LCD_1IN28_Init
 .text.LCD_1IN28_SetWindows
                0x10008168       0x58 lib/LCD/libLCD.a(LCD_1in28.c.obj)
                0x10008168                LCD_1IN28_SetWindows
 .text.LCD_1IN28_Clear
                0x100081c0       0x6c lib/LCD/libLCD.a(LCD_1in28.c.obj)
                0x100081c0                LCD_1IN28_Clear
 .text.LCD_1IN28_Display
                0x1000822c       0x3c lib/LCD/libLCD.a(LCD_1in28.c.obj)
                0x1000822c                LCD_1IN28_Display
 .text.Paint_NewImage
                0x10008268       0x4c lib/GUI/libGUI.a(GUI_Paint.c.obj)
                0x10008268                Paint_NewImage
 .text.Paint_SetRotate
                0x100082b4       0x20 lib/GUI/libGUI.a(GUI_Paint.c.obj)
                0x100082b4                Paint_SetRotate
 .text.Paint_SetScale
                0x100082d4       0x68 lib/GUI/libGUI.a(GUI_Paint.c.obj)
                0x100082d4                Paint_SetScale
 .text.Paint_SetPixel
                0x1000833c      0x168 lib/GUI/libGUI.a(GUI_Paint.c.obj)
                0x1000833c                Paint_SetPixel
 .text.Paint_Clear
                0x100084a4       0xb0 lib/GUI/libGUI.a(GUI_Paint.c.obj)
                0x100084a4                Paint_Clear
 .text.Paint_DrawPoint
                0x10008554       0xe0 lib/GUI/libGUI.a(GUI_Paint.c.obj)
                0x10008554                Paint_DrawPoint
 .text.Paint_DrawLine
                0x10008634      0x12c lib/GUI/libGUI.a(GUI_Paint.c.obj)
                0x10008634                Paint_DrawLine
 .text.Paint_DrawCircle
                0x10008760      0x270 lib/GUI/libGUI.a(GUI_Paint.c.obj)
                0x10008760                Paint_DrawCircle
 .text.Paint_DrawChar
                0x100089d0       0xc4 lib/GUI/libGUI.a(GUI_Paint.c.obj)
                0x100089d0                Paint_DrawChar
 .text.Paint_DrawString_EN
                0x10008a94       0x88 lib/GUI/libGUI.a(GUI_Paint.c.obj)
                0x10008a94                Paint_DrawString_EN
 .text.adc_gpio_init
                0x10008b1c       0x1e lib/Config/libConfig.a(DEV_Config.c.obj)
 .text.DEV_Delay_ms
                0x10008b3a        0x8 lib/Config/libConfig.a(DEV_Config.c.obj)
                0x10008b3a                DEV_Delay_ms
 .text.DEV_Digital_Write
                0x10008b42       0x18 lib/Config/libConfig.a(DEV_Config.c.obj)
                0x10008b42                DEV_Digital_Write
 .text.DEV_SPI_WriteByte
                0x10008b5a       0x16 lib/Config/libConfig.a(DEV_Config.c.obj)
                0x10008b5a                DEV_SPI_WriteByte
 .text.DEV_SPI_Write_nByte
                0x10008b70        0x8 lib/Config/libConfig.a(DEV_Config.c.obj)
                0x10008b70                DEV_SPI_Write_nByte
 .text.DEV_GPIO_Mode
                0x10008b78       0x26 lib/Config/libConfig.a(DEV_Config.c.obj)
                0x10008b78                DEV_GPIO_Mode
 .text.DEV_GPIO_Init
                0x10008b9e       0x3c lib/Config/libConfig.a(DEV_Config.c.obj)
                0x10008b9e                DEV_GPIO_Init
 *fill*         0x10008bda        0x2 
 .text.DEV_SET_PWM
                0x10008bdc       0x40 lib/Config/libConfig.a(DEV_Config.c.obj)
                0x10008bdc                DEV_SET_PWM
 .text.DEV_Module_Init
                0x10008c1c       0xec lib/Config/libConfig.a(DEV_Config.c.obj)
                0x10008c1c                DEV_Module_Init
 .text.malloc   0x10008d08       0x14 /Applications/ArmGNUToolchain/13.2.Rel1/arm-none-eabi/bin/../lib/gcc/arm-none-eabi/13.2.1/../../../../arm-none-eabi/lib/thumb/v6-m/nofp/libg.a(libc_a-malloc.o)
                0x10008d08                malloc
 .text._malloc_r
                0x10008d1c      0x5c4 /Applications/ArmGNUToolchain/13.2.Rel1/arm-none-eabi/bin/../lib/gcc/arm-none-eabi/13.2.1/../../../../arm-none-eabi/lib/thumb/v6-m/nofp/libg.a(libc_a-mallocr.o)
                0x10008d1c                _malloc_r
 .text.__malloc_lock
                0x100092e0       0x10 /Applications/ArmGNUToolchain/13.2.Rel1/arm-none-eabi/bin/../lib/gcc/arm-none-eabi/13.2.1/../../../../arm-none-eabi/lib/thumb/v6-m/nofp/libg.a(libc_a-mlock.o)
                0x100092e0                __malloc_lock
 .text.__malloc_unlock
                0x100092f0       0x10 /Applications/ArmGNUToolchain/13.2.Rel1/arm-none-eabi/bin/../lib/gcc/arm-none-eabi/13.2.1/../../../../arm-none-eabi/lib/thumb/v6-m/nofp/libg.a(libc_a-mlock.o)
                0x100092f0                __malloc_unlock
 .text._sbrk_r  0x10009300       0x24 /Applications/ArmGNUToolchain/13.2.Rel1/arm-none-eabi/bin/../lib/gcc/arm-none-eabi/13.2.1/../../../../arm-none-eabi/lib/thumb/v6-m/nofp/libg.a(libc_a-sbrkr.o)
                0x10009300                _sbrk_r
 .text.__errno  0x10009324        0xc /Applications/ArmGNUToolchain/13.2.Rel1/arm-none-eabi/bin/../lib/gcc/arm-none-eabi/13.2.1/../../../../arm-none-eabi/lib/thumb/v6-m/nofp/libg.a(libc_a-errno.o)
                0x10009324                __errno
 .text.sysconf  0x10009330       0x1c /Applications/ArmGNUToolchain/13.2.Rel1/arm-none-eabi/bin/../lib/gcc/arm-none-eabi/13.2.1/../../../../arm-none-eabi/lib/thumb/v6-m/nofp/libg.a(libc_a-sysconf.o)
                0x10009330                sysconf
 .text.__retarget_lock_acquire_recursive
                0x1000934c        0x4 /Applications/ArmGNUToolchain/13.2.Rel1/arm-none-eabi/bin/../lib/gcc/arm-none-eabi/13.2.1/../../../../arm-none-eabi/lib/thumb/v6-m/nofp/libg.a(libc_a-lock.o)
                0x1000934c                __retarget_lock_acquire_recursive
 .text.__retarget_lock_release_recursive
                0x10009350        0x4 /Applications/ArmGNUToolchain/13.2.Rel1/arm-none-eabi/bin/../lib/gcc/arm-none-eabi/13.2.1/../../../../arm-none-eabi/lib/thumb/v6-m/nofp/libg.a(libc_a-lock.o)
                0x10009350                __retarget_lock_release_recursive
 .text.strlen   0x10009354       0x5c /Applications/ArmGNUToolchain/13.2.Rel1/arm-none-eabi/bin/../lib/gcc/arm-none-eabi/13.2.1/../../../../arm-none-eabi/lib/thumb/v6-m/nofp/libg.a(libc_a-strlen-stub.o)
                0x10009354                strlen
 .text._malloc_trim_r
                0x100093b0       0xb4 /Applications/ArmGNUToolchain/13.2.Rel1/arm-none-eabi/bin/../lib/gcc/arm-none-eabi/13.2.1/../../../../arm-none-eabi/lib/thumb/v6-m/nofp/libg.a(libc_a-freer.o)
                0x100093b0                _malloc_trim_r
 .text._free_r  0x10009464      0x1d4 /Applications/ArmGNUToolchain/13.2.Rel1/arm-none-eabi/bin/../lib/gcc/arm-none-eabi/13.2.1/../../../../arm-none-eabi/lib/thumb/v6-m/nofp/libg.a(libc_a-freer.o)
                0x10009464                _free_r
 *(.fini)
 .fini          0x10009638        0x4 /Applications/ArmGNUToolchain/13.2.Rel1/arm-none-eabi/bin/../lib/gcc/arm-none-eabi/13.2.1/thumb/v6-m/nofp/crti.o
                0x10009638                _fini
 *fill*         0x1000963c        0x4 
 .fini.__stub   0x10009640       0xf0 linker stubs
 *crtbegin.o(.ctors)
 *crtbegin?.o(.ctors)
 *(EXCLUDE_FILE(*crtend.o *crtend?.o) .ctors)
 *(SORT_BY_NAME(.ctors.*))
 *(.ctors)
 *crtbegin.o(.dtors)
 *crtbegin?.o(.dtors)
 *(EXCLUDE_FILE(*crtend.o *crtend?.o) .dtors)
 *(SORT_BY_NAME(.dtors.*))
 *(.dtors)
 *(.eh_frame*)
 .eh_frame      0x10009730        0x0 /Applications/ArmGNUToolchain/13.2.Rel1/arm-none-eabi/bin/../lib/gcc/arm-none-eabi/13.2.1/thumb/v6-m/nofp/crtbegin.o
                0x10009730                        . = ALIGN (0x4)

.glue_7         0x10009730        0x0
 .glue_7        0x10009730        0x0 linker stubs

.glue_7t        0x10009730        0x0
 .glue_7t       0x10009730        0x0 linker stubs

.vfp11_veneer   0x10009730        0x0
 .vfp11_veneer  0x10009730        0x0 linker stubs

.v4_bx          0x10009730        0x0
 .v4_bx         0x10009730        0x0 linker stubs

.iplt           0x10009730        0x0
 .iplt          0x10009730        0x0 /Applications/ArmGNUToolchain/13.2.Rel1/arm-none-eabi/bin/../lib/gcc/arm-none-eabi/13.2.1/thumb/v6-m/nofp/crtbegin.o

.rodata         0x10009730     0x318c
 *(EXCLUDE_FILE(*libm.a: *libc.a:*lib_a-mem*.o *libgcc.a:) .rodata*)
 .rodata.update_us_since_boot.str1.4
                0x10009730      0xfd1 CMakeFiles/src.dir/main.c.obj
                                 0x68 (size before relaxing)
 *fill*         0x1000a701        0x3 
 .rodata.__func__.0
                0x1000a704       0x15 CMakeFiles/src.dir/main.c.obj
 .rodata.spin_lock_claim_unused.str1.4
                0x1000a719       0x1b CMakeFiles/src.dir/Users/paulbaudinot/pico/pico-sdk/src/rp2_common/hardware_sync/sync.c.obj
 .rodata.resolve_branch.str1.4
                0x1000a719       0x5c CMakeFiles/src.dir/Users/paulbaudinot/pico/pico-sdk/src/rp2_common/hardware_irq/irq.c.obj
 .rodata.make_branch.str1.4
                0x1000a719       0x30 CMakeFiles/src.dir/Users/paulbaudinot/pico/pico-sdk/src/rp2_common/hardware_irq/irq.c.obj
 .rodata.insert_branch_and_link.str1.4
                0x1000a719       0x10 CMakeFiles/src.dir/Users/paulbaudinot/pico/pico-sdk/src/rp2_common/hardware_irq/irq.c.obj
 .rodata.irq_set_exclusive_handler.str1.4
                0x1000a719       0x36 CMakeFiles/src.dir/Users/paulbaudinot/pico/pico-sdk/src/rp2_common/hardware_irq/irq.c.obj
 .rodata.irq_add_shared_handler.str1.4
                0x1000a719       0xc2 CMakeFiles/src.dir/Users/paulbaudinot/pico/pico-sdk/src/rp2_common/hardware_irq/irq.c.obj
 .rodata.irq_remove_handler.str1.4
                0x1000a719       0x3a CMakeFiles/src.dir/Users/paulbaudinot/pico/pico-sdk/src/rp2_common/hardware_irq/irq.c.obj
 .rodata.irq_add_tail_to_free_list.str1.4
                0x1000a719       0x3a CMakeFiles/src.dir/Users/paulbaudinot/pico/pico-sdk/src/rp2_common/hardware_irq/irq.c.obj
 .rodata.user_irq_claim_unused.str1.4
                0x1000a719       0x1b CMakeFiles/src.dir/Users/paulbaudinot/pico/pico-sdk/src/rp2_common/hardware_irq/irq.c.obj
 *fill*         0x1000a719        0x3 
 .rodata.__func__.0
                0x1000a71c       0x1a CMakeFiles/src.dir/Users/paulbaudinot/pico/pico-sdk/src/rp2_common/hardware_irq/irq.c.obj
 *fill*         0x1000a736        0x2 
 .rodata.__func__.1
                0x1000a738       0x17 CMakeFiles/src.dir/Users/paulbaudinot/pico/pico-sdk/src/rp2_common/hardware_irq/irq.c.obj
 *fill*         0x1000a74f        0x1 
 .rodata.__func__.2
                0x1000a750       0x13 CMakeFiles/src.dir/Users/paulbaudinot/pico/pico-sdk/src/rp2_common/hardware_irq/irq.c.obj
 *fill*         0x1000a763        0x1 
 .rodata.__func__.3
                0x1000a764        0xc CMakeFiles/src.dir/Users/paulbaudinot/pico/pico-sdk/src/rp2_common/hardware_irq/irq.c.obj
 .rodata.__func__.4
                0x1000a770        0xf CMakeFiles/src.dir/Users/paulbaudinot/pico/pico-sdk/src/rp2_common/hardware_irq/irq.c.obj
 *fill*         0x1000a77f        0x1 
 .rodata.__func__.5
                0x1000a780       0x17 CMakeFiles/src.dir/Users/paulbaudinot/pico/pico-sdk/src/rp2_common/hardware_irq/irq.c.obj
 *fill*         0x1000a797        0x1 
 .rodata.__func__.6
                0x1000a798       0x1a CMakeFiles/src.dir/Users/paulbaudinot/pico/pico-sdk/src/rp2_common/hardware_irq/irq.c.obj
 .rodata.update_us_since_boot.str1.4
                0x1000a7b2       0x68 CMakeFiles/src.dir/Users/paulbaudinot/pico/pico-sdk/src/common/pico_sync/mutex.c.obj
 .rodata.str1.4
                0x1000a7b2       0x91 CMakeFiles/src.dir/Users/paulbaudinot/pico/pico-sdk/src/common/pico_sync/mutex.c.obj
 *fill*         0x1000a7b2        0x2 
 .rodata.__func__.1
                0x1000a7b4        0xb CMakeFiles/src.dir/Users/paulbaudinot/pico/pico-sdk/src/common/pico_sync/mutex.c.obj
 *fill*         0x1000a7bf        0x1 
 .rodata.__func__.3
                0x1000a7c0       0x18 CMakeFiles/src.dir/Users/paulbaudinot/pico/pico-sdk/src/common/pico_sync/mutex.c.obj
 .rodata.__func__.4
                0x1000a7d8       0x15 CMakeFiles/src.dir/Users/paulbaudinot/pico/pico-sdk/src/common/pico_sync/mutex.c.obj
 .rodata.get_entry.str1.4
                0x1000a7ed       0x62 CMakeFiles/src.dir/Users/paulbaudinot/pico/pico-sdk/src/common/pico_time/time.c.obj
 .rodata.update_us_since_boot.str1.4
                0x1000a7ed       0x68 CMakeFiles/src.dir/Users/paulbaudinot/pico/pico-sdk/src/common/pico_time/time.c.obj
 .rodata.ph_get_node.str1.4
                0x1000a7ed       0x6d CMakeFiles/src.dir/Users/paulbaudinot/pico/pico-sdk/src/common/pico_time/time.c.obj
 .rodata.ph_add_child_node.str1.4
                0x1000a7ed       0x2e CMakeFiles/src.dir/Users/paulbaudinot/pico/pico-sdk/src/common/pico_time/time.c.obj
 .rodata.ph_insert_node.str1.4
                0x1000a7ed        0x3 CMakeFiles/src.dir/Users/paulbaudinot/pico/pico-sdk/src/common/pico_time/time.c.obj
 .rodata.ph_free_node.str1.4
                0x1000a7ed       0x38 CMakeFiles/src.dir/Users/paulbaudinot/pico/pico-sdk/src/common/pico_time/time.c.obj
 .rodata.add_alarm_under_lock.str1.4
                0x1000a7ed       0x28 CMakeFiles/src.dir/Users/paulbaudinot/pico/pico-sdk/src/common/pico_time/time.c.obj
 .rodata.alarm_pool_alarm_callback.str1.4
                0x1000a7ed       0x60 CMakeFiles/src.dir/Users/paulbaudinot/pico/pico-sdk/src/common/pico_time/time.c.obj
 .rodata.alarm_pool_get_default.str1.4
                0x1000a7ed       0x21 CMakeFiles/src.dir/Users/paulbaudinot/pico/pico-sdk/src/common/pico_time/time.c.obj
 .rodata.alarm_pool_cancel_alarm.str1.4
                0x1000a7ed       0x27 CMakeFiles/src.dir/Users/paulbaudinot/pico/pico-sdk/src/common/pico_time/time.c.obj
 .rodata.sleep_until.str1.4
                0x1000a7ed       0x4d CMakeFiles/src.dir/Users/paulbaudinot/pico/pico-sdk/src/common/pico_time/time.c.obj
 *fill*         0x1000a7ed        0x3 
 .rodata.__func__.1
                0x1000a7f0       0x18 CMakeFiles/src.dir/Users/paulbaudinot/pico/pico-sdk/src/common/pico_time/time.c.obj
 .rodata.__func__.3
                0x1000a808       0x17 CMakeFiles/src.dir/Users/paulbaudinot/pico/pico-sdk/src/common/pico_time/time.c.obj
 *fill*         0x1000a81f        0x1 
 .rodata.__func__.4
                0x1000a820       0x12 CMakeFiles/src.dir/Users/paulbaudinot/pico/pico-sdk/src/common/pico_time/time.c.obj
 *fill*         0x1000a832        0x2 
 .rodata.__func__.5
                0x1000a834        0xd CMakeFiles/src.dir/Users/paulbaudinot/pico/pico-sdk/src/common/pico_time/time.c.obj
 *fill*         0x1000a841        0x3 
 .rodata.__func__.6
                0x1000a844       0x12 CMakeFiles/src.dir/Users/paulbaudinot/pico/pico-sdk/src/common/pico_time/time.c.obj
 *fill*         0x1000a856        0x2 
 .rodata.__func__.7
                0x1000a858        0xf CMakeFiles/src.dir/Users/paulbaudinot/pico/pico-sdk/src/common/pico_time/time.c.obj
 *fill*         0x1000a867        0x1 
 .rodata.__func__.8
                0x1000a868        0xc CMakeFiles/src.dir/Users/paulbaudinot/pico/pico-sdk/src/common/pico_time/time.c.obj
 .rodata.__func__.9
                0x1000a874       0x15 CMakeFiles/src.dir/Users/paulbaudinot/pico/pico-sdk/src/common/pico_time/time.c.obj
 *fill*         0x1000a889        0x3 
 .rodata.__func__.10
                0x1000a88c       0x15 CMakeFiles/src.dir/Users/paulbaudinot/pico/pico-sdk/src/common/pico_time/time.c.obj
 *fill*         0x1000a8a1        0x3 
 .rodata.__func__.11
                0x1000a8a4       0x1a CMakeFiles/src.dir/Users/paulbaudinot/pico/pico-sdk/src/common/pico_time/time.c.obj
 *fill*         0x1000a8be        0x2 
 .rodata.__func__.12
                0x1000a8c0        0xa CMakeFiles/src.dir/Users/paulbaudinot/pico/pico-sdk/src/common/pico_time/time.c.obj
 .rodata.hardware_alarm_claim.str1.4
                0x1000a8ca       0x22 CMakeFiles/src.dir/Users/paulbaudinot/pico/pico-sdk/src/rp2_common/hardware_timer/timer.c.obj
 .rodata.hardware_alarm_set_target.str1.4
                0x1000a8ca       0x6c CMakeFiles/src.dir/Users/paulbaudinot/pico/pico-sdk/src/rp2_common/hardware_timer/timer.c.obj
 *fill*         0x1000a8ca        0x2 
 .rodata.__func__.0
                0x1000a8cc       0x1a CMakeFiles/src.dir/Users/paulbaudinot/pico/pico-sdk/src/rp2_common/hardware_timer/timer.c.obj
 .rodata.ph_get_node.str1.4
                0x1000a8e6       0x6d CMakeFiles/src.dir/Users/paulbaudinot/pico/pico-sdk/src/common/pico_util/pheap.c.obj
 .rodata.ph_add_child_node.str1.4
                0x1000a8e6       0x2e CMakeFiles/src.dir/Users/paulbaudinot/pico/pico-sdk/src/common/pico_util/pheap.c.obj
 .rodata.ph_remove_any_head.str1.4
                0x1000a8e6       0xa8 CMakeFiles/src.dir/Users/paulbaudinot/pico/pico-sdk/src/common/pico_util/pheap.c.obj
 .rodata.ph_remove_and_free_node.str1.4
                0x1000a8e6       0x26 CMakeFiles/src.dir/Users/paulbaudinot/pico/pico-sdk/src/common/pico_util/pheap.c.obj
 *fill*         0x1000a8e6        0x2 
 .rodata.__func__.0
                0x1000a8e8       0x18 CMakeFiles/src.dir/Users/paulbaudinot/pico/pico-sdk/src/common/pico_util/pheap.c.obj
 .rodata.__func__.1
                0x1000a900       0x13 CMakeFiles/src.dir/Users/paulbaudinot/pico/pico-sdk/src/common/pico_util/pheap.c.obj
 *fill*         0x1000a913        0x1 
 .rodata.__func__.2
                0x1000a914       0x12 CMakeFiles/src.dir/Users/paulbaudinot/pico/pico-sdk/src/common/pico_util/pheap.c.obj
 *fill*         0x1000a926        0x2 
 .rodata.__func__.3
                0x1000a928        0xc CMakeFiles/src.dir/Users/paulbaudinot/pico/pico-sdk/src/common/pico_util/pheap.c.obj
 .rodata.clock_configure.str1.4
                0x1000a934       0x5e CMakeFiles/src.dir/Users/paulbaudinot/pico/pico-sdk/src/rp2_common/hardware_clocks/clocks.c.obj
 .rodata.__func__.1
                0x1000a934       0x10 CMakeFiles/src.dir/Users/paulbaudinot/pico/pico-sdk/src/rp2_common/hardware_clocks/clocks.c.obj
 .rodata.pll_init.str1.4
                0x1000a944      0x128 CMakeFiles/src.dir/Users/paulbaudinot/pico/pico-sdk/src/rp2_common/hardware_pll/pll.c.obj
 .rodata.__func__.0
                0x1000a944        0x9 CMakeFiles/src.dir/Users/paulbaudinot/pico/pico-sdk/src/rp2_common/hardware_pll/pll.c.obj
 .rodata.__assert_func.str1.4
                0x1000a94d       0x43 CMakeFiles/src.dir/Users/paulbaudinot/pico/pico-sdk/src/rp2_common/pico_runtime/runtime.c.obj
 .rodata.runtime_init.str1.4
                0x1000a94d       0x68 CMakeFiles/src.dir/Users/paulbaudinot/pico/pico-sdk/src/rp2_common/pico_runtime/runtime.c.obj
 .rodata.panic.str1.4
                0x1000a94d       0x12 CMakeFiles/src.dir/Users/paulbaudinot/pico/pico-sdk/src/rp2_common/pico_runtime/runtime.c.obj
 *fill*         0x1000a94d        0x3 
 .rodata.__func__.2
                0x1000a950        0xd CMakeFiles/src.dir/Users/paulbaudinot/pico/pico-sdk/src/rp2_common/pico_runtime/runtime.c.obj
 .rodata._ftoa.str1.4
                0x1000a95d       0x15 CMakeFiles/src.dir/Users/paulbaudinot/pico/pico-sdk/src/rp2_common/pico_printf/printf.c.obj
 *fill*         0x1000a95d        0x3 
 .rodata._vsnprintf
                0x1000a960      0x19c CMakeFiles/src.dir/Users/paulbaudinot/pico/pico-sdk/src/rp2_common/pico_printf/printf.c.obj
 *fill*         0x1000aafc        0x4 
 .rodata.pow10.0
                0x1000ab00       0x50 CMakeFiles/src.dir/Users/paulbaudinot/pico/pico-sdk/src/rp2_common/pico_printf/printf.c.obj
 .rodata.__aeabi_double_init.str1.4
                0x1000ab50       0xa3 CMakeFiles/src.dir/Users/paulbaudinot/pico/pico-sdk/src/rp2_common/pico_double/double_init_rom.c.obj
 .rodata.__func__.0
                0x1000ab50       0x14 CMakeFiles/src.dir/Users/paulbaudinot/pico/pico-sdk/src/rp2_common/pico_double/double_init_rom.c.obj
 .rodata.__aeabi_float_init.str1.4
                0x1000ab64       0x85 CMakeFiles/src.dir/Users/paulbaudinot/pico/pico-sdk/src/rp2_common/pico_float/float_init_rom.c.obj
 .rodata.__func__.0
                0x1000ab64       0x13 CMakeFiles/src.dir/Users/paulbaudinot/pico/pico-sdk/src/rp2_common/pico_float/float_init_rom.c.obj
 .rodata.check_alloc.str1.4
                0x1000ab77        0xe CMakeFiles/src.dir/Users/paulbaudinot/pico/pico-sdk/src/rp2_common/pico_malloc/pico_malloc.c.obj
 .rodata.str1.4
                0x1000ab77       0x38 CMakeFiles/src.dir/Users/paulbaudinot/pico/pico-sdk/src/rp2_common/pico_standard_link/binary_info.c.obj
 *fill*         0x1000ab77        0x1 
 .rodata.__bi_81
                0x1000ab78        0xc CMakeFiles/src.dir/Users/paulbaudinot/pico/pico-sdk/src/rp2_common/pico_standard_link/binary_info.c.obj
 .rodata.__bi_75
                0x1000ab84        0xc CMakeFiles/src.dir/Users/paulbaudinot/pico/pico-sdk/src/rp2_common/pico_standard_link/binary_info.c.obj
 .rodata.__bi_44
                0x1000ab90        0xc CMakeFiles/src.dir/Users/paulbaudinot/pico/pico-sdk/src/rp2_common/pico_standard_link/binary_info.c.obj
 .rodata.update_us_since_boot.str1.4
                0x1000ab9c       0x68 CMakeFiles/src.dir/Users/paulbaudinot/pico/pico-sdk/src/rp2_common/pico_stdio/stdio.c.obj
 .rodata.crlf_str.2
                0x1000ab9c        0x2 CMakeFiles/src.dir/Users/paulbaudinot/pico/pico-sdk/src/rp2_common/pico_stdio/stdio.c.obj
 *fill*         0x1000ab9e        0x2 
 .rodata.__func__.3
                0x1000aba0       0x15 CMakeFiles/src.dir/Users/paulbaudinot/pico/pico-sdk/src/rp2_common/pico_stdio/stdio.c.obj
 *fill*         0x1000abb5        0x3 
 .rodata._resetd_driver
                0x1000abb8       0x18 CMakeFiles/src.dir/Users/paulbaudinot/pico/pico-sdk/src/rp2_common/pico_stdio_usb/reset_interface.c.obj
 .rodata.update_us_since_boot.str1.4
                0x1000abd0       0x68 CMakeFiles/src.dir/Users/paulbaudinot/pico/pico-sdk/src/rp2_common/pico_stdio_usb/stdio_usb.c.obj
 .rodata.stdio_usb_init.str1.4
                0x1000abd0       0x54 CMakeFiles/src.dir/Users/paulbaudinot/pico/pico-sdk/src/rp2_common/pico_stdio_usb/stdio_usb.c.obj
 .rodata.str1.4
                0x1000abd0       0x13 CMakeFiles/src.dir/Users/paulbaudinot/pico/pico-sdk/src/rp2_common/pico_stdio_usb/stdio_usb.c.obj
 .rodata.__bi_182.0
                0x1000abd0        0xc CMakeFiles/src.dir/Users/paulbaudinot/pico/pico-sdk/src/rp2_common/pico_stdio_usb/stdio_usb.c.obj
 .rodata.__func__.1
                0x1000abdc        0xf CMakeFiles/src.dir/Users/paulbaudinot/pico/pico-sdk/src/rp2_common/pico_stdio_usb/stdio_usb.c.obj
 *fill*         0x1000abeb        0x1 
 .rodata.__func__.3
                0x1000abec       0x15 CMakeFiles/src.dir/Users/paulbaudinot/pico/pico-sdk/src/rp2_common/pico_stdio_usb/stdio_usb.c.obj
 .rodata.str1.4
                0x1000ac01       0x2a CMakeFiles/src.dir/Users/paulbaudinot/pico/pico-sdk/src/rp2_common/pico_stdio_usb/stdio_usb_descriptors.c.obj
 *fill*         0x1000ac01        0x3 
 .rodata.usbd_desc_str
                0x1000ac04       0x18 CMakeFiles/src.dir/Users/paulbaudinot/pico/pico-sdk/src/rp2_common/pico_stdio_usb/stdio_usb_descriptors.c.obj
 .rodata.usbd_desc_cfg
                0x1000ac1c       0x54 CMakeFiles/src.dir/Users/paulbaudinot/pico/pico-sdk/src/rp2_common/pico_stdio_usb/stdio_usb_descriptors.c.obj
 .rodata.usbd_desc_device
                0x1000ac70       0x12 CMakeFiles/src.dir/Users/paulbaudinot/pico/pico-sdk/src/rp2_common/pico_stdio_usb/stdio_usb_descriptors.c.obj
 .rodata.pico_get_unique_board_id_string.str1.4
                0x1000ac82       0x54 CMakeFiles/src.dir/Users/paulbaudinot/pico/pico-sdk/src/rp2_common/pico_unique_id/unique_id.c.obj
 *fill*         0x1000ac82        0x2 
 .rodata.__func__.0
                0x1000ac84       0x20 CMakeFiles/src.dir/Users/paulbaudinot/pico/pico-sdk/src/rp2_common/pico_unique_id/unique_id.c.obj
 .rodata.str1.4
                0x1000aca4      0x15e CMakeFiles/src.dir/Users/paulbaudinot/pico/pico-sdk/src/rp2_common/hardware_flash/flash.c.obj
 .rodata.__func__.0
                0x1000aca4        0xd CMakeFiles/src.dir/Users/paulbaudinot/pico/pico-sdk/src/rp2_common/hardware_flash/flash.c.obj
 .rodata._hw_endpoint_alloc.str1.4
                0x1000acb1       0xbd CMakeFiles/src.dir/Users/paulbaudinot/pico/pico-sdk/lib/tinyusb/src/portable/raspberrypi/rp2040/dcd_rp2040.c.obj
 .rodata.str1.4
                0x1000acb1       0x14 CMakeFiles/src.dir/Users/paulbaudinot/pico/pico-sdk/lib/tinyusb/src/portable/raspberrypi/rp2040/dcd_rp2040.c.obj
 .rodata.dcd_int_enable.str1.4
                0x1000acb1        0xc CMakeFiles/src.dir/Users/paulbaudinot/pico/pico-sdk/lib/tinyusb/src/portable/raspberrypi/rp2040/dcd_rp2040.c.obj
 *fill*         0x1000acb1        0x3 
 .rodata.__func__.0
                0x1000acb4        0xe CMakeFiles/src.dir/Users/paulbaudinot/pico/pico-sdk/lib/tinyusb/src/portable/raspberrypi/rp2040/dcd_rp2040.c.obj
 *fill*         0x1000acc2        0x2 
 .rodata.__func__.1
                0x1000acc4        0xe CMakeFiles/src.dir/Users/paulbaudinot/pico/pico-sdk/lib/tinyusb/src/portable/raspberrypi/rp2040/dcd_rp2040.c.obj
 *fill*         0x1000acd2        0x2 
 .rodata.__func__.3